
Note: No compatibility mode selected!


Circuit: ** sch_path: /work/sims/row_decoder/tb_row_decoder_sizing.sch

Doing analysis at TEMP = 27.000000 and TNOM = 27.000000

Using SPARSE 1.3 as Direct Linear Solver
Operating point simulation skipped by 'uic',
  now using transient initial conditions.
 Reference value :  5.00000e-14
 Reference value :  3.28569e-11
 Reference value :  1.64857e-10
 Reference value :  2.90719e-10
 Reference value :  4.10719e-10
 Reference value :  5.25632e-10
 Reference value :  6.43632e-10
 Reference value :  7.64585e-10
 Reference value :  8.91465e-10
 Reference value :  1.01211e-09
 Reference value :  1.13711e-09
 Reference value :  1.26211e-09
 Reference value :  1.38211e-09
 Reference value :  1.49978e-09
 Reference value :  1.62978e-09
 Reference value :  1.75278e-09
 Reference value :  1.87670e-09
 Reference value :  2.00770e-09
 Reference value :  2.13970e-09
 Reference value :  2.26670e-09
 Reference value :  2.39370e-09
 Reference value :  2.52170e-09
 Reference value :  2.62270e-09
 Reference value :  2.75070e-09
 Reference value :  2.88370e-09
 Reference value :  3.01570e-09
 Reference value :  3.14870e-09
 Reference value :  3.28170e-09
 Reference value :  3.41070e-09
 Reference value :  3.54170e-09
 Reference value :  3.67370e-09
 Reference value :  3.80770e-09
 Reference value :  3.93970e-09
 Reference value :  4.07370e-09
 Reference value :  4.20770e-09
 Reference value :  4.34070e-09
 Reference value :  4.46670e-09
 Reference value :  4.59070e-09
 Reference value :  4.71670e-09
 Reference value :  4.84270e-09
 Reference value :  4.97370e-09
 Reference value :  5.07701e-09
 Reference value :  5.19601e-09
 Reference value :  5.31501e-09
 Reference value :  5.44057e-09
 Reference value :  5.56757e-09
 Reference value :  5.69157e-09
 Reference value :  5.81129e-09
 Reference value :  5.92213e-09
 Reference value :  6.04309e-09
 Reference value :  6.17409e-09
 Reference value :  6.30209e-09
 Reference value :  6.42509e-09
 Reference value :  6.54709e-09
 Reference value :  6.66802e-09
 Reference value :  6.79502e-09
 Reference value :  6.92402e-09
 Reference value :  7.05202e-09
 Reference value :  7.17502e-09
 Reference value :  7.30402e-09
 Reference value :  7.43402e-09
 Reference value :  7.56202e-09
 Reference value :  7.69302e-09
 Reference value :  7.82502e-09
 Reference value :  7.95502e-09
 Reference value :  8.08602e-09
 Reference value :  8.21802e-09
 Reference value :  8.34802e-09
 Reference value :  8.47402e-09
 Reference value :  8.58902e-09
 Reference value :  8.71502e-09
 Reference value :  8.84302e-09
 Reference value :  8.96202e-09
 Reference value :  9.09302e-09
 Reference value :  9.22002e-09
 Reference value :  9.34902e-09
 Reference value :  9.47602e-09
 Reference value :  9.60502e-09
 Reference value :  9.73502e-09
 Reference value :  9.86502e-09
 Reference value :  9.98312e-09
 Reference value :  1.00918e-08
 Reference value :  1.02138e-08
 Reference value :  1.03398e-08
 Reference value :  1.04608e-08
 Reference value :  1.05737e-08
 Reference value :  1.06987e-08
 Reference value :  1.08227e-08
 Reference value :  1.09527e-08
 Reference value :  1.10806e-08
 Reference value :  1.12116e-08
 Reference value :  1.13396e-08
 Reference value :  1.14656e-08
 Reference value :  1.15836e-08
 Reference value :  1.17096e-08
 Reference value :  1.18306e-08
 Reference value :  1.19606e-08
 Reference value :  1.20915e-08
 Reference value :  1.22104e-08
 Reference value :  1.23307e-08
 Reference value :  1.24547e-08
 Reference value :  1.25797e-08
 Reference value :  1.27067e-08
 Reference value :  1.28347e-08
 Reference value :  1.29657e-08
 Reference value :  1.30967e-08
 Reference value :  1.32287e-08
 Reference value :  1.33587e-08
 Reference value :  1.34877e-08
 Reference value :  1.36167e-08
 Reference value :  1.37477e-08
 Reference value :  1.38797e-08
 Reference value :  1.40107e-08
 Reference value :  1.41417e-08
 Reference value :  1.42757e-08
 Reference value :  1.44087e-08
 Reference value :  1.45212e-08
 Reference value :  1.46360e-08
 Reference value :  1.47650e-08
 Reference value :  1.48850e-08
 Reference value :  1.50032e-08
 Reference value :  1.51097e-08
 Reference value :  1.52285e-08
 Reference value :  1.53564e-08
 Reference value :  1.54791e-08
 Reference value :  1.56021e-08
 Reference value :  1.57290e-08
 Reference value :  1.58339e-08
 Reference value :  1.59461e-08
 Reference value :  1.60671e-08
 Reference value :  1.61961e-08
 Reference value :  1.63221e-08
 Reference value :  1.64461e-08
 Reference value :  1.65660e-08
 Reference value :  1.66840e-08
 Reference value :  1.68080e-08
 Reference value :  1.69320e-08
 Reference value :  1.70549e-08
 Reference value :  1.71748e-08
 Reference value :  1.73008e-08
 Reference value :  1.74258e-08
 Reference value :  1.75508e-08
 Reference value :  1.76778e-08
 Reference value :  1.78048e-08
 Reference value :  1.79318e-08
 Reference value :  1.80588e-08
 Reference value :  1.81868e-08
 Reference value :  1.83108e-08
 Reference value :  1.84218e-08
 Reference value :  1.85328e-08
 Reference value :  1.86448e-08
 Reference value :  1.87568e-08
 Reference value :  1.88788e-08
 Reference value :  1.90038e-08
 Reference value :  1.91298e-08
 Reference value :  1.92558e-08
 Reference value :  1.93818e-08
 Reference value :  1.95038e-08
 Reference value :  1.96298e-08
 Reference value :  1.97558e-08
 Reference value :  1.98828e-08
 Reference value :  2.00078e-08
 Reference value :  2.01328e-08
 Reference value :  2.02528e-08
 Reference value :  2.03708e-08
 Reference value :  2.04908e-08
 Reference value :  2.06118e-08
 Reference value :  2.07338e-08
 Reference value :  2.08548e-08
 Reference value :  2.09738e-08
 Reference value :  2.10978e-08
 Reference value :  2.12228e-08
 Reference value :  2.13478e-08
 Reference value :  2.14638e-08
 Reference value :  2.15638e-08
 Reference value :  2.16748e-08
 Reference value :  2.17858e-08
 Reference value :  2.19058e-08
 Reference value :  2.20130e-08
 Reference value :  2.21124e-08
 Reference value :  2.22314e-08
 Reference value :  2.23473e-08
 Reference value :  2.24643e-08
 Reference value :  2.25763e-08
 Reference value :  2.26973e-08
 Reference value :  2.28223e-08
 Reference value :  2.29473e-08
 Reference value :  2.30713e-08
 Reference value :  2.31913e-08
 Reference value :  2.33133e-08
 Reference value :  2.34392e-08
 Reference value :  2.35572e-08
 Reference value :  2.36762e-08
 Reference value :  2.38012e-08
 Reference value :  2.39262e-08
 Reference value :  2.40492e-08
 Reference value :  2.41492e-08
 Reference value :  2.42591e-08
 Reference value :  2.43781e-08
 Reference value :  2.44981e-08
 Reference value :  2.46221e-08
 Reference value :  2.47491e-08
 Reference value :  2.48751e-08
 Reference value :  2.49991e-08
 Reference value :  2.51201e-08
 Reference value :  2.52451e-08
 Reference value :  2.53721e-08
 Reference value :  2.54991e-08
 Reference value :  2.56251e-08
 Reference value :  2.57521e-08
 Reference value :  2.58781e-08
 Reference value :  2.60031e-08
 Reference value :  2.61241e-08
 Reference value :  2.62441e-08
 Reference value :  2.63661e-08
 Reference value :  2.64881e-08
 Reference value :  2.66141e-08
 Reference value :  2.67411e-08
 Reference value :  2.68631e-08
 Reference value :  2.69871e-08
No. of Data Rows : 27186
binary raw file "waveform.raw"
ngspice-44.2 done
