
Note: No compatibility mode selected!


Circuit: ** sch_path: /work/sims/row_decoder/tb_row_decoder_sizing.sch

Doing analysis at TEMP = -40.000000 and TNOM = 27.000000

Using SPARSE 1.3 as Direct Linear Solver
Operating point simulation skipped by 'uic',
  now using transient initial conditions.
 Reference value :  2.50000e-14
 Reference value :  5.18750e-11
 Reference value :  1.08625e-10
 Reference value :  1.72375e-10
 Reference value :  2.31125e-10
 Reference value :  2.95125e-10
 Reference value :  3.60875e-10
 Reference value :  4.33125e-10
 Reference value :  5.11375e-10
 Reference value :  5.85125e-10
 Reference value :  6.57125e-10
 Reference value :  7.36375e-10
 Reference value :  8.06875e-10
 Reference value :  8.67875e-10
 Reference value :  9.32375e-10
 Reference value :  9.97125e-10
 Reference value :  1.07113e-09
 Reference value :  1.14363e-09
 Reference value :  1.21063e-09
 Reference value :  1.28388e-09
 Reference value :  1.33738e-09
 Reference value :  1.39413e-09
 Reference value :  1.44288e-09
 Reference value :  1.51688e-09
 Reference value :  1.58113e-09
 Reference value :  1.64813e-09
 Reference value :  1.71713e-09
 Reference value :  1.78763e-09
 Reference value :  1.85463e-09
 Reference value :  1.91463e-09
 Reference value :  1.97938e-09
 Reference value :  2.05313e-09
 Reference value :  2.12713e-09
 Reference value :  2.18988e-09
 Reference value :  2.26863e-09
 Reference value :  2.33913e-09
 Reference value :  2.40312e-09
 Reference value :  2.46687e-09
 Reference value :  2.52312e-09
 Reference value :  2.58312e-09
 Reference value :  2.64787e-09
 Reference value :  2.72937e-09
 Reference value :  2.79537e-09
 Reference value :  2.87487e-09
 Reference value :  2.94562e-09
 Reference value :  3.01887e-09
 Reference value :  3.08912e-09
 Reference value :  3.14937e-09
 Reference value :  3.21312e-09
 Reference value :  3.28762e-09
 Reference value :  3.34737e-09
 Reference value :  3.41737e-09
 Reference value :  3.48237e-09
 Reference value :  3.54937e-09
 Reference value :  3.61237e-09
 Reference value :  3.67537e-09
 Reference value :  3.74962e-09
 Reference value :  3.82662e-09
 Reference value :  3.89387e-09
 Reference value :  3.97212e-09
 Reference value :  4.04212e-09
 Reference value :  4.11312e-09
 Reference value :  4.18512e-09
 Reference value :  4.25362e-09
 Reference value :  4.32137e-09
 Reference value :  4.39463e-09
 Reference value :  4.45738e-09
 Reference value :  4.52413e-09
 Reference value :  4.60038e-09
 Reference value :  4.66688e-09
 Reference value :  4.74088e-09
 Reference value :  4.81838e-09
 Reference value :  4.88063e-09
 Reference value :  4.94188e-09
 Reference value :  5.01088e-09
 Reference value :  5.07913e-09
 Reference value :  5.14288e-09
 Reference value :  5.20663e-09
 Reference value :  5.27338e-09
 Reference value :  5.33813e-09
 Reference value :  5.39588e-09
 Reference value :  5.45138e-09
 Reference value :  5.50063e-09
 Reference value :  5.55313e-09
 Reference value :  5.60313e-09
 Reference value :  5.65488e-09
 Reference value :  5.69763e-09
 Reference value :  5.73813e-09
 Reference value :  5.78013e-09
 Reference value :  5.81963e-09
 Reference value :  5.86838e-09
 Reference value :  5.91613e-09
 Reference value :  5.96663e-09
 Reference value :  6.01688e-09
 Reference value :  6.06513e-09
 Reference value :  6.11413e-09
 Reference value :  6.16938e-09
 Reference value :  6.22713e-09
 Reference value :  6.28663e-09
 Reference value :  6.35038e-09
 Reference value :  6.40013e-09
 Reference value :  6.44113e-09
 Reference value :  6.47888e-09
 Reference value :  6.52413e-09
 Reference value :  6.57988e-09
 Reference value :  6.62738e-09
 Reference value :  6.69038e-09
 Reference value :  6.74263e-09
 Reference value :  6.79663e-09
 Reference value :  6.84838e-09
 Reference value :  6.90663e-09
 Reference value :  6.95738e-09
 Reference value :  7.01388e-09
 Reference value :  7.06963e-09
 Reference value :  7.13238e-09
 Reference value :  7.18663e-09
 Reference value :  7.24663e-09
 Reference value :  7.30338e-09
 Reference value :  7.36963e-09
 Reference value :  7.42138e-09
 Reference value :  7.47613e-09
 Reference value :  7.52638e-09
 Reference value :  7.58513e-09
 Reference value :  7.64913e-09
 Reference value :  7.70738e-09
 Reference value :  7.76838e-09
 Reference value :  7.83288e-09
 Reference value :  7.89713e-09
 Reference value :  7.96663e-09
 Reference value :  8.02838e-09
 Reference value :  8.09338e-09
 Reference value :  8.16088e-09
 Reference value :  8.22338e-09
 Reference value :  8.28838e-09
 Reference value :  8.34738e-09
 Reference value :  8.41038e-09
 Reference value :  8.48063e-09
 Reference value :  8.54813e-09
 Reference value :  8.61638e-09
 Reference value :  8.68238e-09
 Reference value :  8.74713e-09
 Reference value :  8.81288e-09
 Reference value :  8.87863e-09
 Reference value :  8.95063e-09
 Reference value :  9.02088e-09
 Reference value :  9.07788e-09
 Reference value :  9.13563e-09
 Reference value :  9.19313e-09
 Reference value :  9.25463e-09
 Reference value :  9.31713e-09
 Reference value :  9.39288e-09
 Reference value :  9.46663e-09
 Reference value :  9.54038e-09
 Reference value :  9.61363e-09
 Reference value :  9.68763e-09
 Reference value :  9.77138e-09
 Reference value :  9.84663e-09
 Reference value :  9.92813e-09
 Reference value :  1.00149e-08
 Reference value :  1.01011e-08
 Reference value :  1.01739e-08
 Reference value :  1.02544e-08
 Reference value :  1.03426e-08
 Reference value :  1.04211e-08
 Reference value :  1.04909e-08
 Reference value :  1.05731e-08
 Reference value :  1.06456e-08
 Reference value :  1.07194e-08
 Reference value :  1.08009e-08
 Reference value :  1.08829e-08
 Reference value :  1.09629e-08
 Reference value :  1.10439e-08
 Reference value :  1.11124e-08
 Reference value :  1.12011e-08
 Reference value :  1.12829e-08
 Reference value :  1.13569e-08
 Reference value :  1.14404e-08
 Reference value :  1.15234e-08
 Reference value :  1.16116e-08
 Reference value :  1.16824e-08
 Reference value :  1.17611e-08
 Reference value :  1.18289e-08
 Reference value :  1.19066e-08
 Reference value :  1.19769e-08
 Reference value :  1.20536e-08
 Reference value :  1.21399e-08
 Reference value :  1.22151e-08
 Reference value :  1.22819e-08
 Reference value :  1.23681e-08
 Reference value :  1.24456e-08
 Reference value :  1.25316e-08
 Reference value :  1.26144e-08
 Reference value :  1.26926e-08
 Reference value :  1.27651e-08
 Reference value :  1.28396e-08
 Reference value :  1.29241e-08
 Reference value :  1.30069e-08
 Reference value :  1.30851e-08
 Reference value :  1.31541e-08
 Reference value :  1.32274e-08
 Reference value :  1.33084e-08
 Reference value :  1.33711e-08
 Reference value :  1.34339e-08
 Reference value :  1.34886e-08
 Reference value :  1.35601e-08
 Reference value :  1.36311e-08
 Reference value :  1.37071e-08
 Reference value :  1.37866e-08
 Reference value :  1.38721e-08
 Reference value :  1.39529e-08
 Reference value :  1.40321e-08
 Reference value :  1.41131e-08
 Reference value :  1.41896e-08
 Reference value :  1.42654e-08
 Reference value :  1.43356e-08
 Reference value :  1.44166e-08
 Reference value :  1.44879e-08
 Reference value :  1.45691e-08
 Reference value :  1.46474e-08
 Reference value :  1.47259e-08
 Reference value :  1.48041e-08
 Reference value :  1.48704e-08
 Reference value :  1.49479e-08
 Reference value :  1.50256e-08
 Reference value :  1.51004e-08
 Reference value :  1.51784e-08
 Reference value :  1.52536e-08
 Reference value :  1.53274e-08
 Reference value :  1.54084e-08
 Reference value :  1.54881e-08
 Reference value :  1.55586e-08
 Reference value :  1.56384e-08
 Reference value :  1.57156e-08
 Reference value :  1.57906e-08
 Reference value :  1.58614e-08
 Reference value :  1.59381e-08
 Reference value :  1.60061e-08
 Reference value :  1.60779e-08
 Reference value :  1.61489e-08
 Reference value :  1.62236e-08
 Reference value :  1.62991e-08
 Reference value :  1.63599e-08
 Reference value :  1.64376e-08
 Reference value :  1.65224e-08
 Reference value :  1.65944e-08
 Reference value :  1.66659e-08
 Reference value :  1.67326e-08
 Reference value :  1.68089e-08
 Reference value :  1.68841e-08
 Reference value :  1.69726e-08
 Reference value :  1.70624e-08
 Reference value :  1.71399e-08
 Reference value :  1.72119e-08
 Reference value :  1.72861e-08
 Reference value :  1.73651e-08
 Reference value :  1.74389e-08
 Reference value :  1.75096e-08
 Reference value :  1.75804e-08
 Reference value :  1.76499e-08
 Reference value :  1.77171e-08
 Reference value :  1.77859e-08
 Reference value :  1.78571e-08
 Reference value :  1.79349e-08
 Reference value :  1.80076e-08
 Reference value :  1.80826e-08
 Reference value :  1.81581e-08
 Reference value :  1.82361e-08
 Reference value :  1.83104e-08
 Reference value :  1.83851e-08
 Reference value :  1.84579e-08
 Reference value :  1.85291e-08
 Reference value :  1.86061e-08
 Reference value :  1.86614e-08
 Reference value :  1.87266e-08
 Reference value :  1.88019e-08
 Reference value :  1.88811e-08
 Reference value :  1.89589e-08
 Reference value :  1.90421e-08
 Reference value :  1.91244e-08
 Reference value :  1.92061e-08
 Reference value :  1.92824e-08
 Reference value :  1.93706e-08
 Reference value :  1.94549e-08
 Reference value :  1.95406e-08
 Reference value :  1.96411e-08
 Reference value :  1.97401e-08
 Reference value :  1.98269e-08
 Reference value :  1.99094e-08
 Reference value :  2.00024e-08
 Reference value :  2.00904e-08
 Reference value :  2.01711e-08
 Reference value :  2.02729e-08
 Reference value :  2.03659e-08
 Reference value :  2.04566e-08
 Reference value :  2.05521e-08
 Reference value :  2.06371e-08
 Reference value :  2.07184e-08
 Reference value :  2.08041e-08
 Reference value :  2.08896e-08
 Reference value :  2.09884e-08
 Reference value :  2.10801e-08
 Reference value :  2.11679e-08
 Reference value :  2.12476e-08
 Reference value :  2.13256e-08
 Reference value :  2.14179e-08
 Reference value :  2.15129e-08
 Reference value :  2.15904e-08
 Reference value :  2.16769e-08
 Reference value :  2.17661e-08
 Reference value :  2.18616e-08
 Reference value :  2.19416e-08
 Reference value :  2.20201e-08
 Reference value :  2.21081e-08
 Reference value :  2.21951e-08
 Reference value :  2.22801e-08
 Reference value :  2.23636e-08
 Reference value :  2.24589e-08
 Reference value :  2.25594e-08
 Reference value :  2.26496e-08
 Reference value :  2.27344e-08
 Reference value :  2.28164e-08
 Reference value :  2.29011e-08
 Reference value :  2.29896e-08
 Reference value :  2.30799e-08
 Reference value :  2.31709e-08
 Reference value :  2.32516e-08
 Reference value :  2.33339e-08
 Reference value :  2.34231e-08
 Reference value :  2.35026e-08
 Reference value :  2.35764e-08
 Reference value :  2.36484e-08
 Reference value :  2.37151e-08
 Reference value :  2.37909e-08
 Reference value :  2.38659e-08
 Reference value :  2.39469e-08
 Reference value :  2.40314e-08
 Reference value :  2.41174e-08
 Reference value :  2.41981e-08
 Reference value :  2.42869e-08
 Reference value :  2.43664e-08
 Reference value :  2.44554e-08
 Reference value :  2.45459e-08
 Reference value :  2.46364e-08
 Reference value :  2.47259e-08
 Reference value :  2.48159e-08
 Reference value :  2.49001e-08
 Reference value :  2.49906e-08
 Reference value :  2.50714e-08
 Reference value :  2.51599e-08
 Reference value :  2.52511e-08
 Reference value :  2.53384e-08
 Reference value :  2.54264e-08
 Reference value :  2.55156e-08
 Reference value :  2.56031e-08
 Reference value :  2.56899e-08
 Reference value :  2.57799e-08
 Reference value :  2.58636e-08
 Reference value :  2.59539e-08
 Reference value :  2.60471e-08
 Reference value :  2.61384e-08
 Reference value :  2.62241e-08
 Reference value :  2.63026e-08
 Reference value :  2.63764e-08
 Reference value :  2.64589e-08
 Reference value :  2.65364e-08
 Reference value :  2.66351e-08
 Reference value :  2.67256e-08
 Reference value :  2.68149e-08
 Reference value :  2.69004e-08
 Reference value :  2.69679e-08
 Reference value :  2.70611e-08
 Reference value :  2.71454e-08
 Reference value :  2.72411e-08
 Reference value :  2.73101e-08
 Reference value :  2.73829e-08
 Reference value :  2.74669e-08
 Reference value :  2.75441e-08
 Reference value :  2.76276e-08
 Reference value :  2.77021e-08
 Reference value :  2.77939e-08
 Reference value :  2.78764e-08
 Reference value :  2.79669e-08
 Reference value :  2.80666e-08
 Reference value :  2.81571e-08
 Reference value :  2.82391e-08
 Reference value :  2.83374e-08
 Reference value :  2.84249e-08
 Reference value :  2.85124e-08
 Reference value :  2.85966e-08
 Reference value :  2.86866e-08
 Reference value :  2.87769e-08
 Reference value :  2.88656e-08
 Reference value :  2.89511e-08
 Reference value :  2.90271e-08
 Reference value :  2.91119e-08
 Reference value :  2.92036e-08
 Reference value :  2.92871e-08
 Reference value :  2.93636e-08
 Reference value :  2.94564e-08
 Reference value :  2.95351e-08
 Reference value :  2.96224e-08
 Reference value :  2.97139e-08
 Reference value :  2.97936e-08
 Reference value :  2.98739e-08
 Reference value :  2.99624e-08
No. of Data Rows : 120042
binary raw file "waveform.raw"
ngspice-44.2 done

Checking parameters for BSIM 4.5 model x5.xmn1:nshort_model.48
Warning: Eta0 = -0.0286127 is negative.

Checking parameters for BSIM 4.5 model x4.xmn1:nshort_model.48
Warning: Eta0 = -0.0286127 is negative.

Checking parameters for BSIM 4.5 model x3.xmn1:nshort_model.48
Warning: Eta0 = -0.0286127 is negative.

Checking parameters for BSIM 4.5 model x2.xmn1:nshort_model.48
Warning: Eta0 = -0.0286127 is negative.
