
Note: No compatibility mode selected!


Circuit: * row_address_capture setup/hold screen: ss

Doing analysis at TEMP = -40.000000 and TNOM = 27.000000

Using SPARSE 1.3 as Direct Linear Solver

Initial Transient Solution
--------------------------

Node                                   Voltage
----                                   -------
vss                                          0
vdd                                       1.62
clk                                          0
d_a0_rise_m0500                              0
d_a0_rise_m0300                              0
d_a0_rise_m0200                              0
d_a0_rise_m0150                              0
d_a0_rise_m0100                              0
d_a0_rise_m0075                              0
d_a0_rise_m0050                              0
d_a0_rise_m0025                              0
d_a0_rise_p0000                              0
d_a0_rise_p0010                              0
d_a0_rise_p0025                              0
d_a0_rise_p0050                              0
d_a0_rise_p0100                              0
d_a0_rise_p0200                              0
d_a0_fall_m0500                           1.62
d_a0_fall_m0300                           1.62
d_a0_fall_m0200                           1.62
d_a0_fall_m0150                           1.62
d_a0_fall_m0100                           1.62
d_a0_fall_m0075                           1.62
d_a0_fall_m0050                           1.62
d_a0_fall_m0025                           1.62
d_a0_fall_p0000                           1.62
d_a0_fall_p0010                           1.62
d_a0_fall_p0025                           1.62
d_a0_fall_p0050                           1.62
d_a0_fall_p0100                           1.62
d_a0_fall_p0200                           1.62
d_a1_rise_m0500                              0
d_a1_rise_m0300                              0
d_a1_rise_m0200                              0
d_a1_rise_m0150                              0
d_a1_rise_m0100                              0
d_a1_rise_m0075                              0
d_a1_rise_m0050                              0
d_a1_rise_m0025                              0
d_a1_rise_p0000                              0
d_a1_rise_p0010                              0
d_a1_rise_p0025                              0
d_a1_rise_p0050                              0
d_a1_rise_p0100                              0
d_a1_rise_p0200                              0
d_a1_fall_m0500                           1.62
d_a1_fall_m0300                           1.62
d_a1_fall_m0200                           1.62
d_a1_fall_m0150                           1.62
d_a1_fall_m0100                           1.62
d_a1_fall_m0075                           1.62
d_a1_fall_m0050                           1.62
d_a1_fall_m0025                           1.62
d_a1_fall_p0000                           1.62
d_a1_fall_p0010                           1.62
d_a1_fall_p0025                           1.62
d_a1_fall_p0050                           1.62
d_a1_fall_p0100                           1.62
d_a1_fall_p0200                           1.62
q_a0_rise_m0500                           1.62
q_a0_rise_m0300                           1.62
q_a0_rise_m0200                           1.62
q_a0_rise_m0150                           1.62
q_a0_rise_m0100                           1.62
q_a0_rise_m0075                           1.62
q_a0_rise_m0050                           1.62
q_a0_rise_m0025                           1.62
q_a0_rise_p0000                           1.62
q_a0_rise_p0010                           1.62
q_a0_rise_p0025                           1.62
q_a0_rise_p0050                           1.62
q_a0_rise_p0100                           1.62
q_a0_rise_p0200                           1.62
q_a0_fall_m0500                           1.62
q_a0_fall_m0300                           1.62
q_a0_fall_m0200                           1.62
q_a0_fall_m0150                           1.62
q_a0_fall_m0100                           1.62
q_a0_fall_m0075                           1.62
q_a0_fall_m0050                           1.62
q_a0_fall_m0025                           1.62
q_a0_fall_p0000                           1.62
q_a0_fall_p0010                           1.62
q_a0_fall_p0025                           1.62
q_a0_fall_p0050                           1.62
q_a0_fall_p0100                           1.62
q_a0_fall_p0200                           1.62
q_a1_rise_m0500                           1.62
q_a1_rise_m0300                           1.62
q_a1_rise_m0200                           1.62
q_a1_rise_m0150                           1.62
q_a1_rise_m0100                           1.62
q_a1_rise_m0075                           1.62
q_a1_rise_m0050                           1.62
q_a1_rise_m0025                           1.62
q_a1_rise_p0000                           1.62
q_a1_rise_p0010                           1.62
q_a1_rise_p0025                           1.62
q_a1_rise_p0050                           1.62
q_a1_rise_p0100                           1.62
q_a1_rise_p0200                           1.62
q_a1_fall_m0500                           1.62
q_a1_fall_m0300                           1.62
q_a1_fall_m0200                           1.62
q_a1_fall_m0150                           1.62
q_a1_fall_m0100                           1.62
q_a1_fall_m0075                           1.62
q_a1_fall_m0050                           1.62
q_a1_fall_m0025                           1.62
q_a1_fall_p0000                           1.62
q_a1_fall_p0010                           1.62
q_a1_fall_p0025                           1.62
q_a1_fall_p0050                           1.62
q_a1_fall_p0100                           1.62
q_a1_fall_p0200                           1.62
va1_fall_p0200#branch                        0
va1_fall_p0100#branch                        0
va1_fall_p0050#branch                        0
va1_fall_p0025#branch                        0
va1_fall_p0010#branch                        0
va1_fall_p0000#branch                        0
va1_fall_m0025#branch                        0
va1_fall_m0050#branch                        0
va1_fall_m0075#branch                        0
va1_fall_m0100#branch                        0
va1_fall_m0150#branch                        0
va1_fall_m0200#branch                        0
va1_fall_m0300#branch                        0
va1_fall_m0500#branch                        0
va1_rise_p0200#branch                        0
va1_rise_p0100#branch                        0
va1_rise_p0050#branch                        0
va1_rise_p0025#branch                        0
va1_rise_p0010#branch                        0
va1_rise_p0000#branch                        0
va1_rise_m0025#branch                        0
va1_rise_m0050#branch                        0
va1_rise_m0075#branch                        0
va1_rise_m0100#branch                        0
va1_rise_m0150#branch                        0
va1_rise_m0200#branch                        0
va1_rise_m0300#branch                        0
va1_rise_m0500#branch                        0
va0_fall_p0200#branch                        0
va0_fall_p0100#branch                        0
va0_fall_p0050#branch                        0
va0_fall_p0025#branch                        0
va0_fall_p0010#branch                        0
va0_fall_p0000#branch                        0
va0_fall_m0025#branch                        0
va0_fall_m0050#branch                        0
va0_fall_m0075#branch                        0
va0_fall_m0100#branch                        0
va0_fall_m0150#branch                        0
va0_fall_m0200#branch                        0
va0_fall_m0300#branch                        0
va0_fall_m0500#branch                        0
va0_rise_p0200#branch                        0
va0_rise_p0100#branch                        0
va0_rise_p0050#branch                        0
va0_rise_p0025#branch                        0
va0_rise_p0010#branch                        0
va0_rise_p0000#branch                        0
va0_rise_m0025#branch                        0
va0_rise_m0050#branch                        0
va0_rise_m0075#branch                        0
va0_rise_m0100#branch                        0
va0_rise_m0150#branch                        0
va0_rise_m0200#branch                        0
va0_rise_m0300#branch                        0
va0_rise_m0500#branch                        0
vclk#branch                                  0
vdd_src#branch                    -1.26408e-09
vss_src#branch                    -6.97198e-13

 Reference value :  0.00000e+00
 Reference value :  1.28000e-12
 Reference value :  1.65600e-11
 Reference value :  3.05600e-11
 Reference value :  4.65600e-11
 Reference value :  6.25600e-11
 Reference value :  7.45600e-11
 Reference value :  8.85600e-11
 Reference value :  1.02560e-10
 Reference value :  1.14560e-10
 Reference value :  1.26560e-10
 Reference value :  1.38560e-10
 Reference value :  1.50560e-10
 Reference value :  1.62560e-10
 Reference value :  1.74560e-10
 Reference value :  1.86560e-10
 Reference value :  1.98560e-10
 Reference value :  2.10560e-10
 Reference value :  2.22560e-10
 Reference value :  2.32560e-10
 Reference value :  2.42560e-10
 Reference value :  2.54560e-10
 Reference value :  2.66560e-10
 Reference value :  2.78560e-10
 Reference value :  2.90560e-10
 Reference value :  3.02560e-10
 Reference value :  3.12560e-10
 Reference value :  3.26560e-10
 Reference value :  3.38560e-10
 Reference value :  3.48560e-10
 Reference value :  3.60560e-10
 Reference value :  3.72560e-10
 Reference value :  3.84560e-10
 Reference value :  3.96560e-10
 Reference value :  4.10560e-10
 Reference value :  4.22560e-10
 Reference value :  4.36560e-10
 Reference value :  4.50560e-10
 Reference value :  4.62560e-10
 Reference value :  4.76560e-10
 Reference value :  4.90560e-10
 Reference value :  5.04560e-10
 Reference value :  5.18560e-10
 Reference value :  5.30560e-10
 Reference value :  5.44560e-10
 Reference value :  5.58560e-10
 Reference value :  5.70560e-10
 Reference value :  5.84560e-10
 Reference value :  5.96560e-10
 Reference value :  6.08560e-10
 Reference value :  6.20560e-10
 Reference value :  6.32560e-10
 Reference value :  6.46560e-10
 Reference value :  6.60560e-10
 Reference value :  6.72560e-10
 Reference value :  6.86560e-10
 Reference value :  7.00560e-10
 Reference value :  7.10560e-10
 Reference value :  7.24560e-10
 Reference value :  7.36560e-10
 Reference value :  7.48560e-10
 Reference value :  7.62560e-10
 Reference value :  7.74560e-10
 Reference value :  7.86560e-10
 Reference value :  8.00560e-10
 Reference value :  8.12560e-10
 Reference value :  8.24560e-10
 Reference value :  8.38560e-10
 Reference value :  8.50560e-10
 Reference value :  8.62560e-10
 Reference value :  8.76560e-10
 Reference value :  8.88560e-10
 Reference value :  9.02560e-10
 Reference value :  9.12560e-10
 Reference value :  9.26560e-10
 Reference value :  9.38560e-10
 Reference value :  9.48560e-10
 Reference value :  9.58560e-10
 Reference value :  9.70560e-10
 Reference value :  9.75600e-10
 Reference value :  9.86000e-10
 Reference value :  9.96000e-10
 Reference value :  1.00600e-09
 Reference value :  1.01600e-09
 Reference value :  1.02500e-09
 Reference value :  1.03200e-09
 Reference value :  1.04200e-09
 Reference value :  1.05200e-09
 Reference value :  1.06200e-09
 Reference value :  1.07000e-09
 Reference value :  1.08000e-09
 Reference value :  1.09400e-09
 Reference value :  1.10600e-09
 Reference value :  1.11600e-09
 Reference value :  1.12800e-09
 Reference value :  1.13800e-09
 Reference value :  1.14800e-09
 Reference value :  1.15800e-09
 Reference value :  1.16800e-09
 Reference value :  1.17800e-09
 Reference value :  1.18800e-09
 Reference value :  1.19800e-09
 Reference value :  1.21000e-09
 Reference value :  1.22200e-09
 Reference value :  1.23400e-09
 Reference value :  1.24400e-09
 Reference value :  1.25400e-09
 Reference value :  1.26400e-09
 Reference value :  1.27200e-09
 Reference value :  1.28200e-09
 Reference value :  1.29200e-09
 Reference value :  1.30200e-09
 Reference value :  1.31200e-09
 Reference value :  1.32000e-09
 Reference value :  1.33000e-09
 Reference value :  1.34000e-09
 Reference value :  1.34800e-09
 Reference value :  1.35800e-09
 Reference value :  1.37200e-09
 Reference value :  1.38400e-09
 Reference value :  1.39400e-09
 Reference value :  1.40400e-09
 Reference value :  1.41400e-09
 Reference value :  1.42600e-09
 Reference value :  1.43800e-09
 Reference value :  1.44800e-09
 Reference value :  1.46000e-09
 Reference value :  1.47200e-09
 Reference value :  1.48400e-09
 Reference value :  1.49400e-09
 Reference value :  1.49800e-09
 Reference value :  1.50600e-09
 Reference value :  1.51400e-09
 Reference value :  1.52400e-09
 Reference value :  1.53600e-09
 Reference value :  1.54800e-09
 Reference value :  1.56000e-09
 Reference value :  1.57200e-09
 Reference value :  1.58200e-09
 Reference value :  1.59400e-09
 Reference value :  1.60600e-09
 Reference value :  1.61600e-09
 Reference value :  1.62400e-09
 Reference value :  1.63400e-09
 Reference value :  1.64600e-09
 Reference value :  1.65800e-09
 Reference value :  1.67000e-09
 Reference value :  1.68400e-09
 Reference value :  1.69800e-09
 Reference value :  1.71000e-09
 Reference value :  1.72400e-09
 Reference value :  1.73800e-09
 Reference value :  1.75000e-09
 Reference value :  1.76400e-09
 Reference value :  1.77800e-09
 Reference value :  1.79000e-09
 Reference value :  1.80400e-09
 Reference value :  1.81800e-09
 Reference value :  1.83000e-09
 Reference value :  1.84400e-09
 Reference value :  1.85600e-09
 Reference value :  1.86600e-09
 Reference value :  1.88000e-09
 Reference value :  1.89400e-09
 Reference value :  1.90600e-09
 Reference value :  1.92000e-09
 Reference value :  1.93400e-09
 Reference value :  1.94600e-09
 Reference value :  1.96000e-09
 Reference value :  1.97200e-09
 Reference value :  1.97640e-09
 Reference value :  1.98800e-09
 Reference value :  1.99800e-09
 Reference value :  2.01000e-09
 Reference value :  2.02000e-09
 Reference value :  2.02560e-09
 Reference value :  2.03400e-09
 Reference value :  2.04800e-09
 Reference value :  2.06000e-09
 Reference value :  2.07400e-09
 Reference value :  2.08600e-09
 Reference value :  2.09800e-09
 Reference value :  2.10600e-09
 Reference value :  2.11600e-09
 Reference value :  2.12600e-09
 Reference value :  2.13400e-09
 Reference value :  2.14400e-09
 Reference value :  2.15600e-09
 Reference value :  2.16400e-09
 Reference value :  2.17400e-09
 Reference value :  2.18200e-09
 Reference value :  2.19200e-09
 Reference value :  2.20600e-09
 Reference value :  2.22000e-09
 Reference value :  2.23200e-09
 Reference value :  2.24400e-09
 Reference value :  2.25600e-09
 Reference value :  2.26800e-09
 Reference value :  2.28200e-09
 Reference value :  2.29600e-09
 Reference value :  2.30800e-09
 Reference value :  2.32200e-09
 Reference value :  2.33400e-09
 Reference value :  2.34600e-09
 Reference value :  2.36000e-09
 Reference value :  2.37400e-09
 Reference value :  2.38800e-09
 Reference value :  2.40200e-09
 Reference value :  2.41600e-09
 Reference value :  2.42800e-09
 Reference value :  2.44200e-09
 Reference value :  2.45600e-09
 Reference value :  2.46800e-09
 Reference value :  2.47560e-09
 Reference value :  2.48400e-09
 Reference value :  2.49400e-09
 Reference value :  2.50400e-09
 Reference value :  2.51400e-09
 Reference value :  2.52200e-09
 Reference value :  2.52640e-09
 Reference value :  2.53400e-09
 Reference value :  2.54600e-09
 Reference value :  2.55600e-09
 Reference value :  2.56800e-09
 Reference value :  2.57800e-09
 Reference value :  2.58800e-09
 Reference value :  2.59600e-09
 Reference value :  2.60600e-09
 Reference value :  2.61800e-09
 Reference value :  2.63000e-09
 Reference value :  2.64000e-09
 Reference value :  2.64800e-09
 Reference value :  2.65600e-09
 Reference value :  2.66400e-09
 Reference value :  2.67200e-09
 Reference value :  2.67520e-09
 Reference value :  2.68000e-09
 Reference value :  2.68800e-09
 Reference value :  2.69800e-09
 Reference value :  2.70800e-09
 Reference value :  2.71800e-09
 Reference value :  2.72500e-09
 Reference value :  2.72800e-09
 Reference value :  2.73400e-09
 Reference value :  2.74400e-09
 Reference value :  2.75400e-09
 Reference value :  2.76400e-09
 Reference value :  2.77400e-09
 Reference value :  2.77640e-09
 Reference value :  2.78400e-09
 Reference value :  2.79200e-09
 Reference value :  2.80000e-09
 Reference value :  2.80800e-09
 Reference value :  2.81600e-09
 Reference value :  2.82400e-09
 Reference value :  2.82800e-09
 Reference value :  2.83600e-09
 Reference value :  2.84400e-09
 Reference value :  2.85200e-09
 Reference value :  2.86000e-09
 Reference value :  2.87000e-09
 Reference value :  2.87560e-09
 Reference value :  2.88200e-09
 Reference value :  2.89200e-09
 Reference value :  2.90020e-09
 Reference value :  2.90700e-09
 Reference value :  2.91700e-09
 Reference value :  2.92520e-09
 Reference value :  2.93000e-09
 Reference value :  2.94000e-09
 Reference value :  2.94800e-09
 Reference value :  2.95300e-09
 Reference value :  2.96100e-09
 Reference value :  2.97100e-09
 Reference value :  2.97560e-09
 Reference value :  2.98400e-09
 Reference value :  2.98560e-09
 Reference value :  2.99400e-09
 Reference value :  3.00020e-09
 Reference value :  3.00700e-09
 Reference value :  3.01700e-09
 Reference value :  3.02500e-09
 Reference value :  3.03000e-09
 Reference value :  3.03520e-09
 Reference value :  3.04000e-09
 Reference value :  3.05000e-09
 Reference value :  3.05300e-09
 Reference value :  3.06300e-09
 Reference value :  3.07300e-09
 Reference value :  3.07640e-09
 Reference value :  3.08600e-09
 Reference value :  3.09400e-09
 Reference value :  3.10200e-09
 Reference value :  3.11200e-09
 Reference value :  3.12000e-09
 Reference value :  3.12520e-09
 Reference value :  3.13000e-09
 Reference value :  3.13800e-09
 Reference value :  3.14800e-09
 Reference value :  3.15800e-09
 Reference value :  3.16600e-09
 Reference value :  3.17400e-09
 Reference value :  3.17800e-09
 Reference value :  3.18800e-09
 Reference value :  3.19600e-09
 Reference value :  3.20600e-09
 Reference value :  3.21600e-09
 Reference value :  3.22500e-09
 Reference value :  3.23000e-09
 Reference value :  3.24000e-09
 Reference value :  3.25000e-09
 Reference value :  3.25800e-09
 Reference value :  3.26800e-09
 Reference value :  3.27800e-09
 Reference value :  3.28800e-09
 Reference value :  3.29800e-09
 Reference value :  3.30800e-09
 Reference value :  3.32000e-09
 Reference value :  3.33000e-09
 Reference value :  3.34000e-09
 Reference value :  3.35000e-09
 Reference value :  3.36000e-09
 Reference value :  3.37000e-09
 Reference value :  3.38000e-09
 Reference value :  3.39000e-09
 Reference value :  3.40000e-09
 Reference value :  3.41000e-09
 Reference value :  3.41800e-09
 Reference value :  3.42800e-09
 Reference value :  3.43800e-09
 Reference value :  3.44800e-09
 Reference value :  3.45800e-09
 Reference value :  3.46600e-09
 Reference value :  3.47600e-09
 Reference value :  3.48400e-09
 Reference value :  3.49200e-09
 Reference value :  3.50200e-09
 Reference value :  3.50800e-09
 Reference value :  3.51800e-09
 Reference value :  3.52600e-09
 Reference value :  3.53800e-09
 Reference value :  3.54600e-09
 Reference value :  3.55400e-09
 Reference value :  3.56600e-09
 Reference value :  3.57800e-09
 Reference value :  3.59000e-09
 Reference value :  3.60200e-09
 Reference value :  3.61600e-09
 Reference value :  3.62800e-09
 Reference value :  3.64000e-09
 Reference value :  3.65200e-09
 Reference value :  3.66400e-09
 Reference value :  3.67800e-09
 Reference value :  3.69000e-09
 Reference value :  3.70200e-09
 Reference value :  3.71400e-09
 Reference value :  3.72800e-09
 Reference value :  3.74000e-09
 Reference value :  3.75200e-09
 Reference value :  3.76600e-09
 Reference value :  3.77600e-09
 Reference value :  3.78200e-09
 Reference value :  3.79400e-09
 Reference value :  3.80600e-09
 Reference value :  3.81800e-09
 Reference value :  3.83000e-09
 Reference value :  3.84000e-09
 Reference value :  3.85200e-09
 Reference value :  3.86200e-09
 Reference value :  3.87400e-09
 Reference value :  3.88600e-09
 Reference value :  3.89800e-09
 Reference value :  3.91000e-09
 Reference value :  3.92200e-09
 Reference value :  3.93400e-09
 Reference value :  3.94400e-09
 Reference value :  3.95600e-09
 Reference value :  3.96800e-09
 Reference value :  3.97520e-09
 Reference value :  3.98200e-09
 Reference value :  3.99400e-09
 Reference value :  4.00400e-09
 Reference value :  4.01400e-09
 Reference value :  4.02200e-09
 Reference value :  4.02640e-09
 Reference value :  4.03600e-09
 Reference value :  4.04800e-09
 Reference value :  4.06200e-09
 Reference value :  4.07400e-09
 Reference value :  4.08600e-09
 Reference value :  4.09600e-09
 Reference value :  4.10400e-09
 Reference value :  4.11400e-09
 Reference value :  4.12400e-09
 Reference value :  4.13400e-09
 Reference value :  4.14200e-09
 Reference value :  4.15200e-09
 Reference value :  4.16200e-09
 Reference value :  4.17000e-09
 Reference value :  4.17800e-09
 Reference value :  4.18800e-09
 Reference value :  4.19600e-09
 Reference value :  4.20400e-09
 Reference value :  4.21400e-09
 Reference value :  4.22400e-09
 Reference value :  4.23600e-09
 Reference value :  4.24800e-09
 Reference value :  4.26000e-09
 Reference value :  4.27000e-09
 Reference value :  4.28000e-09
 Reference value :  4.29000e-09
 Reference value :  4.29800e-09
 Reference value :  4.30600e-09
 Reference value :  4.31600e-09
 Reference value :  4.32800e-09
 Reference value :  4.34200e-09
 Reference value :  4.35400e-09
 Reference value :  4.36400e-09
 Reference value :  4.37600e-09
 Reference value :  4.38600e-09
 Reference value :  4.39600e-09
 Reference value :  4.40400e-09
 Reference value :  4.41200e-09
 Reference value :  4.42200e-09
 Reference value :  4.43200e-09
 Reference value :  4.44400e-09
 Reference value :  4.45800e-09
 Reference value :  4.47200e-09
 Reference value :  4.48600e-09
 Reference value :  4.49600e-09
No. of Data Rows : 2332
binary raw file "/work/sims/row_decoder/results/row_address_setup_hold_tt_ss_ff_20261010/ss/waveform.raw"
ngspice-44.2 done
