
Note: No compatibility mode selected!


Circuit: ** sch_path: /work/sims/row_decoder/tb_row_decoder_sizing.sch

Doing analysis at TEMP = 27.000000 and TNOM = 27.000000

Using SPARSE 1.3 as Direct Linear Solver
Operating point simulation skipped by 'uic',
  now using transient initial conditions.
 Reference value :  5.00000e-14
 Reference value :  3.12744e-11
 Reference value :  1.60274e-10
 Reference value :  2.94807e-10
 Reference value :  4.44807e-10
 Reference value :  5.87589e-10
 Reference value :  7.37540e-10
 Reference value :  8.70906e-10
 Reference value :  9.81051e-10
 Reference value :  1.09405e-09
 Reference value :  1.20398e-09
 Reference value :  1.32698e-09
 Reference value :  1.46185e-09
 Reference value :  1.59485e-09
 Reference value :  1.73585e-09
 Reference value :  1.86768e-09
 Reference value :  2.02468e-09
 Reference value :  2.18668e-09
 Reference value :  2.34568e-09
 Reference value :  2.50468e-09
 Reference value :  2.66768e-09
 Reference value :  2.83168e-09
 Reference value :  2.99168e-09
 Reference value :  3.14768e-09
 Reference value :  3.30468e-09
 Reference value :  3.46068e-09
 Reference value :  3.62168e-09
 Reference value :  3.78368e-09
 Reference value :  3.94668e-09
 Reference value :  4.10968e-09
 Reference value :  4.27168e-09
 Reference value :  4.43368e-09
 Reference value :  4.59568e-09
 Reference value :  4.75868e-09
 Reference value :  4.91968e-09
 Reference value :  5.06082e-09
 Reference value :  5.21282e-09
 Reference value :  5.37473e-09
 Reference value :  5.53273e-09
 Reference value :  5.67973e-09
 Reference value :  5.81550e-09
 Reference value :  5.96250e-09
 Reference value :  6.11741e-09
 Reference value :  6.27741e-09
 Reference value :  6.43841e-09
 Reference value :  6.59141e-09
 Reference value :  6.75066e-09
 Reference value :  6.91166e-09
 Reference value :  7.07158e-09
 Reference value :  7.22158e-09
 Reference value :  7.38358e-09
 Reference value :  7.54658e-09
 Reference value :  7.71058e-09
 Reference value :  7.87458e-09
 Reference value :  8.03258e-09
 Reference value :  8.18658e-09
 Reference value :  8.34258e-09
 Reference value :  8.50058e-09
 Reference value :  8.66058e-09
 Reference value :  8.82158e-09
 Reference value :  8.98458e-09
 Reference value :  9.14758e-09
 Reference value :  9.31058e-09
 Reference value :  9.47258e-09
 Reference value :  9.63458e-09
 Reference value :  9.79558e-09
 Reference value :  9.95458e-09
 Reference value :  1.00774e-08
 Reference value :  1.02364e-08
 Reference value :  1.03983e-08
 Reference value :  1.05553e-08
 Reference value :  1.07053e-08
 Reference value :  1.08613e-08
 Reference value :  1.10153e-08
 Reference value :  1.11733e-08
 Reference value :  1.13343e-08
 Reference value :  1.14952e-08
 Reference value :  1.16462e-08
 Reference value :  1.17912e-08
 Reference value :  1.19452e-08
 Reference value :  1.21022e-08
 Reference value :  1.22460e-08
 Reference value :  1.24110e-08
 Reference value :  1.25780e-08
 Reference value :  1.27450e-08
 Reference value :  1.29120e-08
 Reference value :  1.30740e-08
 Reference value :  1.32330e-08
 Reference value :  1.33950e-08
 Reference value :  1.35550e-08
 Reference value :  1.37160e-08
 Reference value :  1.38810e-08
 Reference value :  1.40280e-08
 Reference value :  1.41900e-08
 Reference value :  1.43560e-08
 Reference value :  1.45160e-08
 Reference value :  1.46730e-08
 Reference value :  1.48310e-08
 Reference value :  1.49751e-08
 Reference value :  1.51018e-08
 Reference value :  1.52548e-08
 Reference value :  1.53900e-08
 Reference value :  1.55519e-08
 Reference value :  1.57079e-08
 Reference value :  1.58595e-08
 Reference value :  1.60155e-08
 Reference value :  1.61764e-08
 Reference value :  1.63414e-08
 Reference value :  1.65044e-08
 Reference value :  1.66527e-08
 Reference value :  1.68137e-08
 Reference value :  1.69703e-08
 Reference value :  1.71235e-08
 Reference value :  1.72715e-08
 Reference value :  1.74275e-08
 Reference value :  1.75895e-08
 Reference value :  1.77565e-08
 Reference value :  1.79225e-08
 Reference value :  1.80875e-08
 Reference value :  1.82495e-08
 Reference value :  1.84105e-08
 Reference value :  1.85745e-08
 Reference value :  1.87355e-08
 Reference value :  1.89015e-08
 Reference value :  1.90685e-08
 Reference value :  1.92345e-08
 Reference value :  1.93995e-08
 Reference value :  1.95585e-08
 Reference value :  1.97015e-08
 Reference value :  1.98555e-08
 Reference value :  2.00125e-08
 Reference value :  2.01775e-08
 Reference value :  2.03445e-08
 Reference value :  2.05115e-08
 Reference value :  2.06732e-08
 Reference value :  2.08076e-08
 Reference value :  2.09686e-08
 Reference value :  2.11315e-08
 Reference value :  2.12895e-08
 Reference value :  2.14495e-08
 Reference value :  2.16155e-08
 Reference value :  2.17805e-08
 Reference value :  2.19435e-08
 Reference value :  2.21035e-08
 Reference value :  2.22534e-08
 Reference value :  2.24044e-08
 Reference value :  2.25604e-08
 Reference value :  2.27243e-08
 Reference value :  2.28803e-08
 Reference value :  2.30352e-08
 Reference value :  2.32022e-08
 Reference value :  2.33662e-08
 Reference value :  2.35312e-08
 Reference value :  2.36932e-08
 Reference value :  2.38432e-08
 Reference value :  2.40062e-08
 Reference value :  2.41732e-08
 Reference value :  2.43402e-08
 Reference value :  2.45062e-08
 Reference value :  2.46652e-08
 Reference value :  2.48242e-08
 Reference value :  2.49832e-08
 Reference value :  2.51412e-08
 Reference value :  2.53062e-08
 Reference value :  2.54732e-08
 Reference value :  2.56402e-08
No. of Data Rows : 25878
binary raw file "waveform.raw"
ngspice-44.2 done
