
Note: No compatibility mode selected!


Circuit: ** sch_path: /work/sims/row_decoder/tb_row_decoder_sizing.sch

Doing analysis at TEMP = 27.000000 and TNOM = 27.000000

Using SPARSE 1.3 as Direct Linear Solver
Operating point simulation skipped by 'uic',
  now using transient initial conditions.
 Reference value :  5.00000e-14
 Reference value :  2.87736e-11
 Reference value :  1.47774e-10
 Reference value :  2.69187e-10
 Reference value :  3.85931e-10
 Reference value :  5.06931e-10
 Reference value :  6.25791e-10
 Reference value :  7.52791e-10
 Reference value :  8.78791e-10
 Reference value :  9.94907e-10
 Reference value :  1.11682e-09
 Reference value :  1.23282e-09
 Reference value :  1.35082e-09
 Reference value :  1.46076e-09
 Reference value :  1.57676e-09
 Reference value :  1.69176e-09
 Reference value :  1.80083e-09
 Reference value :  1.92173e-09
 Reference value :  2.04573e-09
 Reference value :  2.17373e-09
 Reference value :  2.29573e-09
 Reference value :  2.42873e-09
 Reference value :  2.55973e-09
 Reference value :  2.69273e-09
 Reference value :  2.82273e-09
 Reference value :  2.95173e-09
 Reference value :  3.07073e-09
 Reference value :  3.16873e-09
 Reference value :  3.27073e-09
 Reference value :  3.37673e-09
 Reference value :  3.49073e-09
 Reference value :  3.59073e-09
 Reference value :  3.68673e-09
 Reference value :  3.78773e-09
 Reference value :  3.89373e-09
 Reference value :  4.01473e-09
 Reference value :  4.13773e-09
 Reference value :  4.26773e-09
 Reference value :  4.39773e-09
 Reference value :  4.52873e-09
 Reference value :  4.62973e-09
 Reference value :  4.72973e-09
 Reference value :  4.83273e-09
 Reference value :  4.94773e-09
 Reference value :  5.04020e-09
 Reference value :  5.12320e-09
 Reference value :  5.22719e-09
 Reference value :  5.33819e-09
 Reference value :  5.45919e-09
 Reference value :  5.58019e-09
 Reference value :  5.69491e-09
 Reference value :  5.80743e-09
 Reference value :  5.90413e-09
 Reference value :  6.02213e-09
 Reference value :  6.15013e-09
 Reference value :  6.27713e-09
 Reference value :  6.40313e-09
 Reference value :  6.52413e-09
 Reference value :  6.64104e-09
 Reference value :  6.76104e-09
 Reference value :  6.88304e-09
 Reference value :  6.99804e-09
 Reference value :  7.11304e-09
 Reference value :  7.22304e-09
 Reference value :  7.34804e-09
 Reference value :  7.47404e-09
 Reference value :  7.59804e-09
 Reference value :  7.72004e-09
 Reference value :  7.84604e-09
 Reference value :  7.97504e-09
 Reference value :  8.10604e-09
 Reference value :  8.23304e-09
 Reference value :  8.36204e-09
 Reference value :  8.48704e-09
 Reference value :  8.61004e-09
 Reference value :  8.73004e-09
 Reference value :  8.85204e-09
 Reference value :  8.96704e-09
 Reference value :  9.08204e-09
 Reference value :  9.19904e-09
 Reference value :  9.32304e-09
 Reference value :  9.45004e-09
 Reference value :  9.57404e-09
 Reference value :  9.69804e-09
 Reference value :  9.82604e-09
 Reference value :  9.94404e-09
 Reference value :  1.00430e-08
 Reference value :  1.01476e-08
 Reference value :  1.02626e-08
 Reference value :  1.03776e-08
 Reference value :  1.04905e-08
 Reference value :  1.05995e-08
 Reference value :  1.07165e-08
 Reference value :  1.08375e-08
 Reference value :  1.09584e-08
 Reference value :  1.10794e-08
 Reference value :  1.11984e-08
 Reference value :  1.13134e-08
 Reference value :  1.14284e-08
 Reference value :  1.15354e-08
 Reference value :  1.16484e-08
 Reference value :  1.17684e-08
 Reference value :  1.18904e-08
 Reference value :  1.20073e-08
 Reference value :  1.21173e-08
 Reference value :  1.22129e-08
 Reference value :  1.23129e-08
 Reference value :  1.24229e-08
 Reference value :  1.25409e-08
 Reference value :  1.26609e-08
 Reference value :  1.27829e-08
 Reference value :  1.29039e-08
 Reference value :  1.30249e-08
 Reference value :  1.31419e-08
 Reference value :  1.32579e-08
 Reference value :  1.33739e-08
 Reference value :  1.34939e-08
 Reference value :  1.36139e-08
 Reference value :  1.37369e-08
 Reference value :  1.38539e-08
 Reference value :  1.39639e-08
 Reference value :  1.40699e-08
 Reference value :  1.41789e-08
 Reference value :  1.42859e-08
 Reference value :  1.44049e-08
 Reference value :  1.45170e-08
 Reference value :  1.46294e-08
 Reference value :  1.47484e-08
 Reference value :  1.48684e-08
 Reference value :  1.49751e-08
 Reference value :  1.50658e-08
 Reference value :  1.51724e-08
 Reference value :  1.52904e-08
 Reference value :  1.54124e-08
 Reference value :  1.55324e-08
 Reference value :  1.56424e-08
 Reference value :  1.57456e-08
 Reference value :  1.58262e-08
 Reference value :  1.59203e-08
 Reference value :  1.60222e-08
 Reference value :  1.61422e-08
 Reference value :  1.62622e-08
 Reference value :  1.63842e-08
 Reference value :  1.65052e-08
 Reference value :  1.66172e-08
 Reference value :  1.67319e-08
 Reference value :  1.68449e-08
 Reference value :  1.69584e-08
 Reference value :  1.70758e-08
 Reference value :  1.71928e-08
 Reference value :  1.73158e-08
 Reference value :  1.74298e-08
 Reference value :  1.75378e-08
 Reference value :  1.76468e-08
 Reference value :  1.77558e-08
 Reference value :  1.78678e-08
 Reference value :  1.79878e-08
 Reference value :  1.81118e-08
 Reference value :  1.82348e-08
 Reference value :  1.83558e-08
 Reference value :  1.84758e-08
 Reference value :  1.85938e-08
 Reference value :  1.87098e-08
 Reference value :  1.88278e-08
 Reference value :  1.89498e-08
 Reference value :  1.90738e-08
 Reference value :  1.91978e-08
 Reference value :  1.93098e-08
 Reference value :  1.94188e-08
 Reference value :  1.95288e-08
 Reference value :  1.96378e-08
 Reference value :  1.97538e-08
 Reference value :  1.98758e-08
 Reference value :  1.99998e-08
 Reference value :  2.01238e-08
 Reference value :  2.02418e-08
 Reference value :  2.03618e-08
 Reference value :  2.04768e-08
 Reference value :  2.05908e-08
 Reference value :  2.06920e-08
 Reference value :  2.07884e-08
 Reference value :  2.09004e-08
 Reference value :  2.10224e-08
 Reference value :  2.11311e-08
 Reference value :  2.12401e-08
 Reference value :  2.13401e-08
 Reference value :  2.14401e-08
 Reference value :  2.15491e-08
 Reference value :  2.16671e-08
 Reference value :  2.17851e-08
 Reference value :  2.19071e-08
 Reference value :  2.20281e-08
 Reference value :  2.21441e-08
 Reference value :  2.22551e-08
 Reference value :  2.23651e-08
 Reference value :  2.24830e-08
 Reference value :  2.26050e-08
 Reference value :  2.27270e-08
 Reference value :  2.28390e-08
 Reference value :  2.29363e-08
 Reference value :  2.30383e-08
 Reference value :  2.31413e-08
 Reference value :  2.32453e-08
 Reference value :  2.33543e-08
 Reference value :  2.34673e-08
 Reference value :  2.35803e-08
 Reference value :  2.36933e-08
 Reference value :  2.38053e-08
 Reference value :  2.39113e-08
 Reference value :  2.40193e-08
 Reference value :  2.41303e-08
 Reference value :  2.42343e-08
 Reference value :  2.43453e-08
 Reference value :  2.44533e-08
 Reference value :  2.45613e-08
 Reference value :  2.46673e-08
 Reference value :  2.47703e-08
 Reference value :  2.48743e-08
 Reference value :  2.49813e-08
 Reference value :  2.50903e-08
 Reference value :  2.51973e-08
 Reference value :  2.53093e-08
 Reference value :  2.54213e-08
 Reference value :  2.55223e-08
 Reference value :  2.56263e-08
No. of Data Rows : 25895
binary raw file "waveform.raw"
ngspice-44.2 done
