
Note: No compatibility mode selected!


Circuit: ** sch_path: /work/sims/row_decoder/tb_row_decoder_sizing.sch

Doing analysis at TEMP = -40.000000 and TNOM = 27.000000

Using SPARSE 1.3 as Direct Linear Solver
Operating point simulation skipped by 'uic',
  now using transient initial conditions.
 Reference value :  5.00000e-14
 Reference value :  4.20500e-10
 Reference value :  8.05500e-10
 Reference value :  1.21450e-09
 Reference value :  1.57950e-09
 Reference value :  2.00450e-09
 Reference value :  2.44950e-09
 Reference value :  2.90450e-09
 Reference value :  3.34650e-09
 Reference value :  3.78850e-09
 Reference value :  4.26750e-09
 Reference value :  4.71250e-09
 Reference value :  5.17350e-09
 Reference value :  5.58650e-09
 Reference value :  6.01950e-09
 Reference value :  6.45150e-09
 Reference value :  6.88950e-09
 Reference value :  7.34650e-09
 Reference value :  7.78150e-09
 Reference value :  8.24850e-09
 Reference value :  8.66650e-09
 Reference value :  9.08550e-09
 Reference value :  9.51750e-09
 Reference value :  9.91850e-09
 Reference value :  1.03355e-08
 Reference value :  1.07685e-08
 Reference value :  1.12275e-08
 Reference value :  1.16685e-08
 Reference value :  1.21145e-08
 Reference value :  1.25685e-08
 Reference value :  1.30135e-08
 Reference value :  1.34585e-08
 Reference value :  1.38905e-08
 Reference value :  1.42555e-08
 Reference value :  1.46955e-08
 Reference value :  1.51545e-08
 Reference value :  1.55785e-08
 Reference value :  1.60385e-08
 Reference value :  1.64695e-08
 Reference value :  1.69255e-08
 Reference value :  1.73685e-08
 Reference value :  1.77795e-08
 Reference value :  1.81955e-08
 Reference value :  1.85995e-08
 Reference value :  1.90405e-08
 Reference value :  1.93865e-08
 Reference value :  1.98445e-08
 Reference value :  2.02885e-08
 Reference value :  2.06945e-08
 Reference value :  2.11655e-08
 Reference value :  2.15905e-08
 Reference value :  2.20225e-08
 Reference value :  2.24805e-08
 Reference value :  2.29415e-08
 Reference value :  2.33955e-08
 Reference value :  2.38465e-08
 Reference value :  2.42985e-08
 Reference value :  2.47325e-08
 Reference value :  2.51305e-08
 Reference value :  2.56005e-08
 Reference value :  2.60405e-08
 Reference value :  2.64835e-08
 Reference value :  2.69375e-08
 Reference value :  2.74095e-08
 Reference value :  2.78455e-08
 Reference value :  2.82795e-08
 Reference value :  2.87315e-08
 Reference value :  2.91885e-08
 Reference value :  2.96455e-08
No. of Data Rows : 30044
binary raw file "waveform.raw"
ngspice-44.2 done

Checking parameters for BSIM 4.5 model x5.xmn1:nshort_model.48
Warning: Eta0 = -0.0286127 is negative.

Checking parameters for BSIM 4.5 model x4.xmn1:nshort_model.48
Warning: Eta0 = -0.0286127 is negative.

Checking parameters for BSIM 4.5 model x3.xmn1:nshort_model.48
Warning: Eta0 = -0.0286127 is negative.

Checking parameters for BSIM 4.5 model x2.xmn1:nshort_model.48
Warning: Eta0 = -0.0286127 is negative.
