
Note: No compatibility mode selected!


Circuit: ** sch_path: /work/sims/row_decoder/tb_row_decoder_sizing.sch

Doing analysis at TEMP = 27.000000 and TNOM = 27.000000

Using SPARSE 1.3 as Direct Linear Solver
Operating point simulation skipped by 'uic',
  now using transient initial conditions.
 Reference value :  5.00000e-14
 Reference value :  6.22744e-11
 Reference value :  2.15239e-10
 Reference value :  3.58807e-10
 Reference value :  5.07807e-10
 Reference value :  6.54589e-10
 Reference value :  8.00465e-10
 Reference value :  9.41906e-10
 Reference value :  1.08705e-09
 Reference value :  1.23398e-09
 Reference value :  1.38298e-09
 Reference value :  1.53385e-09
 Reference value :  1.69085e-09
 Reference value :  1.83068e-09
 Reference value :  1.98568e-09
 Reference value :  2.14168e-09
 Reference value :  2.29568e-09
 Reference value :  2.44968e-09
 Reference value :  2.60168e-09
 Reference value :  2.74468e-09
 Reference value :  2.90368e-09
 Reference value :  3.06368e-09
 Reference value :  3.20868e-09
 Reference value :  3.36168e-09
 Reference value :  3.51868e-09
 Reference value :  3.67968e-09
 Reference value :  3.84068e-09
 Reference value :  4.00168e-09
 Reference value :  4.16168e-09
 Reference value :  4.31968e-09
 Reference value :  4.47768e-09
 Reference value :  4.63268e-09
 Reference value :  4.78868e-09
 Reference value :  4.94168e-09
 Reference value :  5.07082e-09
 Reference value :  5.22182e-09
 Reference value :  5.38173e-09
 Reference value :  5.53973e-09
 Reference value :  5.69273e-09
 Reference value :  5.84150e-09
 Reference value :  5.99750e-09
 Reference value :  6.15641e-09
 Reference value :  6.31641e-09
 Reference value :  6.47441e-09
 Reference value :  6.62292e-09
 Reference value :  6.77966e-09
 Reference value :  6.92566e-09
 Reference value :  7.07558e-09
 Reference value :  7.21758e-09
 Reference value :  7.37258e-09
 Reference value :  7.52458e-09
 Reference value :  7.68358e-09
 Reference value :  7.84358e-09
 Reference value :  8.00058e-09
 Reference value :  8.15758e-09
 Reference value :  8.31558e-09
 Reference value :  8.47458e-09
 Reference value :  8.63558e-09
 Reference value :  8.79658e-09
 Reference value :  8.95658e-09
 Reference value :  9.11858e-09
 Reference value :  9.27758e-09
 Reference value :  9.43558e-09
 Reference value :  9.58958e-09
 Reference value :  9.74358e-09
 Reference value :  9.89858e-09
 Reference value :  1.00311e-08
 Reference value :  1.01814e-08
 Reference value :  1.03413e-08
 Reference value :  1.04833e-08
 Reference value :  1.06323e-08
 Reference value :  1.07893e-08
 Reference value :  1.09453e-08
 Reference value :  1.11043e-08
 Reference value :  1.12633e-08
 Reference value :  1.14223e-08
 Reference value :  1.15732e-08
 Reference value :  1.17272e-08
 Reference value :  1.18832e-08
 Reference value :  1.20342e-08
 Reference value :  1.21792e-08
 Reference value :  1.23200e-08
 Reference value :  1.24740e-08
 Reference value :  1.26350e-08
 Reference value :  1.27970e-08
 Reference value :  1.29580e-08
 Reference value :  1.31180e-08
 Reference value :  1.32730e-08
 Reference value :  1.34340e-08
 Reference value :  1.35910e-08
 Reference value :  1.37500e-08
 Reference value :  1.39090e-08
 Reference value :  1.40690e-08
 Reference value :  1.42280e-08
 Reference value :  1.43850e-08
 Reference value :  1.45220e-08
 Reference value :  1.46720e-08
 Reference value :  1.48200e-08
 Reference value :  1.49692e-08
 Reference value :  1.50958e-08
 Reference value :  1.52528e-08
 Reference value :  1.53879e-08
 Reference value :  1.55379e-08
 Reference value :  1.56809e-08
 Reference value :  1.58305e-08
 Reference value :  1.59845e-08
 Reference value :  1.61434e-08
 Reference value :  1.63014e-08
 Reference value :  1.64594e-08
 Reference value :  1.66074e-08
 Reference value :  1.67536e-08
 Reference value :  1.69006e-08
 Reference value :  1.70485e-08
 Reference value :  1.71943e-08
 Reference value :  1.73463e-08
 Reference value :  1.75053e-08
 Reference value :  1.76653e-08
 Reference value :  1.78223e-08
 Reference value :  1.79663e-08
 Reference value :  1.81203e-08
 Reference value :  1.82813e-08
 Reference value :  1.84443e-08
 Reference value :  1.86073e-08
 Reference value :  1.87693e-08
 Reference value :  1.89323e-08
 Reference value :  1.90833e-08
 Reference value :  1.92383e-08
 Reference value :  1.93933e-08
 Reference value :  1.95503e-08
 Reference value :  1.97073e-08
 Reference value :  1.98623e-08
 Reference value :  2.00243e-08
 Reference value :  2.01863e-08
 Reference value :  2.03473e-08
 Reference value :  2.05083e-08
 Reference value :  2.06642e-08
 Reference value :  2.07966e-08
 Reference value :  2.09576e-08
 Reference value :  2.11185e-08
 Reference value :  2.12745e-08
 Reference value :  2.14355e-08
 Reference value :  2.15964e-08
 Reference value :  2.17544e-08
 Reference value :  2.19114e-08
 Reference value :  2.20514e-08
 Reference value :  2.22053e-08
 Reference value :  2.23463e-08
 Reference value :  2.25043e-08
 Reference value :  2.26652e-08
 Reference value :  2.28202e-08
 Reference value :  2.29601e-08
 Reference value :  2.31201e-08
 Reference value :  2.32801e-08
 Reference value :  2.34421e-08
 Reference value :  2.36031e-08
 Reference value :  2.37641e-08
 Reference value :  2.39251e-08
 Reference value :  2.40841e-08
 Reference value :  2.42201e-08
 Reference value :  2.43411e-08
 Reference value :  2.44601e-08
 Reference value :  2.45901e-08
 Reference value :  2.47331e-08
 Reference value :  2.48641e-08
 Reference value :  2.49881e-08
 Reference value :  2.51091e-08
 Reference value :  2.52311e-08
 Reference value :  2.53681e-08
 Reference value :  2.55041e-08
 Reference value :  2.56601e-08
No. of Data Rows : 25866
binary raw file "waveform.raw"
ngspice-44.2 done
