
Note: No compatibility mode selected!


Circuit: ** sch_path: /work/sims/row_decoder/tb_row_decoder_sizing.sch

Doing analysis at TEMP = 27.000000 and TNOM = 27.000000

Using SPARSE 1.3 as Direct Linear Solver
Operating point simulation skipped by 'uic',
  now using transient initial conditions.
 Reference value :  5.00000e-14
 Reference value :  5.94500e-10
 Reference value :  1.17750e-09
 Reference value :  1.80150e-09
 Reference value :  2.48350e-09
 Reference value :  3.10750e-09
 Reference value :  3.78950e-09
 Reference value :  4.49450e-09
 Reference value :  5.19850e-09
 Reference value :  5.88450e-09
 Reference value :  6.60250e-09
 Reference value :  7.35050e-09
 Reference value :  8.04650e-09
 Reference value :  8.75250e-09
 Reference value :  9.39050e-09
 Reference value :  1.00555e-08
 Reference value :  1.07525e-08
 Reference value :  1.14045e-08
 Reference value :  1.20615e-08
 Reference value :  1.27435e-08
 Reference value :  1.34425e-08
 Reference value :  1.41325e-08
 Reference value :  1.48305e-08
 Reference value :  1.55225e-08
 Reference value :  1.62405e-08
 Reference value :  1.68865e-08
 Reference value :  1.76005e-08
 Reference value :  1.82745e-08
 Reference value :  1.88855e-08
 Reference value :  1.96125e-08
 Reference value :  2.03235e-08
 Reference value :  2.09925e-08
 Reference value :  2.16775e-08
 Reference value :  2.23185e-08
 Reference value :  2.29015e-08
 Reference value :  2.35415e-08
 Reference value :  2.41875e-08
 Reference value :  2.48885e-08
 Reference value :  2.55875e-08
 Reference value :  2.62935e-08
 Reference value :  2.69765e-08
 Reference value :  2.76565e-08
 Reference value :  2.83445e-08
 Reference value :  2.90085e-08
 Reference value :  2.97145e-08
No. of Data Rows : 30038
binary raw file "waveform.raw"
ngspice-44.2 done
