
Note: No compatibility mode selected!


Circuit: ** sch_path: /work/sims/row_decoder/tb_row_decoder_sizing.sch

Doing analysis at TEMP = 27.000000 and TNOM = 27.000000

Using SPARSE 1.3 as Direct Linear Solver
Operating point simulation skipped by 'uic',
  now using transient initial conditions.
 Reference value :  5.00000e-14
 Reference value :  6.59500e-10
 Reference value :  1.36250e-09
 Reference value :  2.06850e-09
 Reference value :  2.73550e-09
 Reference value :  3.40650e-09
 Reference value :  4.08950e-09
 Reference value :  4.74750e-09
 Reference value :  5.40450e-09
 Reference value :  6.02050e-09
 Reference value :  6.69250e-09
 Reference value :  7.34850e-09
 Reference value :  8.04250e-09
 Reference value :  8.72550e-09
 Reference value :  9.36850e-09
 Reference value :  1.00545e-08
 Reference value :  1.07525e-08
 Reference value :  1.14005e-08
 Reference value :  1.20645e-08
 Reference value :  1.27075e-08
 Reference value :  1.33785e-08
 Reference value :  1.40595e-08
 Reference value :  1.47465e-08
 Reference value :  1.54205e-08
 Reference value :  1.61185e-08
 Reference value :  1.67825e-08
 Reference value :  1.74575e-08
 Reference value :  1.81595e-08
 Reference value :  1.88405e-08
 Reference value :  1.95225e-08
 Reference value :  2.00995e-08
 Reference value :  2.07955e-08
 Reference value :  2.14505e-08
 Reference value :  2.20845e-08
 Reference value :  2.27165e-08
 Reference value :  2.33685e-08
 Reference value :  2.40395e-08
 Reference value :  2.47425e-08
 Reference value :  2.54115e-08
 Reference value :  2.61195e-08
 Reference value :  2.67785e-08
 Reference value :  2.74505e-08
 Reference value :  2.81445e-08
 Reference value :  2.88195e-08
 Reference value :  2.94865e-08
No. of Data Rows : 30044
binary raw file "waveform.raw"
ngspice-44.2 done
