
Note: No compatibility mode selected!


Circuit: ** sch_path: /work/sims/row_decoder/tb_row_decoder_sizing.sch

Doing analysis at TEMP = -40.000000 and TNOM = 27.000000

Using SPARSE 1.3 as Direct Linear Solver
Operating point simulation skipped by 'uic',
  now using transient initial conditions.
 Reference value :  5.00000e-14
 Reference value :  8.46702e-10
 Reference value :  1.83670e-09
 Reference value :  2.78670e-09
 Reference value :  3.89170e-09
 Reference value :  4.91670e-09
 Reference value :  5.90250e-09
 Reference value :  6.87750e-09
 Reference value :  7.74750e-09
 Reference value :  8.83250e-09
 Reference value :  9.80750e-09
 Reference value :  1.08825e-08
 Reference value :  1.21925e-08
 Reference value :  1.34625e-08
 Reference value :  1.45475e-08
 Reference value :  1.58575e-08
 Reference value :  1.73525e-08
 Reference value :  1.85675e-08
 Reference value :  1.98575e-08
 Reference value :  2.10725e-08
 Reference value :  2.22925e-08
 Reference value :  2.37575e-08
 Reference value :  2.49675e-08
 Reference value :  2.61025e-08
 Reference value :  2.72925e-08
 Reference value :  2.84375e-08
 Reference value :  2.96125e-08
No. of Data Rows : 6048
binary raw file "waveform.raw"
ngspice-44.2 done

Checking parameters for BSIM 4.5 model x5.xmn1:nshort_model.48
Warning: Eta0 = -0.0286127 is negative.

Checking parameters for BSIM 4.5 model x4.xmn1:nshort_model.48
Warning: Eta0 = -0.0286127 is negative.

Checking parameters for BSIM 4.5 model x3.xmn1:nshort_model.48
Warning: Eta0 = -0.0286127 is negative.

Checking parameters for BSIM 4.5 model x2.xmn1:nshort_model.48
Warning: Eta0 = -0.0286127 is negative.
