
Note: No compatibility mode selected!


Circuit: ** sch_path: /work/sims/row_decoder/tb_row_decoder_sizing.sch

Doing analysis at TEMP = 27.000000 and TNOM = 27.000000

Using SPARSE 1.3 as Direct Linear Solver
Operating point simulation skipped by 'uic',
  now using transient initial conditions.
 Reference value :  5.00000e-14
 Reference value :  6.76016e-11
 Reference value :  2.24331e-10
 Reference value :  3.70431e-10
 Reference value :  5.21965e-10
 Reference value :  6.77932e-10
 Reference value :  8.32903e-10
 Reference value :  9.79847e-10
 Reference value :  1.12883e-09
 Reference value :  1.27783e-09
 Reference value :  1.42276e-09
 Reference value :  1.57976e-09
 Reference value :  1.73476e-09
 Reference value :  1.88865e-09
 Reference value :  2.05565e-09
 Reference value :  2.21065e-09
 Reference value :  2.37765e-09
 Reference value :  2.54265e-09
 Reference value :  2.70765e-09
 Reference value :  2.87365e-09
 Reference value :  3.04165e-09
 Reference value :  3.20965e-09
 Reference value :  3.37665e-09
 Reference value :  3.54265e-09
 Reference value :  3.70565e-09
 Reference value :  3.86765e-09
 Reference value :  4.02765e-09
 Reference value :  4.19165e-09
 Reference value :  4.35965e-09
 Reference value :  4.52665e-09
 Reference value :  4.69365e-09
 Reference value :  4.86065e-09
 Reference value :  5.01314e-09
 Reference value :  5.15317e-09
 Reference value :  5.31517e-09
 Reference value :  5.47817e-09
 Reference value :  5.63895e-09
 Reference value :  5.79450e-09
 Reference value :  5.95450e-09
 Reference value :  6.11641e-09
 Reference value :  6.27441e-09
 Reference value :  6.43141e-09
 Reference value :  6.56941e-09
 Reference value :  6.72465e-09
 Reference value :  6.88765e-09
 Reference value :  7.05057e-09
 Reference value :  7.20557e-09
 Reference value :  7.37157e-09
 Reference value :  7.53757e-09
 Reference value :  7.70157e-09
 Reference value :  7.86657e-09
 Reference value :  8.03157e-09
 Reference value :  8.19957e-09
 Reference value :  8.36457e-09
 Reference value :  8.53057e-09
 Reference value :  8.69557e-09
 Reference value :  8.85757e-09
 Reference value :  9.01957e-09
 Reference value :  9.18157e-09
 Reference value :  9.34457e-09
 Reference value :  9.51257e-09
 Reference value :  9.66657e-09
 Reference value :  9.82957e-09
 Reference value :  9.98501e-09
 Reference value :  1.01386e-08
 Reference value :  1.03016e-08
 Reference value :  1.04645e-08
 Reference value :  1.06215e-08
 Reference value :  1.07865e-08
 Reference value :  1.09514e-08
 Reference value :  1.11034e-08
 Reference value :  1.12634e-08
 Reference value :  1.14214e-08
 Reference value :  1.15693e-08
 Reference value :  1.17193e-08
 Reference value :  1.18812e-08
 Reference value :  1.20472e-08
 Reference value :  1.22002e-08
 Reference value :  1.23551e-08
 Reference value :  1.25161e-08
 Reference value :  1.26801e-08
 Reference value :  1.28291e-08
 Reference value :  1.29541e-08
 Reference value :  1.30761e-08
 Reference value :  1.32001e-08
 Reference value :  1.33361e-08
 Reference value :  1.34831e-08
 Reference value :  1.36101e-08
 Reference value :  1.37171e-08
 Reference value :  1.38261e-08
 Reference value :  1.39481e-08
 Reference value :  1.40871e-08
 Reference value :  1.42281e-08
 Reference value :  1.43881e-08
 Reference value :  1.45501e-08
 Reference value :  1.47051e-08
 Reference value :  1.48341e-08
 Reference value :  1.49541e-08
 Reference value :  1.50450e-08
 Reference value :  1.51618e-08
 Reference value :  1.52886e-08
 Reference value :  1.53969e-08
 Reference value :  1.55473e-08
 Reference value :  1.56966e-08
 Reference value :  1.58485e-08
 Reference value :  1.60055e-08
 Reference value :  1.61654e-08
 Reference value :  1.63304e-08
 Reference value :  1.64944e-08
 Reference value :  1.66447e-08
 Reference value :  1.68067e-08
 Reference value :  1.69692e-08
 Reference value :  1.71261e-08
 Reference value :  1.72831e-08
 Reference value :  1.74421e-08
 Reference value :  1.76031e-08
 Reference value :  1.77611e-08
 Reference value :  1.78881e-08
 Reference value :  1.80421e-08
 Reference value :  1.82011e-08
 Reference value :  1.83621e-08
 Reference value :  1.85181e-08
 Reference value :  1.86771e-08
 Reference value :  1.88391e-08
 Reference value :  1.90021e-08
 Reference value :  1.91651e-08
 Reference value :  1.93271e-08
 Reference value :  1.94881e-08
 Reference value :  1.96501e-08
 Reference value :  1.98101e-08
 Reference value :  1.99641e-08
 Reference value :  2.01201e-08
 Reference value :  2.02721e-08
 Reference value :  2.04261e-08
 Reference value :  2.05861e-08
 Reference value :  2.07270e-08
 Reference value :  2.08646e-08
 Reference value :  2.10186e-08
 Reference value :  2.11765e-08
 Reference value :  2.13295e-08
 Reference value :  2.14895e-08
 Reference value :  2.16505e-08
 Reference value :  2.18095e-08
 Reference value :  2.19695e-08
 Reference value :  2.21135e-08
 Reference value :  2.22594e-08
 Reference value :  2.24074e-08
 Reference value :  2.25614e-08
 Reference value :  2.27163e-08
 Reference value :  2.28593e-08
 Reference value :  2.30091e-08
 Reference value :  2.31711e-08
 Reference value :  2.33331e-08
 Reference value :  2.34941e-08
 Reference value :  2.36511e-08
 Reference value :  2.38131e-08
 Reference value :  2.39721e-08
 Reference value :  2.41341e-08
 Reference value :  2.42961e-08
 Reference value :  2.44581e-08
 Reference value :  2.46191e-08
 Reference value :  2.47741e-08
 Reference value :  2.49301e-08
 Reference value :  2.50841e-08
 Reference value :  2.52371e-08
 Reference value :  2.53911e-08
 Reference value :  2.55371e-08
 Reference value :  2.56961e-08
No. of Data Rows : 25894
binary raw file "waveform.raw"
ngspice-44.2 done
