
Note: No compatibility mode selected!


Circuit: ** sch_path: /work/sims/row_decoder/tb_row_decoder_sizing.sch

Doing analysis at TEMP = 27.000000 and TNOM = 27.000000

Using SPARSE 1.3 as Direct Linear Solver
Operating point simulation skipped by 'uic',
  now using transient initial conditions.
 Reference value :  5.00000e-14
 Reference value :  3.13500e-10
 Reference value :  6.42500e-10
 Reference value :  1.02850e-09
 Reference value :  1.33850e-09
 Reference value :  1.67950e-09
 Reference value :  1.96150e-09
 Reference value :  2.28250e-09
 Reference value :  2.64650e-09
 Reference value :  2.98950e-09
 Reference value :  3.31250e-09
 Reference value :  3.65550e-09
 Reference value :  3.99850e-09
 Reference value :  4.38550e-09
 Reference value :  4.72750e-09
 Reference value :  5.06050e-09
 Reference value :  5.38850e-09
 Reference value :  5.71250e-09
 Reference value :  6.03650e-09
 Reference value :  6.40150e-09
 Reference value :  6.77850e-09
 Reference value :  7.11850e-09
 Reference value :  7.44550e-09
 Reference value :  7.79150e-09
 Reference value :  8.15550e-09
 Reference value :  8.54350e-09
 Reference value :  8.89050e-09
 Reference value :  9.28550e-09
 Reference value :  9.57950e-09
 Reference value :  9.93550e-09
 Reference value :  1.03135e-08
 Reference value :  1.06465e-08
 Reference value :  1.09895e-08
 Reference value :  1.13425e-08
 Reference value :  1.16895e-08
 Reference value :  1.20355e-08
 Reference value :  1.24015e-08
 Reference value :  1.27295e-08
 Reference value :  1.30715e-08
 Reference value :  1.34185e-08
 Reference value :  1.37845e-08
 Reference value :  1.41335e-08
 Reference value :  1.44865e-08
 Reference value :  1.48595e-08
 Reference value :  1.52015e-08
 Reference value :  1.55655e-08
 Reference value :  1.59265e-08
 Reference value :  1.62645e-08
 Reference value :  1.66265e-08
 Reference value :  1.69725e-08
 Reference value :  1.73305e-08
 Reference value :  1.76955e-08
 Reference value :  1.80475e-08
 Reference value :  1.83865e-08
 Reference value :  1.87215e-08
 Reference value :  1.90335e-08
 Reference value :  1.93775e-08
 Reference value :  1.97445e-08
 Reference value :  2.00865e-08
 Reference value :  2.04585e-08
 Reference value :  2.08155e-08
 Reference value :  2.11305e-08
 Reference value :  2.14755e-08
 Reference value :  2.18125e-08
 Reference value :  2.21145e-08
 Reference value :  2.24615e-08
 Reference value :  2.28205e-08
 Reference value :  2.31785e-08
 Reference value :  2.35385e-08
 Reference value :  2.38755e-08
 Reference value :  2.42075e-08
 Reference value :  2.45345e-08
 Reference value :  2.48985e-08
 Reference value :  2.52375e-08
 Reference value :  2.55705e-08
 Reference value :  2.59205e-08
 Reference value :  2.62465e-08
 Reference value :  2.65965e-08
 Reference value :  2.69465e-08
 Reference value :  2.72975e-08
 Reference value :  2.76235e-08
 Reference value :  2.79865e-08
 Reference value :  2.83545e-08
 Reference value :  2.87125e-08
 Reference value :  2.90745e-08
 Reference value :  2.94335e-08
 Reference value :  2.97765e-08
No. of Data Rows : 30044
binary raw file "waveform.raw"
ngspice-44.2 done
