
Note: No compatibility mode selected!


Circuit: ** sch_path: /work/sims/row_decoder/tb_row_decoder_sizing.sch

Doing analysis at TEMP = 27.000000 and TNOM = 27.000000

Using SPARSE 1.3 as Direct Linear Solver
Operating point simulation skipped by 'uic',
  now using transient initial conditions.
 Reference value :  5.00000e-14
 Reference value :  2.57350e-09
 Reference value :  5.27650e-09
 Reference value :  7.84550e-09
 Reference value :  1.04965e-08
 Reference value :  1.31635e-08
 Reference value :  1.58045e-08
 Reference value :  1.83845e-08
 Reference value :  2.11675e-08
 Reference value :  2.38315e-08
 Reference value :  2.64325e-08
 Reference value :  2.89835e-08
No. of Data Rows : 30041
binary raw file "waveform.raw"
ngspice-44.2 done
