
Note: No compatibility mode selected!


Circuit: ** sch_path: /work/sims/row_decoder/tb_row_decoder_sizing.sch

Doing analysis at TEMP = 27.000000 and TNOM = 27.000000

Using SPARSE 1.3 as Direct Linear Solver
Operating point simulation skipped by 'uic',
  now using transient initial conditions.
 Reference value :  5.00000e-14
 Reference value :  1.24550e-09
 Reference value :  2.33750e-09
 Reference value :  3.47750e-09
 Reference value :  4.53550e-09
 Reference value :  5.71050e-09
 Reference value :  6.92650e-09
 Reference value :  8.12550e-09
 Reference value :  9.23350e-09
 Reference value :  1.04565e-08
 Reference value :  1.16785e-08
 Reference value :  1.28835e-08
 Reference value :  1.40935e-08
 Reference value :  1.52235e-08
 Reference value :  1.64155e-08
 Reference value :  1.75905e-08
 Reference value :  1.87775e-08
 Reference value :  2.00525e-08
 Reference value :  2.13055e-08
 Reference value :  2.24255e-08
 Reference value :  2.35405e-08
 Reference value :  2.45405e-08
 Reference value :  2.55445e-08
 Reference value :  2.65955e-08
 Reference value :  2.76125e-08
 Reference value :  2.86295e-08
 Reference value :  2.95995e-08
No. of Data Rows : 30041
binary raw file "waveform.raw"
ngspice-44.2 done
