
Note: No compatibility mode selected!


Circuit: ** sch_path: /work/sims/row_decoder/tb_row_decoder_sizing.sch

Doing analysis at TEMP = 27.000000 and TNOM = 27.000000

Using SPARSE 1.3 as Direct Linear Solver
Operating point simulation skipped by 'uic',
  now using transient initial conditions.
 Reference value :  5.00000e-14
 Reference value :  2.04500e-10
 Reference value :  4.04500e-10
 Reference value :  6.16500e-10
 Reference value :  8.22500e-10
 Reference value :  1.03350e-09
 Reference value :  1.23550e-09
 Reference value :  1.45450e-09
 Reference value :  1.68350e-09
 Reference value :  1.90050e-09
 Reference value :  2.12950e-09
 Reference value :  2.37050e-09
 Reference value :  2.59750e-09
 Reference value :  2.84950e-09
 Reference value :  3.11450e-09
 Reference value :  3.37250e-09
 Reference value :  3.62950e-09
 Reference value :  3.86750e-09
 Reference value :  4.11250e-09
 Reference value :  4.35650e-09
 Reference value :  4.60250e-09
 Reference value :  4.84350e-09
 Reference value :  5.08150e-09
 Reference value :  5.32550e-09
 Reference value :  5.57550e-09
 Reference value :  5.83150e-09
 Reference value :  6.07150e-09
 Reference value :  6.32150e-09
 Reference value :  6.55950e-09
 Reference value :  6.80350e-09
 Reference value :  7.04250e-09
 Reference value :  7.29450e-09
 Reference value :  7.52950e-09
 Reference value :  7.72850e-09
 Reference value :  7.91050e-09
 Reference value :  8.09650e-09
 Reference value :  8.26750e-09
 Reference value :  8.47550e-09
 Reference value :  8.74250e-09
 Reference value :  8.94950e-09
 Reference value :  9.22650e-09
 Reference value :  9.49750e-09
 Reference value :  9.74350e-09
 Reference value :  9.97650e-09
 Reference value :  1.02205e-08
 Reference value :  1.04615e-08
 Reference value :  1.07075e-08
 Reference value :  1.09505e-08
 Reference value :  1.11645e-08
 Reference value :  1.13935e-08
 Reference value :  1.16655e-08
 Reference value :  1.19095e-08
 Reference value :  1.21585e-08
 Reference value :  1.24245e-08
 Reference value :  1.27165e-08
 Reference value :  1.29765e-08
 Reference value :  1.32745e-08
 Reference value :  1.35475e-08
 Reference value :  1.38395e-08
 Reference value :  1.41035e-08
 Reference value :  1.43385e-08
 Reference value :  1.46115e-08
 Reference value :  1.48835e-08
 Reference value :  1.51305e-08
 Reference value :  1.53815e-08
 Reference value :  1.56565e-08
 Reference value :  1.59075e-08
 Reference value :  1.61145e-08
 Reference value :  1.63255e-08
 Reference value :  1.65415e-08
 Reference value :  1.67915e-08
 Reference value :  1.70405e-08
 Reference value :  1.73065e-08
 Reference value :  1.76295e-08
 Reference value :  1.79395e-08
 Reference value :  1.82245e-08
 Reference value :  1.84925e-08
 Reference value :  1.87645e-08
 Reference value :  1.90225e-08
 Reference value :  1.93115e-08
 Reference value :  1.96245e-08
 Reference value :  1.98775e-08
 Reference value :  2.01225e-08
 Reference value :  2.03855e-08
 Reference value :  2.06045e-08
 Reference value :  2.08925e-08
 Reference value :  2.11695e-08
 Reference value :  2.14535e-08
 Reference value :  2.16915e-08
 Reference value :  2.19775e-08
 Reference value :  2.22685e-08
 Reference value :  2.25365e-08
 Reference value :  2.28235e-08
 Reference value :  2.30865e-08
 Reference value :  2.33445e-08
 Reference value :  2.35955e-08
 Reference value :  2.38875e-08
 Reference value :  2.41665e-08
 Reference value :  2.44255e-08
 Reference value :  2.47115e-08
 Reference value :  2.49915e-08
 Reference value :  2.52435e-08
 Reference value :  2.55325e-08
 Reference value :  2.57995e-08
 Reference value :  2.60555e-08
 Reference value :  2.63145e-08
 Reference value :  2.65965e-08
 Reference value :  2.68845e-08
 Reference value :  2.71595e-08
 Reference value :  2.74455e-08
 Reference value :  2.77605e-08
 Reference value :  2.80305e-08
 Reference value :  2.82875e-08
 Reference value :  2.85345e-08
 Reference value :  2.87825e-08
 Reference value :  2.90605e-08
 Reference value :  2.94005e-08
 Reference value :  2.96975e-08
 Reference value :  2.99455e-08
No. of Data Rows : 30038
binary raw file "waveform.raw"
ngspice-44.2 done
