
Magic 8.3 revision 684 - Compiled on Wed Oct  7 11:43:07 PM CEST 2026.
Starting magic under Tcl interpreter
Using the terminal as the console.
WARNING: RLIMIT_NOFILE is above 1024 and Tcl_Version<9 this may cause runtime issues [rlim_cur=1048576]
Using NULL graphics device.
Processing system .magicrc file
Switching to WIRING tool.
Switching to NETLIST tool.
Switching to PICK tool.
Switching to BOX tool.
Sourcing design .magicrc for technology sky130A ...
2 Magic internal units = 1 Lambda
Input style sky130(): scaleFactor=2, multiplier=2
The following types are not handled by extraction and will be treated as non-electrical types:
    ubm 
Scaled tech values by 2 / 1 to match internal grid scaling
Loading sky130A Device Generator Menu ...
Using technology "sky130A", version 1.0.493-0-g0fe599b
Cell row_decoder_flat read from current working directory
Extracting row_decoder_flat into row_decoder_flat.ext:
Processing row_decoder_flat
exttosim finished.
Extracting A0B
Extracting A1B
Extracting N0
Extracting N1
Extracting N2
Extracting N3
Extracting A0T
Extracting A1T
Extracting net1
Extracting EVAL_GND
Extracting net2
Extracting net3
Extracting net4
Extracting VSS
Extracting VDD
Extracting A0
Extracting A1
Extracting PCLK
Extracting DEC0
Extracting DEC1
Extracting DEC2
Extracting DEC3
Total Nets: 22
Nets extracted: 22 (1.000000)
Nets output: 1 (0.045455)
exttospice finished.
exttospice finished.
