
Circuit 1 cell sky130_fd_pr__nfet_01v8 and Circuit 2 cell sky130_fd_pr__nfet_01v8 are black boxes.
Warning: Equate pins:  cell sky130_fd_pr__nfet_01v8 is a placeholder, treated as a black box.
Warning: Equate pins:  cell sky130_fd_pr__nfet_01v8 is a placeholder, treated as a black box.

Subcircuit pins:
Circuit 1: sky130_fd_pr__nfet_01v8         |Circuit 2: sky130_fd_pr__nfet_01v8
-------------------------------------------|-------------------------------------------
1                                          |1
2                                          |2
3                                          |3
4                                          |4
---------------------------------------------------------------------------------------
Cell pin lists are equivalent.
Device classes sky130_fd_pr__nfet_01v8 and sky130_fd_pr__nfet_01v8 are equivalent.

Circuit 1 cell sky130_fd_pr__pfet_01v8 and Circuit 2 cell sky130_fd_pr__pfet_01v8 are black boxes.
Warning: Equate pins:  cell sky130_fd_pr__pfet_01v8 is a placeholder, treated as a black box.
Warning: Equate pins:  cell sky130_fd_pr__pfet_01v8 is a placeholder, treated as a black box.

Subcircuit pins:
Circuit 1: sky130_fd_pr__pfet_01v8         |Circuit 2: sky130_fd_pr__pfet_01v8
-------------------------------------------|-------------------------------------------
1                                          |1
2                                          |2
3                                          |3
4                                          |4
---------------------------------------------------------------------------------------
Cell pin lists are equivalent.
Device classes sky130_fd_pr__pfet_01v8 and sky130_fd_pr__pfet_01v8 are equivalent.

Subcircuit summary:
Circuit 1: row_decoder_flat                |Circuit 2: row_decoder_sram6t
-------------------------------------------|-------------------------------------------
sky130_fd_pr__nfet_01v8 (17)               |sky130_fd_pr__nfet_01v8 (17)
sky130_fd_pr__pfet_01v8 (12)               |sky130_fd_pr__pfet_01v8 (12)
Number of devices: 29                      |Number of devices: 29
Number of nets: 22                         |Number of nets: 22
---------------------------------------------------------------------------------------
Netlists match uniquely.

Subcircuit pins:
Circuit 1: row_decoder_flat                |Circuit 2: row_decoder_sram6t
-------------------------------------------|-------------------------------------------
VDD                                        |VDD
PCLK                                       |PCLK
A0                                         |A0
A1                                         |A1
DEC0                                       |DEC0
DEC1                                       |DEC1
DEC2                                       |DEC2
DEC3                                       |DEC3
VSS                                        |VSS
---------------------------------------------------------------------------------------
Cell pin lists are equivalent.
Device classes row_decoder_flat and row_decoder_sram6t are equivalent.

Final result: Circuits match uniquely.
.
