
Note: No compatibility mode selected!


Circuit: ** sch_path: /work/sims/row_decoder/tb_row_decoder_sizing.sch

Doing analysis at TEMP = 27.000000 and TNOM = 27.000000

Using SPARSE 1.3 as Direct Linear Solver
Operating point simulation skipped by 'uic',
  now using transient initial conditions.
 Reference value :  5.00000e-14
 Reference value :  2.52500e-10
 Reference value :  5.18500e-10
 Reference value :  7.90500e-10
 Reference value :  1.06650e-09
 Reference value :  1.39050e-09
 Reference value :  1.63250e-09
 Reference value :  1.93850e-09
 Reference value :  2.21850e-09
 Reference value :  2.47750e-09
 Reference value :  2.77150e-09
 Reference value :  3.03150e-09
 Reference value :  3.29550e-09
 Reference value :  3.59950e-09
 Reference value :  3.87150e-09
 Reference value :  4.17650e-09
 Reference value :  4.44850e-09
 Reference value :  4.74150e-09
 Reference value :  5.00350e-09
 Reference value :  5.27750e-09
 Reference value :  5.57950e-09
 Reference value :  5.87550e-09
 Reference value :  6.19350e-09
 Reference value :  6.48050e-09
 Reference value :  6.74650e-09
 Reference value :  6.96750e-09
 Reference value :  7.20350e-09
 Reference value :  7.50750e-09
 Reference value :  7.76150e-09
 Reference value :  8.11150e-09
 Reference value :  8.47050e-09
 Reference value :  8.80750e-09
 Reference value :  9.17850e-09
 Reference value :  9.49150e-09
 Reference value :  9.82550e-09
 Reference value :  1.01435e-08
 Reference value :  1.04745e-08
 Reference value :  1.08225e-08
 Reference value :  1.11785e-08
 Reference value :  1.15265e-08
 Reference value :  1.18825e-08
 Reference value :  1.22165e-08
 Reference value :  1.25465e-08
 Reference value :  1.28805e-08
 Reference value :  1.32215e-08
 Reference value :  1.36095e-08
 Reference value :  1.39965e-08
 Reference value :  1.43805e-08
 Reference value :  1.47435e-08
 Reference value :  1.50855e-08
 Reference value :  1.54205e-08
 Reference value :  1.57555e-08
 Reference value :  1.61475e-08
 Reference value :  1.64915e-08
 Reference value :  1.68745e-08
 Reference value :  1.71895e-08
 Reference value :  1.75435e-08
 Reference value :  1.78865e-08
 Reference value :  1.82145e-08
 Reference value :  1.85745e-08
 Reference value :  1.89435e-08
 Reference value :  1.93145e-08
 Reference value :  1.96445e-08
 Reference value :  1.99835e-08
 Reference value :  2.03035e-08
 Reference value :  2.06145e-08
 Reference value :  2.09435e-08
 Reference value :  2.12845e-08
 Reference value :  2.16275e-08
 Reference value :  2.19755e-08
 Reference value :  2.23275e-08
 Reference value :  2.26925e-08
 Reference value :  2.30645e-08
 Reference value :  2.33815e-08
 Reference value :  2.37435e-08
 Reference value :  2.40505e-08
 Reference value :  2.43885e-08
 Reference value :  2.47595e-08
 Reference value :  2.50915e-08
 Reference value :  2.53735e-08
 Reference value :  2.57695e-08
 Reference value :  2.61595e-08
 Reference value :  2.64595e-08
 Reference value :  2.67375e-08
 Reference value :  2.70185e-08
 Reference value :  2.73145e-08
 Reference value :  2.76165e-08
 Reference value :  2.79285e-08
 Reference value :  2.82475e-08
 Reference value :  2.85585e-08
 Reference value :  2.88595e-08
 Reference value :  2.92265e-08
 Reference value :  2.95675e-08
 Reference value :  2.99015e-08
No. of Data Rows : 30044
binary raw file "waveform.raw"
ngspice-44.2 done
