
Note: No compatibility mode selected!


Circuit: ** sch_path: /work/sims/row_decoder/tb_row_decoder_sizing.sch

Doing analysis at TEMP = 27.000000 and TNOM = 27.000000

Using SPARSE 1.3 as Direct Linear Solver
Operating point simulation skipped by 'uic',
  now using transient initial conditions.
 Reference value :  5.00000e-14
 Reference value :  7.11500e-10
 Reference value :  1.40450e-09
 Reference value :  2.11250e-09
 Reference value :  2.80950e-09
 Reference value :  3.42950e-09
 Reference value :  4.10550e-09
 Reference value :  4.82450e-09
 Reference value :  5.49150e-09
 Reference value :  6.16950e-09
 Reference value :  6.82050e-09
 Reference value :  7.48650e-09
 Reference value :  8.17250e-09
 Reference value :  8.82550e-09
 Reference value :  9.49450e-09
 Reference value :  1.01595e-08
 Reference value :  1.08585e-08
 Reference value :  1.14815e-08
 Reference value :  1.21925e-08
 Reference value :  1.28615e-08
 Reference value :  1.35395e-08
 Reference value :  1.42395e-08
 Reference value :  1.48455e-08
 Reference value :  1.54985e-08
 Reference value :  1.61455e-08
 Reference value :  1.68285e-08
 Reference value :  1.75475e-08
 Reference value :  1.81895e-08
 Reference value :  1.89005e-08
 Reference value :  1.96045e-08
 Reference value :  2.02235e-08
 Reference value :  2.08295e-08
 Reference value :  2.15075e-08
 Reference value :  2.22105e-08
 Reference value :  2.29015e-08
 Reference value :  2.36095e-08
 Reference value :  2.42525e-08
 Reference value :  2.48895e-08
 Reference value :  2.55175e-08
 Reference value :  2.61715e-08
 Reference value :  2.68875e-08
 Reference value :  2.75585e-08
 Reference value :  2.83055e-08
 Reference value :  2.90155e-08
 Reference value :  2.97115e-08
No. of Data Rows : 30044
binary raw file "waveform.raw"
ngspice-44.2 done
