
Note: No compatibility mode selected!


Circuit: ** sch_path: /work/sims/row_decoder/tb_row_decoder_sizing.sch

Doing analysis at TEMP = 27.000000 and TNOM = 27.000000

Using SPARSE 1.3 as Direct Linear Solver
Operating point simulation skipped by 'uic',
  now using transient initial conditions.
 Reference value :  5.00000e-14
 Reference value :  2.47550e-09
 Reference value :  5.09650e-09
 Reference value :  7.72650e-09
 Reference value :  1.03205e-08
 Reference value :  1.29275e-08
 Reference value :  1.55075e-08
 Reference value :  1.81615e-08
 Reference value :  2.08245e-08
 Reference value :  2.35185e-08
 Reference value :  2.61195e-08
 Reference value :  2.86175e-08
No. of Data Rows : 30041
binary raw file "waveform.raw"
ngspice-44.2 done
