
Note: No compatibility mode selected!


Circuit: ** sch_path: /work/sims/row_decoder/tb_row_decoder_sizing.sch

Doing analysis at TEMP = 27.000000 and TNOM = 27.000000

Using SPARSE 1.3 as Direct Linear Solver
Operating point simulation skipped by 'uic',
  now using transient initial conditions.
 Reference value :  5.00000e-14
 Reference value :  6.65031e-10
 Reference value :  1.32603e-09
 Reference value :  2.03003e-09
 Reference value :  2.73303e-09
 Reference value :  3.38203e-09
 Reference value :  4.04603e-09
 Reference value :  4.72603e-09
 Reference value :  5.37650e-09
 Reference value :  6.03250e-09
 Reference value :  6.69350e-09
 Reference value :  7.38350e-09
 Reference value :  8.03350e-09
 Reference value :  8.70950e-09
 Reference value :  9.36450e-09
 Reference value :  1.00075e-08
 Reference value :  1.07165e-08
 Reference value :  1.13595e-08
 Reference value :  1.20215e-08
 Reference value :  1.27175e-08
 Reference value :  1.33845e-08
 Reference value :  1.40185e-08
 Reference value :  1.46505e-08
 Reference value :  1.52975e-08
 Reference value :  1.59695e-08
 Reference value :  1.66445e-08
 Reference value :  1.72675e-08
 Reference value :  1.79435e-08
 Reference value :  1.86555e-08
 Reference value :  1.93285e-08
 Reference value :  1.99035e-08
 Reference value :  2.06065e-08
 Reference value :  2.12205e-08
 Reference value :  2.18995e-08
 Reference value :  2.25485e-08
 Reference value :  2.32385e-08
 Reference value :  2.39205e-08
 Reference value :  2.45945e-08
 Reference value :  2.52635e-08
 Reference value :  2.59315e-08
 Reference value :  2.65685e-08
 Reference value :  2.72025e-08
 Reference value :  2.78375e-08
 Reference value :  2.84735e-08
 Reference value :  2.91375e-08
 Reference value :  2.98455e-08
No. of Data Rows : 30044
binary raw file "waveform.raw"
ngspice-44.2 done
