
Note: No compatibility mode selected!


Circuit: ** sch_path: /work/sims/row_decoder/tb_row_decoder_sizing.sch

Doing analysis at TEMP = 27.000000 and TNOM = 27.000000

Using SPARSE 1.3 as Direct Linear Solver
Operating point simulation skipped by 'uic',
  now using transient initial conditions.
 Reference value :  5.00000e-14
 Reference value :  1.89500e-10
 Reference value :  4.52500e-10
 Reference value :  6.77500e-10
 Reference value :  8.76500e-10
 Reference value :  1.07950e-09
 Reference value :  1.29350e-09
 Reference value :  1.51850e-09
 Reference value :  1.74250e-09
 Reference value :  1.96250e-09
 Reference value :  2.19350e-09
 Reference value :  2.43050e-09
 Reference value :  2.66050e-09
 Reference value :  2.91450e-09
 Reference value :  3.17050e-09
 Reference value :  3.42450e-09
 Reference value :  3.67850e-09
 Reference value :  3.91850e-09
 Reference value :  4.17750e-09
 Reference value :  4.42850e-09
 Reference value :  4.67550e-09
 Reference value :  4.92350e-09
 Reference value :  5.17350e-09
 Reference value :  5.41650e-09
 Reference value :  5.65250e-09
 Reference value :  5.89550e-09
 Reference value :  6.13550e-09
 Reference value :  6.38750e-09
 Reference value :  6.63750e-09
 Reference value :  6.87850e-09
 Reference value :  7.12950e-09
 Reference value :  7.38150e-09
 Reference value :  7.62750e-09
 Reference value :  7.86050e-09
 Reference value :  8.02750e-09
 Reference value :  8.21350e-09
 Reference value :  8.41350e-09
 Reference value :  8.61850e-09
 Reference value :  8.84350e-09
 Reference value :  9.06550e-09
 Reference value :  9.32550e-09
 Reference value :  9.59950e-09
 Reference value :  9.85650e-09
 Reference value :  1.01025e-08
 Reference value :  1.03555e-08
 Reference value :  1.06015e-08
 Reference value :  1.08615e-08
 Reference value :  1.11105e-08
 Reference value :  1.13395e-08
 Reference value :  1.15625e-08
 Reference value :  1.18405e-08
 Reference value :  1.21505e-08
 Reference value :  1.24315e-08
 Reference value :  1.26945e-08
 Reference value :  1.29675e-08
 Reference value :  1.32125e-08
 Reference value :  1.34675e-08
 Reference value :  1.37285e-08
 Reference value :  1.40005e-08
 Reference value :  1.42925e-08
 Reference value :  1.45155e-08
 Reference value :  1.47685e-08
 Reference value :  1.49915e-08
 Reference value :  1.52645e-08
 Reference value :  1.55465e-08
 Reference value :  1.57975e-08
 Reference value :  1.60825e-08
 Reference value :  1.63175e-08
 Reference value :  1.65385e-08
 Reference value :  1.67705e-08
 Reference value :  1.70125e-08
 Reference value :  1.73245e-08
 Reference value :  1.76035e-08
 Reference value :  1.78765e-08
 Reference value :  1.81405e-08
 Reference value :  1.84225e-08
 Reference value :  1.87325e-08
 Reference value :  1.90505e-08
 Reference value :  1.93475e-08
 Reference value :  1.96005e-08
 Reference value :  1.98765e-08
 Reference value :  2.01295e-08
 Reference value :  2.04205e-08
 Reference value :  2.07205e-08
 Reference value :  2.09655e-08
 Reference value :  2.12245e-08
 Reference value :  2.14625e-08
 Reference value :  2.17045e-08
 Reference value :  2.19775e-08
 Reference value :  2.22575e-08
 Reference value :  2.25405e-08
 Reference value :  2.28025e-08
 Reference value :  2.30785e-08
 Reference value :  2.33565e-08
 Reference value :  2.36515e-08
 Reference value :  2.39445e-08
 Reference value :  2.42365e-08
 Reference value :  2.44865e-08
 Reference value :  2.47825e-08
 Reference value :  2.50475e-08
 Reference value :  2.52875e-08
 Reference value :  2.55605e-08
 Reference value :  2.58705e-08
 Reference value :  2.61375e-08
 Reference value :  2.64055e-08
 Reference value :  2.66685e-08
 Reference value :  2.69465e-08
 Reference value :  2.72295e-08
 Reference value :  2.75155e-08
 Reference value :  2.77795e-08
 Reference value :  2.80325e-08
 Reference value :  2.83015e-08
 Reference value :  2.85825e-08
 Reference value :  2.88555e-08
 Reference value :  2.91455e-08
 Reference value :  2.93955e-08
 Reference value :  2.96585e-08
 Reference value :  2.99215e-08
No. of Data Rows : 30044
binary raw file "waveform.raw"
ngspice-44.2 done
