
Note: No compatibility mode selected!


Circuit: ** sch_path: /work/sims/row_decoder/tb_row_decoder_sizing.sch

Doing analysis at TEMP = 27.000000 and TNOM = 27.000000

Using SPARSE 1.3 as Direct Linear Solver
Operating point simulation skipped by 'uic',
  now using transient initial conditions.
 Reference value :  5.00000e-14
 Reference value :  2.61950e-09
 Reference value :  5.27950e-09
 Reference value :  7.97050e-09
 Reference value :  1.03905e-08
 Reference value :  1.30135e-08
 Reference value :  1.54925e-08
 Reference value :  1.80485e-08
 Reference value :  2.06675e-08
 Reference value :  2.32885e-08
 Reference value :  2.58865e-08
 Reference value :  2.85765e-08
No. of Data Rows : 30041
binary raw file "waveform.raw"
ngspice-44.2 done
