
Note: No compatibility mode selected!


Circuit: ** sch_path: /work/sims/row_decoder/tb_row_decoder_sizing.sch

Doing analysis at TEMP = -40.000000 and TNOM = 27.000000

Using SPARSE 1.3 as Direct Linear Solver
Operating point simulation skipped by 'uic',
  now using transient initial conditions.
 Reference value :  5.00000e-14
 Reference value :  1.11663e-09
 Reference value :  2.46663e-09
 Reference value :  3.67663e-09
 Reference value :  5.01750e-09
 Reference value :  6.22250e-09
 Reference value :  7.60250e-09
 Reference value :  8.77750e-09
 Reference value :  1.00225e-08
 Reference value :  1.10725e-08
 Reference value :  1.22575e-08
 Reference value :  1.33225e-08
 Reference value :  1.44325e-08
 Reference value :  1.55775e-08
 Reference value :  1.64825e-08
 Reference value :  1.77225e-08
 Reference value :  1.87875e-08
 Reference value :  1.99575e-08
 Reference value :  2.11125e-08
 Reference value :  2.23175e-08
 Reference value :  2.35325e-08
 Reference value :  2.47525e-08
 Reference value :  2.59325e-08
 Reference value :  2.70275e-08
 Reference value :  2.81225e-08
 Reference value :  2.92675e-08
No. of Data Rows : 6049
binary raw file "waveform.raw"
ngspice-44.2 done

Checking parameters for BSIM 4.5 model x5.xmn1:nshort_model.48
Warning: Eta0 = -0.0286127 is negative.

Checking parameters for BSIM 4.5 model x4.xmn1:nshort_model.48
Warning: Eta0 = -0.0286127 is negative.

Checking parameters for BSIM 4.5 model x3.xmn1:nshort_model.48
Warning: Eta0 = -0.0286127 is negative.

Checking parameters for BSIM 4.5 model x2.xmn1:nshort_model.48
Warning: Eta0 = -0.0286127 is negative.
