
Note: No compatibility mode selected!


Circuit: ** sch_path: /work/sims/row_decoder/tb_row_decoder_sizing.sch

Doing analysis at TEMP = 27.000000 and TNOM = 27.000000

Using SPARSE 1.3 as Direct Linear Solver
Operating point simulation skipped by 'uic',
  now using transient initial conditions.
 Reference value :  5.00000e-14
 Reference value :  2.06500e-10
 Reference value :  4.39500e-10
 Reference value :  7.09500e-10
 Reference value :  9.65500e-10
 Reference value :  1.19350e-09
 Reference value :  1.43950e-09
 Reference value :  1.68350e-09
 Reference value :  1.91950e-09
 Reference value :  2.14350e-09
 Reference value :  2.35250e-09
 Reference value :  2.56050e-09
 Reference value :  2.77950e-09
 Reference value :  2.99750e-09
 Reference value :  3.25350e-09
 Reference value :  3.51350e-09
 Reference value :  3.77850e-09
 Reference value :  4.03850e-09
 Reference value :  4.28650e-09
 Reference value :  4.52850e-09
 Reference value :  4.79250e-09
 Reference value :  5.03350e-09
 Reference value :  5.28250e-09
 Reference value :  5.54650e-09
 Reference value :  5.80450e-09
 Reference value :  6.06150e-09
 Reference value :  6.33550e-09
 Reference value :  6.57450e-09
 Reference value :  6.84050e-09
 Reference value :  7.10250e-09
 Reference value :  7.35750e-09
 Reference value :  7.62150e-09
 Reference value :  7.88350e-09
 Reference value :  8.14350e-09
 Reference value :  8.37050e-09
 Reference value :  8.60350e-09
 Reference value :  8.85450e-09
 Reference value :  9.06050e-09
 Reference value :  9.34550e-09
 Reference value :  9.66450e-09
 Reference value :  9.95250e-09
 Reference value :  1.02285e-08
 Reference value :  1.05465e-08
 Reference value :  1.08485e-08
 Reference value :  1.11615e-08
 Reference value :  1.14625e-08
 Reference value :  1.17915e-08
 Reference value :  1.20755e-08
 Reference value :  1.23725e-08
 Reference value :  1.26865e-08
 Reference value :  1.29945e-08
 Reference value :  1.33055e-08
 Reference value :  1.36135e-08
 Reference value :  1.38625e-08
 Reference value :  1.42145e-08
 Reference value :  1.45395e-08
 Reference value :  1.48445e-08
 Reference value :  1.51585e-08
 Reference value :  1.54615e-08
 Reference value :  1.57895e-08
 Reference value :  1.61255e-08
 Reference value :  1.64185e-08
 Reference value :  1.67065e-08
 Reference value :  1.70605e-08
 Reference value :  1.73795e-08
 Reference value :  1.76975e-08
 Reference value :  1.79625e-08
 Reference value :  1.82825e-08
 Reference value :  1.85825e-08
 Reference value :  1.89195e-08
 Reference value :  1.92375e-08
 Reference value :  1.95115e-08
 Reference value :  1.98195e-08
 Reference value :  2.01355e-08
 Reference value :  2.04995e-08
 Reference value :  2.07935e-08
 Reference value :  2.10955e-08
 Reference value :  2.14005e-08
 Reference value :  2.17045e-08
 Reference value :  2.20235e-08
 Reference value :  2.23545e-08
 Reference value :  2.26265e-08
 Reference value :  2.29545e-08
 Reference value :  2.32595e-08
 Reference value :  2.35545e-08
 Reference value :  2.38735e-08
 Reference value :  2.42285e-08
 Reference value :  2.45445e-08
 Reference value :  2.48895e-08
 Reference value :  2.52215e-08
 Reference value :  2.55235e-08
 Reference value :  2.57465e-08
 Reference value :  2.60065e-08
 Reference value :  2.62715e-08
 Reference value :  2.65665e-08
 Reference value :  2.68515e-08
 Reference value :  2.71505e-08
 Reference value :  2.74655e-08
 Reference value :  2.77645e-08
 Reference value :  2.81035e-08
 Reference value :  2.84335e-08
 Reference value :  2.87405e-08
 Reference value :  2.90465e-08
 Reference value :  2.93815e-08
 Reference value :  2.97225e-08
No. of Data Rows : 30044
binary raw file "waveform.raw"
ngspice-44.2 done
