
Note: No compatibility mode selected!


Circuit: ** sch_path: /work/sims/row_decoder/tb_row_decoder_sizing.sch

Doing analysis at TEMP = 27.000000 and TNOM = 27.000000

Using SPARSE 1.3 as Direct Linear Solver
Operating point simulation skipped by 'uic',
  now using transient initial conditions.
 Reference value :  5.00000e-14
 Reference value :  2.69350e-09
 Reference value :  5.37750e-09
 Reference value :  7.98850e-09
 Reference value :  1.05855e-08
 Reference value :  1.30015e-08
 Reference value :  1.54025e-08
 Reference value :  1.80485e-08
 Reference value :  2.07815e-08
 Reference value :  2.33665e-08
 Reference value :  2.56395e-08
 Reference value :  2.82635e-08
No. of Data Rows : 30035
binary raw file "waveform.raw"
ngspice-44.2 done
