
Note: No compatibility mode selected!


Circuit: ** sch_path: /work/sims/row_decoder/tb_row_decoder_sizing.sch

Doing analysis at TEMP = -40.000000 and TNOM = 27.000000

Using SPARSE 1.3 as Direct Linear Solver
Operating point simulation skipped by 'uic',
  now using transient initial conditions.
 Reference value :  5.00000e-14
 Reference value :  4.44424e-10
 Reference value :  9.23424e-10
 Reference value :  1.39742e-09
 Reference value :  1.87742e-09
 Reference value :  2.35542e-09
 Reference value :  2.82742e-09
 Reference value :  3.29242e-09
 Reference value :  3.76442e-09
 Reference value :  4.24042e-09
 Reference value :  4.72442e-09
 Reference value :  5.18650e-09
 Reference value :  5.66550e-09
 Reference value :  6.13250e-09
 Reference value :  6.61650e-09
 Reference value :  7.06950e-09
 Reference value :  7.53950e-09
 Reference value :  7.98850e-09
 Reference value :  8.46250e-09
 Reference value :  8.94150e-09
 Reference value :  9.41650e-09
 Reference value :  9.88850e-09
 Reference value :  1.03465e-08
 Reference value :  1.08185e-08
 Reference value :  1.12995e-08
 Reference value :  1.17755e-08
 Reference value :  1.22525e-08
 Reference value :  1.27295e-08
 Reference value :  1.31915e-08
 Reference value :  1.36625e-08
 Reference value :  1.41295e-08
 Reference value :  1.45575e-08
 Reference value :  1.49975e-08
 Reference value :  1.54175e-08
 Reference value :  1.58555e-08
 Reference value :  1.63025e-08
 Reference value :  1.67655e-08
 Reference value :  1.72415e-08
 Reference value :  1.77085e-08
 Reference value :  1.81705e-08
 Reference value :  1.86445e-08
 Reference value :  1.91225e-08
 Reference value :  1.95975e-08
 Reference value :  2.00615e-08
 Reference value :  2.05365e-08
 Reference value :  2.10175e-08
 Reference value :  2.14985e-08
 Reference value :  2.19685e-08
 Reference value :  2.24425e-08
 Reference value :  2.29185e-08
 Reference value :  2.33995e-08
 Reference value :  2.38795e-08
 Reference value :  2.43515e-08
 Reference value :  2.48255e-08
 Reference value :  2.52925e-08
 Reference value :  2.57565e-08
 Reference value :  2.62295e-08
 Reference value :  2.66925e-08
 Reference value :  2.71615e-08
 Reference value :  2.76385e-08
 Reference value :  2.81115e-08
 Reference value :  2.85905e-08
 Reference value :  2.90645e-08
 Reference value :  2.95255e-08
 Reference value :  2.99995e-08
No. of Data Rows : 30045
binary raw file "waveform.raw"
ngspice-44.2 done

Checking parameters for BSIM 4.5 model x5.xmn1:nshort_model.48
Warning: Eta0 = -0.0286127 is negative.

Checking parameters for BSIM 4.5 model x4.xmn1:nshort_model.48
Warning: Eta0 = -0.0286127 is negative.

Checking parameters for BSIM 4.5 model x3.xmn1:nshort_model.48
Warning: Eta0 = -0.0286127 is negative.

Checking parameters for BSIM 4.5 model x2.xmn1:nshort_model.48
Warning: Eta0 = -0.0286127 is negative.
