
Note: No compatibility mode selected!


Circuit: ** sch_path: /work/sims/row_decoder/tb_row_decoder_sizing.sch

Doing analysis at TEMP = 27.000000 and TNOM = 27.000000

Using SPARSE 1.3 as Direct Linear Solver
Operating point simulation skipped by 'uic',
  now using transient initial conditions.
 Reference value :  5.00000e-14
 Reference value :  2.98569e-11
 Reference value :  1.44857e-10
 Reference value :  2.66719e-10
 Reference value :  3.90719e-10
 Reference value :  5.11632e-10
 Reference value :  6.31632e-10
 Reference value :  7.55619e-10
 Reference value :  8.83465e-10
 Reference value :  1.00611e-09
 Reference value :  1.13011e-09
 Reference value :  1.25911e-09
 Reference value :  1.38311e-09
 Reference value :  1.50478e-09
 Reference value :  1.63478e-09
 Reference value :  1.75578e-09
 Reference value :  1.87770e-09
 Reference value :  2.00570e-09
 Reference value :  2.13470e-09
 Reference value :  2.26270e-09
 Reference value :  2.39470e-09
 Reference value :  2.52870e-09
 Reference value :  2.66170e-09
 Reference value :  2.79470e-09
 Reference value :  2.92770e-09
 Reference value :  3.06370e-09
 Reference value :  3.19970e-09
 Reference value :  3.32370e-09
 Reference value :  3.45770e-09
 Reference value :  3.58770e-09
 Reference value :  3.71170e-09
 Reference value :  3.84370e-09
 Reference value :  3.97470e-09
 Reference value :  4.10570e-09
 Reference value :  4.23470e-09
 Reference value :  4.36470e-09
 Reference value :  4.49670e-09
 Reference value :  4.63070e-09
 Reference value :  4.76370e-09
 Reference value :  4.89570e-09
 Reference value :  5.01007e-09
 Reference value :  5.12901e-09
 Reference value :  5.25201e-09
 Reference value :  5.38601e-09
 Reference value :  5.51757e-09
 Reference value :  5.64557e-09
 Reference value :  5.77457e-09
 Reference value :  5.87613e-09
 Reference value :  5.99509e-09
 Reference value :  6.12409e-09
 Reference value :  6.24009e-09
 Reference value :  6.36709e-09
 Reference value :  6.49709e-09
 Reference value :  6.62202e-09
 Reference value :  6.75002e-09
 Reference value :  6.88002e-09
 Reference value :  7.00902e-09
 Reference value :  7.13602e-09
 Reference value :  7.26902e-09
 Reference value :  7.40202e-09
 Reference value :  7.53502e-09
 Reference value :  7.66802e-09
 Reference value :  7.80202e-09
 Reference value :  7.93502e-09
 Reference value :  8.06702e-09
 Reference value :  8.19702e-09
 Reference value :  8.32602e-09
 Reference value :  8.45502e-09
 Reference value :  8.58902e-09
 Reference value :  8.72202e-09
 Reference value :  8.85402e-09
 Reference value :  8.98802e-09
 Reference value :  9.12202e-09
 Reference value :  9.25802e-09
 Reference value :  9.39102e-09
 Reference value :  9.52502e-09
 Reference value :  9.64802e-09
 Reference value :  9.78102e-09
 Reference value :  9.91302e-09
 Reference value :  1.00262e-08
 Reference value :  1.01358e-08
 Reference value :  1.02598e-08
 Reference value :  1.03858e-08
 Reference value :  1.05128e-08
 Reference value :  1.06297e-08
 Reference value :  1.07607e-08
 Reference value :  1.08737e-08
 Reference value :  1.09716e-08
 Reference value :  1.10736e-08
 Reference value :  1.11896e-08
 Reference value :  1.13076e-08
 Reference value :  1.14036e-08
 Reference value :  1.15056e-08
 Reference value :  1.16006e-08
 Reference value :  1.17196e-08
 Reference value :  1.18466e-08
 Reference value :  1.19656e-08
 Reference value :  1.21005e-08
 Reference value :  1.22065e-08
 Reference value :  1.22987e-08
 Reference value :  1.24027e-08
 Reference value :  1.25047e-08
 Reference value :  1.26157e-08
 Reference value :  1.27197e-08
 Reference value :  1.28267e-08
 Reference value :  1.29437e-08
 Reference value :  1.30647e-08
 Reference value :  1.31897e-08
 Reference value :  1.33167e-08
 Reference value :  1.34437e-08
 Reference value :  1.35657e-08
 Reference value :  1.36897e-08
 Reference value :  1.38157e-08
 Reference value :  1.39337e-08
 Reference value :  1.40597e-08
 Reference value :  1.41757e-08
 Reference value :  1.42997e-08
 Reference value :  1.44237e-08
 Reference value :  1.45477e-08
 Reference value :  1.46707e-08
 Reference value :  1.47927e-08
 Reference value :  1.49037e-08
 Reference value :  1.50082e-08
 Reference value :  1.51118e-08
 Reference value :  1.52358e-08
 Reference value :  1.53587e-08
 Reference value :  1.54797e-08
 Reference value :  1.55997e-08
 Reference value :  1.57217e-08
 Reference value :  1.58251e-08
 Reference value :  1.59304e-08
 Reference value :  1.60503e-08
 Reference value :  1.61773e-08
 Reference value :  1.63023e-08
 Reference value :  1.64263e-08
 Reference value :  1.65423e-08
 Reference value :  1.66547e-08
 Reference value :  1.67747e-08
 Reference value :  1.68976e-08
 Reference value :  1.70204e-08
 Reference value :  1.71410e-08
 Reference value :  1.72670e-08
 Reference value :  1.73910e-08
 Reference value :  1.75180e-08
 Reference value :  1.76440e-08
 Reference value :  1.77720e-08
 Reference value :  1.79000e-08
 Reference value :  1.80170e-08
 Reference value :  1.81440e-08
 Reference value :  1.82710e-08
 Reference value :  1.83940e-08
 Reference value :  1.85160e-08
 Reference value :  1.86390e-08
 Reference value :  1.87630e-08
 Reference value :  1.88860e-08
 Reference value :  1.90130e-08
 Reference value :  1.91410e-08
 Reference value :  1.92690e-08
 Reference value :  1.93940e-08
 Reference value :  1.95210e-08
 Reference value :  1.96480e-08
 Reference value :  1.97770e-08
 Reference value :  1.99050e-08
 Reference value :  2.00340e-08
 Reference value :  2.01620e-08
 Reference value :  2.02890e-08
 Reference value :  2.04130e-08
 Reference value :  2.05350e-08
 Reference value :  2.06560e-08
 Reference value :  2.07430e-08
 Reference value :  2.08425e-08
 Reference value :  2.09655e-08
 Reference value :  2.10901e-08
 Reference value :  2.12161e-08
 Reference value :  2.13321e-08
 Reference value :  2.14570e-08
 Reference value :  2.15830e-08
 Reference value :  2.17110e-08
 Reference value :  2.18380e-08
 Reference value :  2.19639e-08
 Reference value :  2.20899e-08
 Reference value :  2.22149e-08
 Reference value :  2.23269e-08
 Reference value :  2.24459e-08
 Reference value :  2.25669e-08
 Reference value :  2.26899e-08
 Reference value :  2.28129e-08
 Reference value :  2.29291e-08
 Reference value :  2.30521e-08
 Reference value :  2.31791e-08
 Reference value :  2.33061e-08
 Reference value :  2.34321e-08
 Reference value :  2.35601e-08
 Reference value :  2.36781e-08
 Reference value :  2.38041e-08
 Reference value :  2.39321e-08
 Reference value :  2.40591e-08
 Reference value :  2.41831e-08
 Reference value :  2.43071e-08
 Reference value :  2.44291e-08
 Reference value :  2.45521e-08
 Reference value :  2.46741e-08
 Reference value :  2.48001e-08
 Reference value :  2.49281e-08
 Reference value :  2.50531e-08
 Reference value :  2.51791e-08
 Reference value :  2.53021e-08
 Reference value :  2.54261e-08
 Reference value :  2.55551e-08
 Reference value :  2.56841e-08
No. of Data Rows : 25876
binary raw file "waveform.raw"
ngspice-44.2 done
