
Note: No compatibility mode selected!


Circuit: ** sch_path: /work/sims/row_decoder/tb_row_decoder_sizing.sch

Doing analysis at TEMP = 27.000000 and TNOM = 27.000000

Using SPARSE 1.3 as Direct Linear Solver
Operating point simulation skipped by 'uic',
  now using transient initial conditions.
 Reference value :  5.00000e-14
 Reference value :  2.51850e-09
 Reference value :  4.78150e-09
 Reference value :  7.11250e-09
 Reference value :  9.64150e-09
 Reference value :  1.24115e-08
 Reference value :  1.49535e-08
 Reference value :  1.74105e-08
 Reference value :  2.01565e-08
 Reference value :  2.25855e-08
 Reference value :  2.51595e-08
 Reference value :  2.79125e-08
No. of Data Rows : 30041
binary raw file "waveform.raw"
ngspice-44.2 done
