
Note: No compatibility mode selected!


Circuit: ** sch_path: /work/sims/row_decoder/tb_row_decoder_sizing.sch

Doing analysis at TEMP = 27.000000 and TNOM = 27.000000

Using SPARSE 1.3 as Direct Linear Solver
Operating point simulation skipped by 'uic',
  now using transient initial conditions.
 Reference value :  5.00000e-14
 Reference value :  6.60500e-10
 Reference value :  1.31650e-09
 Reference value :  2.03150e-09
 Reference value :  2.69450e-09
 Reference value :  3.37250e-09
 Reference value :  4.01950e-09
 Reference value :  4.74550e-09
 Reference value :  5.41450e-09
 Reference value :  6.10050e-09
 Reference value :  6.78050e-09
 Reference value :  7.44650e-09
 Reference value :  8.10750e-09
 Reference value :  8.82650e-09
 Reference value :  9.49250e-09
 Reference value :  1.00585e-08
 Reference value :  1.07345e-08
 Reference value :  1.14215e-08
 Reference value :  1.20955e-08
 Reference value :  1.27595e-08
 Reference value :  1.34065e-08
 Reference value :  1.41045e-08
 Reference value :  1.47695e-08
 Reference value :  1.54425e-08
 Reference value :  1.61315e-08
 Reference value :  1.67735e-08
 Reference value :  1.74005e-08
 Reference value :  1.80305e-08
 Reference value :  1.86175e-08
 Reference value :  1.92575e-08
 Reference value :  1.99375e-08
 Reference value :  2.05465e-08
 Reference value :  2.11655e-08
 Reference value :  2.18415e-08
 Reference value :  2.25175e-08
 Reference value :  2.31365e-08
 Reference value :  2.38185e-08
 Reference value :  2.44865e-08
 Reference value :  2.51615e-08
 Reference value :  2.58305e-08
 Reference value :  2.64895e-08
 Reference value :  2.71525e-08
 Reference value :  2.78185e-08
 Reference value :  2.85165e-08
 Reference value :  2.91725e-08
 Reference value :  2.98235e-08
No. of Data Rows : 30044
binary raw file "waveform.raw"
ngspice-44.2 done
