
Note: No compatibility mode selected!


Circuit: ** sch_path: /work/sims/row_decoder/tb_row_decoder_sizing.sch

Doing analysis at TEMP = 27.000000 and TNOM = 27.000000

Using SPARSE 1.3 as Direct Linear Solver
Operating point simulation skipped by 'uic',
  now using transient initial conditions.
 Reference value :  5.00000e-14
 Reference value :  8.55500e-10
 Reference value :  1.83250e-09
 Reference value :  2.75350e-09
 Reference value :  3.70850e-09
 Reference value :  4.57650e-09
 Reference value :  5.53950e-09
 Reference value :  6.46950e-09
 Reference value :  7.33950e-09
 Reference value :  8.13450e-09
 Reference value :  8.94750e-09
 Reference value :  9.82050e-09
 Reference value :  1.08055e-08
 Reference value :  1.17065e-08
 Reference value :  1.25705e-08
 Reference value :  1.35145e-08
 Reference value :  1.44085e-08
 Reference value :  1.53065e-08
 Reference value :  1.61555e-08
 Reference value :  1.70125e-08
 Reference value :  1.78385e-08
 Reference value :  1.86975e-08
 Reference value :  1.95825e-08
 Reference value :  2.05015e-08
 Reference value :  2.13455e-08
 Reference value :  2.21975e-08
 Reference value :  2.30615e-08
 Reference value :  2.39205e-08
 Reference value :  2.47465e-08
 Reference value :  2.55625e-08
 Reference value :  2.63815e-08
 Reference value :  2.72595e-08
 Reference value :  2.81325e-08
 Reference value :  2.90345e-08
No. of Data Rows : 30041
binary raw file "waveform.raw"
ngspice-44.2 done
