
Note: No compatibility mode selected!


Circuit: ** sch_path: /work/sims/row_decoder/tb_row_decoder_sizing.sch

Doing analysis at TEMP = 27.000000 and TNOM = 27.000000

Using SPARSE 1.3 as Direct Linear Solver
Operating point simulation skipped by 'uic',
  now using transient initial conditions.
 Reference value :  5.00000e-14
 Reference value :  1.00071e-09
 Reference value :  2.17571e-09
 Reference value :  3.30571e-09
 Reference value :  4.29571e-09
 Reference value :  5.21250e-09
 Reference value :  6.16250e-09
 Reference value :  7.19250e-09
 Reference value :  8.18750e-09
 Reference value :  9.21750e-09
 Reference value :  1.00475e-08
 Reference value :  1.09775e-08
 Reference value :  1.20025e-08
 Reference value :  1.30275e-08
 Reference value :  1.43225e-08
 Reference value :  1.56225e-08
 Reference value :  1.69325e-08
 Reference value :  1.80475e-08
 Reference value :  1.91275e-08
 Reference value :  2.01725e-08
 Reference value :  2.12225e-08
 Reference value :  2.24475e-08
 Reference value :  2.35575e-08
 Reference value :  2.47725e-08
 Reference value :  2.59525e-08
 Reference value :  2.71675e-08
 Reference value :  2.84225e-08
 Reference value :  2.95375e-08
No. of Data Rows : 6049
binary raw file "waveform.raw"
ngspice-44.2 done
