
Note: No compatibility mode selected!


Circuit: ** sch_path: /work/sims/row_decoder/tb_row_decoder_sizing.sch

Doing analysis at TEMP = 27.000000 and TNOM = 27.000000

Using SPARSE 1.3 as Direct Linear Solver
Operating point simulation skipped by 'uic',
  now using transient initial conditions.
 Reference value :  5.00000e-14
 Reference value :  1.14059e-09
 Reference value :  2.60559e-09
 Reference value :  3.94059e-09
 Reference value :  5.32250e-09
 Reference value :  6.67750e-09
 Reference value :  7.98750e-09
 Reference value :  9.42750e-09
 Reference value :  1.07075e-08
 Reference value :  1.23675e-08
 Reference value :  1.37675e-08
 Reference value :  1.54125e-08
 Reference value :  1.68475e-08
 Reference value :  1.80625e-08
 Reference value :  1.92975e-08
 Reference value :  2.06975e-08
 Reference value :  2.20075e-08
 Reference value :  2.31625e-08
 Reference value :  2.45675e-08
 Reference value :  2.58925e-08
 Reference value :  2.72825e-08
 Reference value :  2.84125e-08
 Reference value :  2.94525e-08
No. of Data Rows : 6048
binary raw file "waveform.raw"
ngspice-44.2 done
