
Note: No compatibility mode selected!


Circuit: ** sch_path: /work/sims/row_decoder/tb_row_decoder_sizing.sch

Doing analysis at TEMP = 27.000000 and TNOM = 27.000000

Using SPARSE 1.3 as Direct Linear Solver
Operating point simulation skipped by 'uic',
  now using transient initial conditions.
 Reference value :  5.00000e-14
 Reference value :  6.67500e-10
 Reference value :  1.38250e-09
 Reference value :  1.97450e-09
 Reference value :  2.66950e-09
 Reference value :  3.36750e-09
 Reference value :  4.09950e-09
 Reference value :  4.78950e-09
 Reference value :  5.48850e-09
 Reference value :  6.19050e-09
 Reference value :  6.88150e-09
 Reference value :  7.61550e-09
 Reference value :  8.33750e-09
 Reference value :  8.99150e-09
 Reference value :  9.70750e-09
 Reference value :  1.02725e-08
 Reference value :  1.08635e-08
 Reference value :  1.15415e-08
 Reference value :  1.22235e-08
 Reference value :  1.29025e-08
 Reference value :  1.36045e-08
 Reference value :  1.42875e-08
 Reference value :  1.49385e-08
 Reference value :  1.56085e-08
 Reference value :  1.63045e-08
 Reference value :  1.70285e-08
 Reference value :  1.77165e-08
 Reference value :  1.84125e-08
 Reference value :  1.89855e-08
 Reference value :  1.96945e-08
 Reference value :  2.03485e-08
 Reference value :  2.10135e-08
 Reference value :  2.16665e-08
 Reference value :  2.23025e-08
 Reference value :  2.29315e-08
 Reference value :  2.36345e-08
 Reference value :  2.43205e-08
 Reference value :  2.50535e-08
 Reference value :  2.57315e-08
 Reference value :  2.64435e-08
 Reference value :  2.71435e-08
 Reference value :  2.78105e-08
 Reference value :  2.84635e-08
 Reference value :  2.91015e-08
 Reference value :  2.96775e-08
No. of Data Rows : 30044
binary raw file "waveform.raw"
ngspice-44.2 done
