
Note: No compatibility mode selected!


Circuit: ** sch_path: /work/sims/row_decoder/tb_row_decoder_sizing.sch

Doing analysis at TEMP = 27.000000 and TNOM = 27.000000

Using SPARSE 1.3 as Direct Linear Solver
Operating point simulation skipped by 'uic',
  now using transient initial conditions.
 Reference value :  2.50000e-14
 Reference value :  5.03750e-11
 Reference value :  1.05375e-10
 Reference value :  1.71875e-10
 Reference value :  2.34125e-10
 Reference value :  3.16375e-10
 Reference value :  3.98875e-10
 Reference value :  4.65375e-10
 Reference value :  5.30375e-10
 Reference value :  5.99875e-10
 Reference value :  6.72125e-10
 Reference value :  7.44125e-10
 Reference value :  8.18625e-10
 Reference value :  8.90125e-10
 Reference value :  9.58625e-10
 Reference value :  1.02788e-09
 Reference value :  1.10713e-09
 Reference value :  1.17313e-09
 Reference value :  1.23513e-09
 Reference value :  1.30763e-09
 Reference value :  1.36463e-09
 Reference value :  1.41963e-09
 Reference value :  1.47138e-09
 Reference value :  1.53663e-09
 Reference value :  1.60188e-09
 Reference value :  1.66163e-09
 Reference value :  1.73163e-09
 Reference value :  1.79363e-09
 Reference value :  1.85913e-09
 Reference value :  1.92688e-09
 Reference value :  1.99538e-09
 Reference value :  2.06588e-09
 Reference value :  2.13138e-09
 Reference value :  2.20013e-09
 Reference value :  2.26963e-09
 Reference value :  2.34538e-09
 Reference value :  2.41337e-09
 Reference value :  2.47387e-09
 Reference value :  2.53637e-09
 Reference value :  2.60287e-09
 Reference value :  2.67037e-09
 Reference value :  2.73287e-09
 Reference value :  2.79737e-09
 Reference value :  2.85787e-09
 Reference value :  2.92937e-09
 Reference value :  3.00662e-09
 Reference value :  3.07262e-09
 Reference value :  3.14862e-09
 Reference value :  3.21562e-09
 Reference value :  3.28612e-09
 Reference value :  3.35537e-09
 Reference value :  3.42762e-09
 Reference value :  3.49762e-09
 Reference value :  3.56362e-09
 Reference value :  3.62987e-09
 Reference value :  3.69612e-09
 Reference value :  3.76212e-09
 Reference value :  3.83487e-09
 Reference value :  3.90487e-09
 Reference value :  3.98187e-09
 Reference value :  4.04912e-09
 Reference value :  4.12662e-09
 Reference value :  4.20012e-09
 Reference value :  4.26537e-09
 Reference value :  4.33587e-09
 Reference value :  4.40463e-09
 Reference value :  4.46363e-09
 Reference value :  4.54413e-09
 Reference value :  4.61013e-09
 Reference value :  4.67513e-09
 Reference value :  4.74188e-09
 Reference value :  4.81163e-09
 Reference value :  4.88038e-09
 Reference value :  4.94563e-09
 Reference value :  5.00963e-09
 Reference value :  5.07438e-09
 Reference value :  5.13438e-09
 Reference value :  5.19638e-09
 Reference value :  5.26338e-09
 Reference value :  5.32913e-09
 Reference value :  5.38613e-09
 Reference value :  5.43988e-09
 Reference value :  5.48813e-09
 Reference value :  5.53863e-09
 Reference value :  5.59038e-09
 Reference value :  5.64013e-09
 Reference value :  5.68038e-09
 Reference value :  5.72263e-09
 Reference value :  5.76538e-09
 Reference value :  5.80538e-09
 Reference value :  5.85363e-09
 Reference value :  5.89938e-09
 Reference value :  5.95188e-09
 Reference value :  6.00213e-09
 Reference value :  6.04988e-09
 Reference value :  6.09688e-09
 Reference value :  6.15213e-09
 Reference value :  6.20463e-09
 Reference value :  6.25688e-09
 Reference value :  6.30888e-09
 Reference value :  6.34038e-09
 Reference value :  6.38663e-09
 Reference value :  6.42838e-09
 Reference value :  6.47238e-09
 Reference value :  6.52213e-09
 Reference value :  6.57588e-09
 Reference value :  6.62988e-09
 Reference value :  6.69088e-09
 Reference value :  6.74863e-09
 Reference value :  6.80088e-09
 Reference value :  6.84988e-09
 Reference value :  6.90938e-09
 Reference value :  6.97238e-09
 Reference value :  7.03838e-09
 Reference value :  7.09213e-09
 Reference value :  7.15238e-09
 Reference value :  7.21713e-09
 Reference value :  7.27163e-09
 Reference value :  7.33488e-09
 Reference value :  7.39463e-09
 Reference value :  7.44738e-09
 Reference value :  7.49888e-09
 Reference value :  7.54863e-09
 Reference value :  7.60213e-09
 Reference value :  7.66288e-09
 Reference value :  7.72563e-09
 Reference value :  7.79113e-09
 Reference value :  7.85488e-09
 Reference value :  7.92388e-09
 Reference value :  7.99088e-09
 Reference value :  8.05613e-09
 Reference value :  8.11838e-09
 Reference value :  8.18688e-09
 Reference value :  8.24913e-09
 Reference value :  8.31538e-09
 Reference value :  8.37988e-09
 Reference value :  8.44313e-09
 Reference value :  8.50813e-09
 Reference value :  8.56913e-09
 Reference value :  8.63188e-09
 Reference value :  8.69663e-09
 Reference value :  8.75738e-09
 Reference value :  8.82338e-09
 Reference value :  8.88238e-09
 Reference value :  8.94863e-09
 Reference value :  8.99538e-09
 Reference value :  9.06113e-09
 Reference value :  9.12463e-09
 Reference value :  9.18263e-09
 Reference value :  9.26338e-09
 Reference value :  9.34213e-09
 Reference value :  9.41013e-09
 Reference value :  9.48388e-09
 Reference value :  9.56288e-09
 Reference value :  9.63663e-09
 Reference value :  9.71288e-09
 Reference value :  9.79213e-09
 Reference value :  9.86988e-09
 Reference value :  9.95113e-09
 Reference value :  1.00291e-08
 Reference value :  1.01114e-08
 Reference value :  1.01914e-08
 Reference value :  1.02614e-08
 Reference value :  1.03426e-08
 Reference value :  1.04239e-08
 Reference value :  1.05019e-08
 Reference value :  1.05806e-08
 Reference value :  1.06526e-08
 Reference value :  1.07264e-08
 Reference value :  1.07996e-08
 Reference value :  1.08839e-08
 Reference value :  1.09651e-08
 Reference value :  1.10439e-08
 Reference value :  1.11214e-08
 Reference value :  1.11956e-08
 Reference value :  1.12736e-08
 Reference value :  1.13436e-08
 Reference value :  1.14206e-08
 Reference value :  1.14916e-08
 Reference value :  1.15696e-08
 Reference value :  1.16414e-08
 Reference value :  1.17086e-08
 Reference value :  1.17886e-08
 Reference value :  1.18646e-08
 Reference value :  1.19324e-08
 Reference value :  1.20144e-08
 Reference value :  1.20884e-08
 Reference value :  1.21701e-08
 Reference value :  1.22436e-08
 Reference value :  1.23149e-08
 Reference value :  1.23929e-08
 Reference value :  1.24604e-08
 Reference value :  1.25456e-08
 Reference value :  1.26206e-08
 Reference value :  1.26979e-08
 Reference value :  1.27756e-08
 Reference value :  1.28639e-08
 Reference value :  1.29354e-08
 Reference value :  1.30266e-08
 Reference value :  1.31046e-08
 Reference value :  1.31776e-08
 Reference value :  1.32384e-08
 Reference value :  1.33016e-08
 Reference value :  1.33631e-08
 Reference value :  1.34346e-08
 Reference value :  1.34959e-08
 Reference value :  1.35709e-08
 Reference value :  1.36419e-08
 Reference value :  1.37119e-08
 Reference value :  1.37991e-08
 Reference value :  1.38756e-08
 Reference value :  1.39599e-08
 Reference value :  1.40381e-08
 Reference value :  1.41181e-08
 Reference value :  1.41916e-08
 Reference value :  1.42646e-08
 Reference value :  1.43424e-08
 Reference value :  1.44219e-08
 Reference value :  1.44979e-08
 Reference value :  1.45779e-08
 Reference value :  1.46509e-08
 Reference value :  1.47239e-08
 Reference value :  1.47974e-08
 Reference value :  1.48734e-08
 Reference value :  1.49501e-08
 Reference value :  1.50236e-08
 Reference value :  1.51006e-08
 Reference value :  1.51769e-08
 Reference value :  1.52509e-08
 Reference value :  1.53261e-08
 Reference value :  1.54011e-08
 Reference value :  1.54664e-08
 Reference value :  1.55444e-08
 Reference value :  1.56249e-08
 Reference value :  1.56951e-08
 Reference value :  1.57656e-08
 Reference value :  1.58389e-08
 Reference value :  1.59151e-08
 Reference value :  1.59849e-08
 Reference value :  1.60601e-08
 Reference value :  1.61251e-08
 Reference value :  1.61966e-08
 Reference value :  1.62759e-08
 Reference value :  1.63534e-08
 Reference value :  1.64364e-08
 Reference value :  1.65154e-08
 Reference value :  1.66046e-08
 Reference value :  1.66809e-08
 Reference value :  1.67569e-08
 Reference value :  1.68276e-08
 Reference value :  1.68996e-08
 Reference value :  1.69746e-08
 Reference value :  1.70509e-08
 Reference value :  1.71194e-08
 Reference value :  1.71971e-08
 Reference value :  1.72759e-08
 Reference value :  1.73541e-08
 Reference value :  1.74326e-08
 Reference value :  1.75114e-08
 Reference value :  1.75896e-08
 Reference value :  1.76571e-08
 Reference value :  1.77244e-08
 Reference value :  1.77954e-08
 Reference value :  1.78721e-08
 Reference value :  1.79486e-08
 Reference value :  1.80246e-08
 Reference value :  1.80926e-08
 Reference value :  1.81626e-08
 Reference value :  1.82364e-08
 Reference value :  1.83109e-08
 Reference value :  1.83756e-08
 Reference value :  1.84476e-08
 Reference value :  1.85046e-08
 Reference value :  1.85809e-08
 Reference value :  1.86526e-08
 Reference value :  1.87446e-08
 Reference value :  1.88264e-08
 Reference value :  1.89134e-08
 Reference value :  1.90061e-08
 Reference value :  1.91044e-08
 Reference value :  1.92026e-08
 Reference value :  1.92921e-08
 Reference value :  1.93764e-08
 Reference value :  1.94614e-08
 Reference value :  1.95584e-08
 Reference value :  1.96531e-08
 Reference value :  1.97376e-08
 Reference value :  1.98246e-08
 Reference value :  1.99124e-08
 Reference value :  1.99921e-08
 Reference value :  2.00729e-08
 Reference value :  2.01664e-08
 Reference value :  2.02556e-08
 Reference value :  2.03501e-08
 Reference value :  2.04304e-08
 Reference value :  2.05186e-08
 Reference value :  2.06159e-08
 Reference value :  2.07034e-08
 Reference value :  2.07886e-08
 Reference value :  2.08759e-08
 Reference value :  2.09591e-08
 Reference value :  2.10256e-08
 Reference value :  2.11186e-08
 Reference value :  2.12079e-08
 Reference value :  2.13051e-08
 Reference value :  2.13854e-08
 Reference value :  2.14804e-08
 Reference value :  2.15661e-08
 Reference value :  2.16556e-08
 Reference value :  2.17356e-08
 Reference value :  2.18231e-08
 Reference value :  2.19054e-08
 Reference value :  2.19939e-08
 Reference value :  2.20804e-08
 Reference value :  2.21749e-08
 Reference value :  2.22539e-08
 Reference value :  2.23419e-08
 Reference value :  2.24249e-08
 Reference value :  2.25169e-08
 Reference value :  2.26066e-08
 Reference value :  2.26956e-08
 Reference value :  2.27766e-08
 Reference value :  2.28691e-08
 Reference value :  2.29561e-08
 Reference value :  2.30389e-08
 Reference value :  2.31204e-08
 Reference value :  2.32169e-08
 Reference value :  2.33014e-08
 Reference value :  2.33849e-08
 Reference value :  2.34569e-08
 Reference value :  2.35331e-08
 Reference value :  2.36011e-08
 Reference value :  2.36716e-08
 Reference value :  2.37449e-08
 Reference value :  2.38274e-08
 Reference value :  2.38981e-08
 Reference value :  2.39791e-08
 Reference value :  2.40611e-08
 Reference value :  2.41461e-08
 Reference value :  2.42449e-08
 Reference value :  2.43321e-08
 Reference value :  2.44219e-08
 Reference value :  2.45119e-08
 Reference value :  2.45996e-08
 Reference value :  2.46846e-08
 Reference value :  2.47689e-08
 Reference value :  2.48521e-08
 Reference value :  2.49439e-08
 Reference value :  2.50354e-08
 Reference value :  2.51244e-08
 Reference value :  2.52096e-08
 Reference value :  2.52961e-08
 Reference value :  2.53874e-08
 Reference value :  2.54759e-08
 Reference value :  2.55624e-08
 Reference value :  2.56514e-08
 Reference value :  2.57356e-08
 Reference value :  2.58276e-08
 Reference value :  2.59209e-08
 Reference value :  2.60071e-08
 Reference value :  2.60906e-08
 Reference value :  2.61579e-08
 Reference value :  2.62391e-08
 Reference value :  2.63231e-08
 Reference value :  2.64009e-08
 Reference value :  2.64924e-08
 Reference value :  2.65874e-08
 Reference value :  2.66769e-08
 Reference value :  2.67609e-08
 Reference value :  2.68276e-08
 Reference value :  2.69161e-08
 Reference value :  2.69981e-08
 Reference value :  2.70744e-08
 Reference value :  2.71484e-08
 Reference value :  2.72301e-08
 Reference value :  2.73114e-08
 Reference value :  2.73894e-08
 Reference value :  2.74821e-08
 Reference value :  2.75594e-08
 Reference value :  2.76489e-08
 Reference value :  2.77366e-08
 Reference value :  2.78204e-08
 Reference value :  2.79101e-08
 Reference value :  2.79991e-08
 Reference value :  2.80834e-08
 Reference value :  2.81754e-08
 Reference value :  2.82711e-08
 Reference value :  2.83561e-08
 Reference value :  2.84421e-08
 Reference value :  2.85306e-08
 Reference value :  2.86099e-08
 Reference value :  2.86894e-08
 Reference value :  2.87779e-08
 Reference value :  2.88581e-08
 Reference value :  2.89349e-08
 Reference value :  2.90201e-08
 Reference value :  2.90971e-08
 Reference value :  2.91869e-08
 Reference value :  2.92846e-08
 Reference value :  2.93706e-08
 Reference value :  2.94614e-08
 Reference value :  2.95469e-08
 Reference value :  2.96346e-08
 Reference value :  2.97234e-08
 Reference value :  2.98124e-08
 Reference value :  2.98946e-08
 Reference value :  2.99819e-08
No. of Data Rows : 120036
binary raw file "waveform.raw"
ngspice-44.2 done
