
Note: No compatibility mode selected!


Circuit: ** sch_path: /work/sims/row_decoder/tb_row_decoder_sizing.sch

Doing analysis at TEMP = 27.000000 and TNOM = 27.000000

Using SPARSE 1.3 as Direct Linear Solver
Operating point simulation skipped by 'uic',
  now using transient initial conditions.
 Reference value :  5.00000e-14
 Reference value :  2.65550e-09
 Reference value :  5.03250e-09
 Reference value :  7.38650e-09
 Reference value :  9.79750e-09
 Reference value :  1.25505e-08
 Reference value :  1.51725e-08
 Reference value :  1.77205e-08
 Reference value :  2.03985e-08
 Reference value :  2.28085e-08
 Reference value :  2.54885e-08
 Reference value :  2.81975e-08
No. of Data Rows : 30041
binary raw file "waveform.raw"
ngspice-44.2 done
