
Note: No compatibility mode selected!


Circuit: ** sch_path: /work/sims/row_decoder/tb_row_decoder_sizing.sch

Doing analysis at TEMP = 27.000000 and TNOM = 27.000000

Using SPARSE 1.3 as Direct Linear Solver
Operating point simulation skipped by 'uic',
  now using transient initial conditions.
 Reference value :  5.00000e-14
 Reference value :  6.64500e-10
 Reference value :  1.28850e-09
 Reference value :  1.95450e-09
 Reference value :  2.66350e-09
 Reference value :  3.37850e-09
 Reference value :  4.09250e-09
 Reference value :  4.78850e-09
 Reference value :  5.47550e-09
 Reference value :  6.16850e-09
 Reference value :  6.88450e-09
 Reference value :  7.60750e-09
 Reference value :  8.28350e-09
 Reference value :  8.97650e-09
 Reference value :  9.60550e-09
 Reference value :  1.02045e-08
 Reference value :  1.08615e-08
 Reference value :  1.15575e-08
 Reference value :  1.22425e-08
 Reference value :  1.29175e-08
 Reference value :  1.36185e-08
 Reference value :  1.43065e-08
 Reference value :  1.49455e-08
 Reference value :  1.56585e-08
 Reference value :  1.63915e-08
 Reference value :  1.70715e-08
 Reference value :  1.77575e-08
 Reference value :  1.83415e-08
 Reference value :  1.90345e-08
 Reference value :  1.97315e-08
 Reference value :  2.03955e-08
 Reference value :  2.10465e-08
 Reference value :  2.17395e-08
 Reference value :  2.23135e-08
 Reference value :  2.30255e-08
 Reference value :  2.37395e-08
 Reference value :  2.44625e-08
 Reference value :  2.51285e-08
 Reference value :  2.58425e-08
 Reference value :  2.65875e-08
 Reference value :  2.72215e-08
 Reference value :  2.79215e-08
 Reference value :  2.85545e-08
 Reference value :  2.91235e-08
 Reference value :  2.97555e-08
No. of Data Rows : 30038
binary raw file "waveform.raw"
ngspice-44.2 done
