
Note: No compatibility mode selected!


Circuit: ** sch_path: /work/sims/row_decoder/tb_row_decoder_sizing.sch

Doing analysis at TEMP = 27.000000 and TNOM = 27.000000

Using SPARSE 1.3 as Direct Linear Solver
Operating point simulation skipped by 'uic',
  now using transient initial conditions.
 Reference value :  5.00000e-14
 Reference value :  2.73250e-09
 Reference value :  5.33450e-09
 Reference value :  7.78950e-09
 Reference value :  1.03615e-08
 Reference value :  1.29335e-08
 Reference value :  1.54785e-08
 Reference value :  1.81925e-08
 Reference value :  2.08065e-08
 Reference value :  2.35285e-08
 Reference value :  2.61385e-08
 Reference value :  2.88045e-08
No. of Data Rows : 30041
binary raw file "waveform.raw"
ngspice-44.2 done
