
Note: No compatibility mode selected!


Circuit: ** sch_path: /work/sims/row_decoder/tb_row_decoder_sizing.sch

Doing analysis at TEMP = 27.000000 and TNOM = 27.000000

Using SPARSE 1.3 as Direct Linear Solver
Operating point simulation skipped by 'uic',
  now using transient initial conditions.
 Reference value :  5.00000e-14
 Reference value :  5.67500e-10
 Reference value :  1.16750e-09
 Reference value :  1.78750e-09
 Reference value :  2.47050e-09
 Reference value :  3.08450e-09
 Reference value :  3.73150e-09
 Reference value :  4.45450e-09
 Reference value :  5.15250e-09
 Reference value :  5.84950e-09
 Reference value :  6.56050e-09
 Reference value :  7.26550e-09
 Reference value :  7.96050e-09
 Reference value :  8.66850e-09
 Reference value :  9.30250e-09
 Reference value :  9.96650e-09
 Reference value :  1.05885e-08
 Reference value :  1.12365e-08
 Reference value :  1.19325e-08
 Reference value :  1.26015e-08
 Reference value :  1.32925e-08
 Reference value :  1.39805e-08
 Reference value :  1.46455e-08
 Reference value :  1.53385e-08
 Reference value :  1.60345e-08
 Reference value :  1.66995e-08
 Reference value :  1.73585e-08
 Reference value :  1.79335e-08
 Reference value :  1.86475e-08
 Reference value :  1.93475e-08
 Reference value :  2.00375e-08
 Reference value :  2.07155e-08
 Reference value :  2.13745e-08
 Reference value :  2.19445e-08
 Reference value :  2.25225e-08
 Reference value :  2.31625e-08
 Reference value :  2.38475e-08
 Reference value :  2.45375e-08
 Reference value :  2.52305e-08
 Reference value :  2.59065e-08
 Reference value :  2.65845e-08
 Reference value :  2.72335e-08
 Reference value :  2.79035e-08
 Reference value :  2.86055e-08
 Reference value :  2.92865e-08
 Reference value :  2.99395e-08
No. of Data Rows : 30044
binary raw file "waveform.raw"
ngspice-44.2 done
