
Note: No compatibility mode selected!


Circuit: ** sch_path: /work/sims/row_decoder/tb_row_decoder_sizing.sch

Doing analysis at TEMP = 27.000000 and TNOM = 27.000000

Using SPARSE 1.3 as Direct Linear Solver
Operating point simulation skipped by 'uic',
  now using transient initial conditions.
 Reference value :  5.00000e-14
 Reference value :  1.21604e-09
 Reference value :  2.81604e-09
 Reference value :  4.06104e-09
 Reference value :  5.52250e-09
 Reference value :  7.00250e-09
 Reference value :  8.37750e-09
 Reference value :  9.71250e-09
 Reference value :  1.11575e-08
 Reference value :  1.26325e-08
 Reference value :  1.41575e-08
 Reference value :  1.55875e-08
 Reference value :  1.69125e-08
 Reference value :  1.83025e-08
 Reference value :  1.97425e-08
 Reference value :  2.10275e-08
 Reference value :  2.22375e-08
 Reference value :  2.32625e-08
 Reference value :  2.44925e-08
 Reference value :  2.55825e-08
 Reference value :  2.68425e-08
 Reference value :  2.79775e-08
 Reference value :  2.90225e-08
No. of Data Rows : 6048
binary raw file "waveform.raw"
ngspice-44.2 done
