
Note: No compatibility mode selected!


Circuit: ** sch_path: /work/sims/row_decoder/tb_row_decoder_sizing.sch

Doing analysis at TEMP = 27.000000 and TNOM = 27.000000

Using SPARSE 1.3 as Direct Linear Solver
Operating point simulation skipped by 'uic',
  now using transient initial conditions.
 Reference value :  5.00000e-14
 Reference value :  7.15592e-10
 Reference value :  1.64059e-09
 Reference value :  2.68559e-09
 Reference value :  3.87059e-09
 Reference value :  4.87559e-09
 Reference value :  5.87750e-09
 Reference value :  7.01250e-09
 Reference value :  8.21750e-09
 Reference value :  9.38750e-09
 Reference value :  1.05825e-08
 Reference value :  1.17375e-08
 Reference value :  1.29275e-08
 Reference value :  1.40525e-08
 Reference value :  1.51575e-08
 Reference value :  1.62275e-08
 Reference value :  1.72675e-08
 Reference value :  1.82525e-08
 Reference value :  1.95175e-08
 Reference value :  2.05875e-08
 Reference value :  2.16825e-08
 Reference value :  2.28475e-08
 Reference value :  2.39525e-08
 Reference value :  2.49765e-08
 Reference value :  2.60675e-08
 Reference value :  2.70825e-08
 Reference value :  2.81375e-08
 Reference value :  2.91175e-08
No. of Data Rows : 6048
binary raw file "waveform.raw"
ngspice-44.2 done
