
Note: No compatibility mode selected!


Circuit: ** sch_path: /work/sims/row_decoder/tb_row_decoder_sizing.sch

Doing analysis at TEMP = 27.000000 and TNOM = 27.000000

Using SPARSE 1.3 as Direct Linear Solver
Operating point simulation skipped by 'uic',
  now using transient initial conditions.
 Reference value :  5.00000e-14
 Reference value :  2.98500e-10
 Reference value :  6.53500e-10
 Reference value :  1.01750e-09
 Reference value :  1.38150e-09
 Reference value :  1.74950e-09
 Reference value :  2.12050e-09
 Reference value :  2.47450e-09
 Reference value :  2.82750e-09
 Reference value :  3.17850e-09
 Reference value :  3.49850e-09
 Reference value :  3.83650e-09
 Reference value :  4.15750e-09
 Reference value :  4.50050e-09
 Reference value :  4.85950e-09
 Reference value :  5.20650e-09
 Reference value :  5.58250e-09
 Reference value :  5.93650e-09
 Reference value :  6.29350e-09
 Reference value :  6.67750e-09
 Reference value :  7.04250e-09
 Reference value :  7.39650e-09
 Reference value :  7.82050e-09
 Reference value :  8.26650e-09
 Reference value :  8.71050e-09
 Reference value :  9.10350e-09
 Reference value :  9.56050e-09
 Reference value :  9.99250e-09
 Reference value :  1.03455e-08
 Reference value :  1.07115e-08
 Reference value :  1.10205e-08
 Reference value :  1.13795e-08
 Reference value :  1.17345e-08
 Reference value :  1.21605e-08
 Reference value :  1.26015e-08
 Reference value :  1.30595e-08
 Reference value :  1.35275e-08
 Reference value :  1.39665e-08
 Reference value :  1.44375e-08
 Reference value :  1.48955e-08
 Reference value :  1.53135e-08
 Reference value :  1.57875e-08
 Reference value :  1.62465e-08
 Reference value :  1.66855e-08
 Reference value :  1.71045e-08
 Reference value :  1.75025e-08
 Reference value :  1.79265e-08
 Reference value :  1.83595e-08
 Reference value :  1.88055e-08
 Reference value :  1.92115e-08
 Reference value :  1.96495e-08
 Reference value :  2.00855e-08
 Reference value :  2.05195e-08
 Reference value :  2.09575e-08
 Reference value :  2.13965e-08
 Reference value :  2.18655e-08
 Reference value :  2.23335e-08
 Reference value :  2.27905e-08
 Reference value :  2.32345e-08
 Reference value :  2.36745e-08
 Reference value :  2.41285e-08
 Reference value :  2.44595e-08
 Reference value :  2.48065e-08
 Reference value :  2.52335e-08
 Reference value :  2.56505e-08
 Reference value :  2.60835e-08
 Reference value :  2.65265e-08
 Reference value :  2.69545e-08
 Reference value :  2.74025e-08
 Reference value :  2.78715e-08
 Reference value :  2.83375e-08
 Reference value :  2.88125e-08
 Reference value :  2.92875e-08
 Reference value :  2.97595e-08
No. of Data Rows : 30045
binary raw file "waveform.raw"
ngspice-44.2 done
