
Note: No compatibility mode selected!


Circuit: ** sch_path: /work/sims/row_decoder/tb_row_decoder_sizing.sch

Doing analysis at TEMP = 27.000000 and TNOM = 27.000000

Using SPARSE 1.3 as Direct Linear Solver
Operating point simulation skipped by 'uic',
  now using transient initial conditions.
 Reference value :  5.00000e-14
 Reference value :  6.24031e-10
 Reference value :  1.31603e-09
 Reference value :  1.97903e-09
 Reference value :  2.70603e-09
 Reference value :  3.38203e-09
 Reference value :  4.03703e-09
 Reference value :  4.73203e-09
 Reference value :  5.39750e-09
 Reference value :  6.08250e-09
 Reference value :  6.73150e-09
 Reference value :  7.41950e-09
 Reference value :  8.13750e-09
 Reference value :  8.78450e-09
 Reference value :  9.47050e-09
 Reference value :  1.01265e-08
 Reference value :  1.07895e-08
 Reference value :  1.14845e-08
 Reference value :  1.21435e-08
 Reference value :  1.28245e-08
 Reference value :  1.35465e-08
 Reference value :  1.42095e-08
 Reference value :  1.48595e-08
 Reference value :  1.54965e-08
 Reference value :  1.61645e-08
 Reference value :  1.68745e-08
 Reference value :  1.75435e-08
 Reference value :  1.81865e-08
 Reference value :  1.88615e-08
 Reference value :  1.95835e-08
 Reference value :  2.02885e-08
 Reference value :  2.08985e-08
 Reference value :  2.16185e-08
 Reference value :  2.22105e-08
 Reference value :  2.29275e-08
 Reference value :  2.36035e-08
 Reference value :  2.43135e-08
 Reference value :  2.49945e-08
 Reference value :  2.56885e-08
 Reference value :  2.63715e-08
 Reference value :  2.70295e-08
 Reference value :  2.76915e-08
 Reference value :  2.83445e-08
 Reference value :  2.89585e-08
 Reference value :  2.96215e-08
No. of Data Rows : 30044
binary raw file "waveform.raw"
ngspice-44.2 done
