
Note: No compatibility mode selected!


Circuit: ** sch_path: /work/sims/row_decoder/tb_row_decoder_sizing.sch

Doing analysis at TEMP = -40.000000 and TNOM = 27.000000

Using SPARSE 1.3 as Direct Linear Solver
Operating point simulation skipped by 'uic',
  now using transient initial conditions.
 Reference value :  5.00000e-14
 Reference value :  8.23500e-10
 Reference value :  1.76250e-09
 Reference value :  2.62950e-09
 Reference value :  3.46850e-09
 Reference value :  4.37250e-09
 Reference value :  5.24150e-09
 Reference value :  6.14750e-09
 Reference value :  6.99350e-09
 Reference value :  7.95050e-09
 Reference value :  8.81450e-09
 Reference value :  9.76850e-09
 Reference value :  1.06875e-08
 Reference value :  1.14945e-08
 Reference value :  1.23435e-08
 Reference value :  1.32855e-08
 Reference value :  1.40885e-08
 Reference value :  1.49565e-08
 Reference value :  1.58255e-08
 Reference value :  1.66775e-08
 Reference value :  1.75175e-08
 Reference value :  1.83495e-08
 Reference value :  1.92085e-08
 Reference value :  2.00105e-08
 Reference value :  2.07745e-08
 Reference value :  2.15575e-08
 Reference value :  2.24095e-08
 Reference value :  2.33165e-08
 Reference value :  2.42415e-08
 Reference value :  2.51895e-08
 Reference value :  2.60915e-08
 Reference value :  2.70285e-08
 Reference value :  2.79855e-08
 Reference value :  2.88745e-08
 Reference value :  2.96865e-08
No. of Data Rows : 30041
binary raw file "waveform.raw"
ngspice-44.2 done

Checking parameters for BSIM 4.5 model x5.xmn1:nshort_model.48
Warning: Eta0 = -0.0286127 is negative.

Checking parameters for BSIM 4.5 model x4.xmn1:nshort_model.48
Warning: Eta0 = -0.0286127 is negative.

Checking parameters for BSIM 4.5 model x3.xmn1:nshort_model.48
Warning: Eta0 = -0.0286127 is negative.

Checking parameters for BSIM 4.5 model x2.xmn1:nshort_model.48
Warning: Eta0 = -0.0286127 is negative.
