
Note: No compatibility mode selected!


Circuit: ** sch_path: /work/sims/row_decoder/tb_row_decoder_sizing.sch

Doing analysis at TEMP = -40.000000 and TNOM = 27.000000

Using SPARSE 1.3 as Direct Linear Solver
Operating point simulation skipped by 'uic',
  now using transient initial conditions.
 Reference value :  5.00000e-14
 Reference value :  1.08668e-09
 Reference value :  2.30668e-09
 Reference value :  3.53668e-09
 Reference value :  4.82668e-09
 Reference value :  5.96250e-09
 Reference value :  7.18750e-09
 Reference value :  8.40750e-09
 Reference value :  9.68750e-09
 Reference value :  1.08475e-08
 Reference value :  1.20975e-08
 Reference value :  1.33975e-08
 Reference value :  1.45725e-08
 Reference value :  1.58475e-08
 Reference value :  1.71025e-08
 Reference value :  1.83775e-08
 Reference value :  1.96325e-08
 Reference value :  2.06175e-08
 Reference value :  2.16125e-08
 Reference value :  2.25925e-08
 Reference value :  2.35575e-08
 Reference value :  2.47675e-08
 Reference value :  2.59125e-08
 Reference value :  2.70275e-08
 Reference value :  2.82375e-08
 Reference value :  2.97475e-08
No. of Data Rows : 6049
binary raw file "waveform.raw"
ngspice-44.2 done

Checking parameters for BSIM 4.5 model x5.xmn1:nshort_model.48
Warning: Eta0 = -0.0286127 is negative.

Checking parameters for BSIM 4.5 model x4.xmn1:nshort_model.48
Warning: Eta0 = -0.0286127 is negative.

Checking parameters for BSIM 4.5 model x3.xmn1:nshort_model.48
Warning: Eta0 = -0.0286127 is negative.

Checking parameters for BSIM 4.5 model x2.xmn1:nshort_model.48
Warning: Eta0 = -0.0286127 is negative.
