
Note: No compatibility mode selected!


Circuit: ** sch_path: /work/sims/row_decoder/tb_row_decoder_sizing.sch

Doing analysis at TEMP = 27.000000 and TNOM = 27.000000

Using SPARSE 1.3 as Direct Linear Solver
Operating point simulation skipped by 'uic',
  now using transient initial conditions.
 Reference value :  2.50000e-14
 Reference value :  2.27125e-10
 Reference value :  4.61625e-10
 Reference value :  6.96375e-10
 Reference value :  9.03375e-10
 Reference value :  1.12413e-09
 Reference value :  1.33663e-09
 Reference value :  1.54713e-09
 Reference value :  1.76663e-09
 Reference value :  1.99688e-09
 Reference value :  2.21338e-09
 Reference value :  2.42587e-09
 Reference value :  2.63487e-09
 Reference value :  2.84787e-09
 Reference value :  3.05137e-09
 Reference value :  3.25812e-09
 Reference value :  3.47437e-09
 Reference value :  3.68787e-09
 Reference value :  3.91162e-09
 Reference value :  4.12437e-09
 Reference value :  4.33587e-09
 Reference value :  4.54363e-09
 Reference value :  4.76263e-09
 Reference value :  4.97963e-09
 Reference value :  5.19088e-09
 Reference value :  5.40313e-09
 Reference value :  5.60113e-09
 Reference value :  5.80413e-09
 Reference value :  6.02463e-09
 Reference value :  6.23788e-09
 Reference value :  6.47563e-09
 Reference value :  6.68913e-09
 Reference value :  6.94038e-09
 Reference value :  7.16788e-09
 Reference value :  7.39238e-09
 Reference value :  7.61688e-09
 Reference value :  7.86113e-09
 Reference value :  8.10988e-09
 Reference value :  8.32363e-09
 Reference value :  8.56138e-09
 Reference value :  8.78063e-09
 Reference value :  8.98063e-09
 Reference value :  9.19388e-09
 Reference value :  9.40163e-09
 Reference value :  9.60763e-09
 Reference value :  9.86538e-09
 Reference value :  1.00961e-08
 Reference value :  1.03199e-08
 Reference value :  1.05626e-08
 Reference value :  1.07734e-08
 Reference value :  1.10024e-08
 Reference value :  1.12214e-08
 Reference value :  1.14484e-08
 Reference value :  1.16579e-08
 Reference value :  1.18636e-08
 Reference value :  1.20701e-08
 Reference value :  1.22776e-08
 Reference value :  1.24749e-08
 Reference value :  1.26831e-08
 Reference value :  1.28714e-08
 Reference value :  1.30811e-08
 Reference value :  1.33014e-08
 Reference value :  1.35491e-08
 Reference value :  1.37736e-08
 Reference value :  1.39904e-08
 Reference value :  1.42039e-08
 Reference value :  1.44441e-08
 Reference value :  1.46901e-08
 Reference value :  1.48986e-08
 Reference value :  1.51019e-08
 Reference value :  1.53054e-08
 Reference value :  1.55284e-08
 Reference value :  1.57386e-08
 Reference value :  1.59719e-08
 Reference value :  1.61846e-08
 Reference value :  1.63879e-08
 Reference value :  1.66039e-08
 Reference value :  1.68009e-08
 Reference value :  1.70564e-08
 Reference value :  1.72914e-08
 Reference value :  1.75416e-08
 Reference value :  1.77819e-08
 Reference value :  1.80154e-08
 Reference value :  1.82479e-08
 Reference value :  1.84741e-08
 Reference value :  1.87026e-08
 Reference value :  1.89561e-08
 Reference value :  1.92349e-08
 Reference value :  1.94966e-08
 Reference value :  1.97244e-08
 Reference value :  1.99806e-08
 Reference value :  2.02264e-08
 Reference value :  2.04544e-08
 Reference value :  2.06924e-08
 Reference value :  2.09329e-08
 Reference value :  2.11751e-08
 Reference value :  2.14134e-08
 Reference value :  2.16421e-08
 Reference value :  2.18674e-08
 Reference value :  2.21321e-08
 Reference value :  2.23671e-08
 Reference value :  2.26199e-08
 Reference value :  2.28701e-08
 Reference value :  2.30904e-08
 Reference value :  2.33381e-08
 Reference value :  2.35839e-08
 Reference value :  2.38269e-08
 Reference value :  2.40616e-08
 Reference value :  2.43281e-08
 Reference value :  2.45549e-08
 Reference value :  2.47936e-08
 Reference value :  2.50184e-08
 Reference value :  2.52541e-08
 Reference value :  2.54941e-08
 Reference value :  2.57299e-08
 Reference value :  2.59534e-08
 Reference value :  2.61844e-08
 Reference value :  2.64249e-08
 Reference value :  2.66846e-08
 Reference value :  2.69386e-08
 Reference value :  2.72006e-08
 Reference value :  2.74409e-08
 Reference value :  2.76636e-08
 Reference value :  2.78801e-08
 Reference value :  2.81256e-08
 Reference value :  2.83511e-08
 Reference value :  2.85771e-08
 Reference value :  2.88459e-08
 Reference value :  2.90671e-08
 Reference value :  2.93376e-08
 Reference value :  2.95586e-08
 Reference value :  2.97724e-08
 Reference value :  2.99839e-08
No. of Data Rows : 120033
binary raw file "waveform.raw"
ngspice-44.2 done
