
Note: No compatibility mode selected!


Circuit: ** sch_path: /work/sims/row_decoder/tb_row_decoder_sizing.sch

Doing analysis at TEMP = -40.000000 and TNOM = 27.000000

Using SPARSE 1.3 as Direct Linear Solver
Operating point simulation skipped by 'uic',
  now using transient initial conditions.
 Reference value :  5.00000e-14
 Reference value :  4.05500e-10
 Reference value :  8.28500e-10
 Reference value :  1.26850e-09
 Reference value :  1.67150e-09
 Reference value :  2.08450e-09
 Reference value :  2.45850e-09
 Reference value :  2.87650e-09
 Reference value :  3.31650e-09
 Reference value :  3.75850e-09
 Reference value :  4.19850e-09
 Reference value :  4.64350e-09
 Reference value :  5.09950e-09
 Reference value :  5.54050e-09
 Reference value :  6.00350e-09
 Reference value :  6.43750e-09
 Reference value :  6.84950e-09
 Reference value :  7.29850e-09
 Reference value :  7.72750e-09
 Reference value :  8.17950e-09
 Reference value :  8.61550e-09
 Reference value :  9.07850e-09
 Reference value :  9.50250e-09
 Reference value :  9.93250e-09
 Reference value :  1.03495e-08
 Reference value :  1.07505e-08
 Reference value :  1.11905e-08
 Reference value :  1.16205e-08
 Reference value :  1.20945e-08
 Reference value :  1.25485e-08
 Reference value :  1.29895e-08
 Reference value :  1.34515e-08
 Reference value :  1.38895e-08
 Reference value :  1.43495e-08
 Reference value :  1.47775e-08
 Reference value :  1.51345e-08
 Reference value :  1.55555e-08
 Reference value :  1.60255e-08
 Reference value :  1.64525e-08
 Reference value :  1.69115e-08
 Reference value :  1.73365e-08
 Reference value :  1.77915e-08
 Reference value :  1.82225e-08
 Reference value :  1.86355e-08
 Reference value :  1.90595e-08
 Reference value :  1.94785e-08
 Reference value :  1.99235e-08
 Reference value :  2.02825e-08
 Reference value :  2.07225e-08
 Reference value :  2.11735e-08
 Reference value :  2.15825e-08
 Reference value :  2.20505e-08
 Reference value :  2.24715e-08
 Reference value :  2.29055e-08
 Reference value :  2.33665e-08
 Reference value :  2.38255e-08
 Reference value :  2.42815e-08
 Reference value :  2.47495e-08
 Reference value :  2.51935e-08
 Reference value :  2.56265e-08
 Reference value :  2.60315e-08
 Reference value :  2.64955e-08
 Reference value :  2.69485e-08
 Reference value :  2.73975e-08
 Reference value :  2.78545e-08
 Reference value :  2.83235e-08
 Reference value :  2.87625e-08
 Reference value :  2.92055e-08
 Reference value :  2.96555e-08
No. of Data Rows : 30045
binary raw file "waveform.raw"
ngspice-44.2 done

Checking parameters for BSIM 4.5 model x5.xmn1:nshort_model.48
Warning: Eta0 = -0.0286127 is negative.

Checking parameters for BSIM 4.5 model x4.xmn1:nshort_model.48
Warning: Eta0 = -0.0286127 is negative.

Checking parameters for BSIM 4.5 model x3.xmn1:nshort_model.48
Warning: Eta0 = -0.0286127 is negative.

Checking parameters for BSIM 4.5 model x2.xmn1:nshort_model.48
Warning: Eta0 = -0.0286127 is negative.
