
Note: No compatibility mode selected!


Circuit: ** sch_path: /work/sims/row_decoder/tb_row_decoder_sizing.sch

Doing analysis at TEMP = 27.000000 and TNOM = 27.000000

Using SPARSE 1.3 as Direct Linear Solver
Operating point simulation skipped by 'uic',
  now using transient initial conditions.
 Reference value :  5.00000e-14
 Reference value :  1.88569e-11
 Reference value :  1.40857e-10
 Reference value :  2.62719e-10
 Reference value :  3.86719e-10
 Reference value :  5.08632e-10
 Reference value :  6.24632e-10
 Reference value :  7.47619e-10
 Reference value :  8.71465e-10
 Reference value :  9.90112e-10
 Reference value :  1.11411e-09
 Reference value :  1.23411e-09
 Reference value :  1.35811e-09
 Reference value :  1.47478e-09
 Reference value :  1.60278e-09
 Reference value :  1.72378e-09
 Reference value :  1.84570e-09
 Reference value :  1.97470e-09
 Reference value :  2.09970e-09
 Reference value :  2.22670e-09
 Reference value :  2.35470e-09
 Reference value :  2.48670e-09
 Reference value :  2.61670e-09
 Reference value :  2.74770e-09
 Reference value :  2.87670e-09
 Reference value :  3.00070e-09
 Reference value :  3.12270e-09
 Reference value :  3.25370e-09
 Reference value :  3.38470e-09
 Reference value :  3.51570e-09
 Reference value :  3.64470e-09
 Reference value :  3.77570e-09
 Reference value :  3.90570e-09
 Reference value :  4.03170e-09
 Reference value :  4.15870e-09
 Reference value :  4.28570e-09
 Reference value :  4.41470e-09
 Reference value :  4.54570e-09
 Reference value :  4.67470e-09
 Reference value :  4.80670e-09
 Reference value :  4.93570e-09
 Reference value :  5.04002e-09
 Reference value :  5.15301e-09
 Reference value :  5.27901e-09
 Reference value :  5.40901e-09
 Reference value :  5.53957e-09
 Reference value :  5.66057e-09
 Reference value :  5.78129e-09
 Reference value :  5.89113e-09
 Reference value :  6.00209e-09
 Reference value :  6.12609e-09
 Reference value :  6.23909e-09
 Reference value :  6.36609e-09
 Reference value :  6.49609e-09
 Reference value :  6.61902e-09
 Reference value :  6.74802e-09
 Reference value :  6.87602e-09
 Reference value :  7.00402e-09
 Reference value :  7.12802e-09
 Reference value :  7.25802e-09
 Reference value :  7.39002e-09
 Reference value :  7.52202e-09
 Reference value :  7.65102e-09
 Reference value :  7.78202e-09
 Reference value :  7.91302e-09
 Reference value :  8.03902e-09
 Reference value :  8.16302e-09
 Reference value :  8.28902e-09
 Reference value :  8.41102e-09
 Reference value :  8.54302e-09
 Reference value :  8.67302e-09
 Reference value :  8.80302e-09
 Reference value :  8.93502e-09
 Reference value :  9.06302e-09
 Reference value :  9.19102e-09
 Reference value :  9.32202e-09
 Reference value :  9.45602e-09
 Reference value :  9.58802e-09
 Reference value :  9.71802e-09
 Reference value :  9.84002e-09
 Reference value :  9.97002e-09
 Reference value :  1.00662e-08
 Reference value :  1.01798e-08
 Reference value :  1.03048e-08
 Reference value :  1.04348e-08
 Reference value :  1.05628e-08
 Reference value :  1.06797e-08
 Reference value :  1.08077e-08
 Reference value :  1.09337e-08
 Reference value :  1.10556e-08
 Reference value :  1.11766e-08
 Reference value :  1.13006e-08
 Reference value :  1.14216e-08
 Reference value :  1.15426e-08
 Reference value :  1.16636e-08
 Reference value :  1.17916e-08
 Reference value :  1.19216e-08
 Reference value :  1.20516e-08
 Reference value :  1.21725e-08
 Reference value :  1.22917e-08
 Reference value :  1.24267e-08
 Reference value :  1.25587e-08
 Reference value :  1.26777e-08
 Reference value :  1.28077e-08
 Reference value :  1.29357e-08
 Reference value :  1.30637e-08
 Reference value :  1.31897e-08
 Reference value :  1.33177e-08
 Reference value :  1.34437e-08
 Reference value :  1.35777e-08
 Reference value :  1.37077e-08
 Reference value :  1.38387e-08
 Reference value :  1.39687e-08
 Reference value :  1.40957e-08
 Reference value :  1.42247e-08
 Reference value :  1.43587e-08
 Reference value :  1.44826e-08
 Reference value :  1.45980e-08
 Reference value :  1.47290e-08
 Reference value :  1.48610e-08
 Reference value :  1.49758e-08
 Reference value :  1.50748e-08
 Reference value :  1.51857e-08
 Reference value :  1.53082e-08
 Reference value :  1.54345e-08
 Reference value :  1.55655e-08
 Reference value :  1.56852e-08
 Reference value :  1.58019e-08
 Reference value :  1.58981e-08
 Reference value :  1.60181e-08
 Reference value :  1.61471e-08
 Reference value :  1.62781e-08
 Reference value :  1.64071e-08
 Reference value :  1.65341e-08
 Reference value :  1.66550e-08
 Reference value :  1.67820e-08
 Reference value :  1.68970e-08
 Reference value :  1.70187e-08
 Reference value :  1.71373e-08
 Reference value :  1.72603e-08
 Reference value :  1.73843e-08
 Reference value :  1.75113e-08
 Reference value :  1.76363e-08
 Reference value :  1.77553e-08
 Reference value :  1.78753e-08
 Reference value :  1.80003e-08
 Reference value :  1.81223e-08
 Reference value :  1.82483e-08
 Reference value :  1.83753e-08
 Reference value :  1.85013e-08
 Reference value :  1.86273e-08
 Reference value :  1.87523e-08
 Reference value :  1.88753e-08
 Reference value :  1.89973e-08
 Reference value :  1.91163e-08
 Reference value :  1.92363e-08
 Reference value :  1.93583e-08
 Reference value :  1.94853e-08
 Reference value :  1.96113e-08
 Reference value :  1.97243e-08
 Reference value :  1.98463e-08
 Reference value :  1.99703e-08
 Reference value :  2.00953e-08
 Reference value :  2.02223e-08
 Reference value :  2.03493e-08
 Reference value :  2.04753e-08
 Reference value :  2.05993e-08
 Reference value :  2.07080e-08
 Reference value :  2.08011e-08
 Reference value :  2.09141e-08
 Reference value :  2.10321e-08
 Reference value :  2.11521e-08
 Reference value :  2.12691e-08
 Reference value :  2.13910e-08
 Reference value :  2.15160e-08
 Reference value :  2.16380e-08
 Reference value :  2.17620e-08
 Reference value :  2.18849e-08
 Reference value :  2.20069e-08
 Reference value :  2.21319e-08
 Reference value :  2.22509e-08
 Reference value :  2.23709e-08
 Reference value :  2.24849e-08
 Reference value :  2.26049e-08
 Reference value :  2.27229e-08
 Reference value :  2.28279e-08
 Reference value :  2.29393e-08
 Reference value :  2.30563e-08
 Reference value :  2.31803e-08
 Reference value :  2.33063e-08
 Reference value :  2.34323e-08
 Reference value :  2.35573e-08
 Reference value :  2.36813e-08
 Reference value :  2.38043e-08
 Reference value :  2.39303e-08
 Reference value :  2.40563e-08
 Reference value :  2.41843e-08
 Reference value :  2.42993e-08
 Reference value :  2.44223e-08
 Reference value :  2.45473e-08
 Reference value :  2.46693e-08
 Reference value :  2.47883e-08
 Reference value :  2.49083e-08
 Reference value :  2.50263e-08
 Reference value :  2.51513e-08
 Reference value :  2.52763e-08
 Reference value :  2.54013e-08
 Reference value :  2.55253e-08
 Reference value :  2.56493e-08
No. of Data Rows : 25886
binary raw file "waveform.raw"
ngspice-44.2 done
