
Magic 8.3 revision 589 - Compiled on Wed Jan 21 06:29:22 AM CET 2026.
Starting magic under Tcl interpreter
Using the terminal as the console.
WARNING: RLIMIT_NOFILE is above 1024 and Tcl_Version<9 this may cause runtime issues [rlim_cur=1048576]
Using NULL graphics device.
Processing system .magicrc file
Switching to WIRING tool.
Switching to NETLIST tool.
Switching to PICK tool.
Switching to BOX tool.
Sourcing design .magicrc for technology sky130A ...
2 Magic internal units = 1 Lambda
Input style sky130(): scaleFactor=2, multiplier=2
The following types are not handled by extraction and will be treated as non-electrical types:
    ubm 
Scaled tech values by 2 / 1 to match internal grid scaling
Loading sky130A Device Generator Menu ...
Using technology "sky130A", version 1.0.493-0-g0fe599b
Cell row_decoder_flat read from current working directory
Extracting row_decoder_flat into row_decoder_flat.ext:
exttosim finished.
Port: name = VDD exists, forcing drivepoint
Location is (475, 5975); drivepoint (500, 6025)
Port: name = VSS exists, forcing drivepoint
Location is (475, 6275); drivepoint (500, 6325)
Port: name = PCLK exists, forcing drivepoint
Location is (475, 6575); drivepoint (500, 6625)
Port: name = A0 exists, forcing drivepoint
Location is (475, 6875); drivepoint (500, 6925)
Port: name = A1 exists, forcing drivepoint
Location is (475, 7175); drivepoint (500, 7225)
Port: name = DEC0 exists, forcing drivepoint
Location is (475, 11375); drivepoint (500, 11425)
Port: name = DEC1 exists, forcing drivepoint
Location is (475, 11675); drivepoint (500, 11725)
Port: name = DEC2 exists, forcing drivepoint
Location is (475, 11975); drivepoint (500, 12025)
Port: name = DEC3 exists, forcing drivepoint
Location is (475, 12275); drivepoint (500, 12325)
Adding  DEC1; Tnew = 0.48ns, Told = 0.00ns
Adding  DEC0; Tnew = 0.71ns, Told = 0.00ns
Adding  PCLK; Tnew = 0.21ns, Told = 0.00ns
Adding  net3; Tnew = 0.45ns, Told = 0.00ns
Adding  net1; Tnew = 0.51ns, Told = 0.00ns
Adding  N0; Tnew = 0.58ns, Told = 0.00ns
Adding  net2; Tnew = 0.47ns, Told = 0.00ns
Adding  N1; Tnew = 0.48ns, Told = 0.00ns
Adding  A0; Tnew = 0.02ns, Told = 0.00ns
Adding  DEC3; Tnew = 0.32ns, Told = 0.00ns
Adding  N3; Tnew = 0.40ns, Told = 0.00ns
Adding  A0B; Tnew = 0.67ns, Told = 0.00ns
Adding  EVAL_GND; Tnew = 0.66ns, Told = 0.00ns
Adding  net4; Tnew = 1.14ns, Told = 0.00ns
Adding  A0T; Tnew = 0.29ns, Told = 0.00ns
Adding  A1; Tnew = 0.09ns, Told = 0.00ns
Adding  VDD; Tnew = 0.74ns, Told = 0.00ns
Adding  A1T; Tnew = 0.28ns, Told = 0.00ns
Adding  A1B; Tnew = 0.66ns, Told = 0.00ns
Adding  DEC2; Tnew = 0.51ns, Told = 0.00ns
Adding  N2; Tnew = 0.41ns, Told = 0.00ns
Total Nets: 63
Nets extracted: 22 (0.349206)
Nets output: 22 (0.349206)
exttospice finished.
exttospice finished.
