
Magic 8.3 revision 684 - Compiled on Wed Oct  7 11:43:07 PM CEST 2026.
Starting magic under Tcl interpreter
Using the terminal as the console.
WARNING: RLIMIT_NOFILE is above 1024 and Tcl_Version<9 this may cause runtime issues [rlim_cur=1048576]
Using NULL graphics device.
Processing system .magicrc file
Switching to WIRING tool.
Switching to NETLIST tool.
Switching to PICK tool.
Switching to BOX tool.
Sourcing design .magicrc for technology sky130A ...
2 Magic internal units = 1 Lambda
Input style sky130(): scaleFactor=2, multiplier=2
The following types are not handled by extraction and will be treated as non-electrical types:
    ubm 
Scaled tech values by 2 / 1 to match internal grid scaling
Loading sky130A Device Generator Menu ...
Using technology "sky130A", version 1.0.493-0-g0fe599b
Cell row_decoder_import read from current working directory
Warning:  snap setting is also changing units.  This usage is deprecated
and may be removed in the future.  Use "units" to change units, and
change units before setting snap to keep this message from appearing.
Cell sky130_fd_pr__pfet_01v8_U2G5KP read from current working directory
Cell sky130_fd_pr__nfet_01v8_WYED8N read from current working directory
Cell sky130_fd_pr__pfet_01v8_R8XU9D read from current working directory
Cell sky130_fd_pr__pfet_01v8_R7GWE3 read from current working directory
Cell sky130_fd_pr__nfet_01v8_UH8C49 read from current working directory
Cell sky130_fd_pr__nfet_01v8_87CWDG read from current working directory
Cell sky130_fd_pr__pfet_01v8_Q8B58K read from current working directory
Selection includes subcell labels
Selection ignores subcell labels
Selection includes subcell labels
Selection ignores subcell labels
Selection includes subcell labels
Selection ignores subcell labels
Selection includes subcell labels
Selection ignores subcell labels
Selection includes subcell labels
Selection ignores subcell labels
Selection includes subcell labels
Selection ignores subcell labels
Selection ignores subcell labels
Selection ignores subcell labels
Selection ignores subcell labels
Selection ignores subcell labels
Selection ignores subcell labels
Selection ignores subcell labels
Selection ignores subcell labels
Selection ignores subcell labels
Selection ignores subcell labels
Selection ignores subcell labels
Selection ignores subcell labels
Selection ignores subcell labels
Selection ignores subcell labels
Selection includes subcell labels
Selection ignores subcell labels
Selection includes subcell labels
Selection ignores subcell labels
Selection includes subcell labels
Selection ignores subcell labels
Selection includes subcell labels
Selection ignores subcell labels
DRC style is now "drc(full)"
Loading DRC CIF style.
Total DRC errors found: 0
