
Note: No compatibility mode selected!


Circuit: ** sch_path: /work/sims/row_decoder/tb_row_decoder_sizing.sch

Doing analysis at TEMP = 27.000000 and TNOM = 27.000000

Using SPARSE 1.3 as Direct Linear Solver
Operating point simulation skipped by 'uic',
  now using transient initial conditions.
 Reference value :  5.00000e-14
 Reference value :  2.71150e-09
 Reference value :  5.32850e-09
 Reference value :  7.82550e-09
 Reference value :  1.02985e-08
 Reference value :  1.30065e-08
 Reference value :  1.56135e-08
 Reference value :  1.82785e-08
 Reference value :  2.10125e-08
 Reference value :  2.37405e-08
 Reference value :  2.64865e-08
 Reference value :  2.91905e-08
No. of Data Rows : 30041
binary raw file "waveform.raw"
ngspice-44.2 done
