
Note: No compatibility mode selected!


Circuit: * row_address_capture setup/hold screen: tt

Doing analysis at TEMP = 27.000000 and TNOM = 27.000000

Using SPARSE 1.3 as Direct Linear Solver

Initial Transient Solution
--------------------------

Node                                   Voltage
----                                   -------
vss                                          0
vdd                                        1.8
clk                                          0
d_a0_rise_m0500                              0
d_a0_rise_m0300                              0
d_a0_rise_m0200                              0
d_a0_rise_m0150                              0
d_a0_rise_m0100                              0
d_a0_rise_m0075                              0
d_a0_rise_m0050                              0
d_a0_rise_m0025                              0
d_a0_rise_p0000                              0
d_a0_rise_p0010                              0
d_a0_rise_p0025                              0
d_a0_rise_p0050                              0
d_a0_rise_p0100                              0
d_a0_rise_p0200                              0
d_a0_fall_m0500                            1.8
d_a0_fall_m0300                            1.8
d_a0_fall_m0200                            1.8
d_a0_fall_m0150                            1.8
d_a0_fall_m0100                            1.8
d_a0_fall_m0075                            1.8
d_a0_fall_m0050                            1.8
d_a0_fall_m0025                            1.8
d_a0_fall_p0000                            1.8
d_a0_fall_p0010                            1.8
d_a0_fall_p0025                            1.8
d_a0_fall_p0050                            1.8
d_a0_fall_p0100                            1.8
d_a0_fall_p0200                            1.8
d_a1_rise_m0500                              0
d_a1_rise_m0300                              0
d_a1_rise_m0200                              0
d_a1_rise_m0150                              0
d_a1_rise_m0100                              0
d_a1_rise_m0075                              0
d_a1_rise_m0050                              0
d_a1_rise_m0025                              0
d_a1_rise_p0000                              0
d_a1_rise_p0010                              0
d_a1_rise_p0025                              0
d_a1_rise_p0050                              0
d_a1_rise_p0100                              0
d_a1_rise_p0200                              0
d_a1_fall_m0500                            1.8
d_a1_fall_m0300                            1.8
d_a1_fall_m0200                            1.8
d_a1_fall_m0150                            1.8
d_a1_fall_m0100                            1.8
d_a1_fall_m0075                            1.8
d_a1_fall_m0050                            1.8
d_a1_fall_m0025                            1.8
d_a1_fall_p0000                            1.8
d_a1_fall_p0010                            1.8
d_a1_fall_p0025                            1.8
d_a1_fall_p0050                            1.8
d_a1_fall_p0100                            1.8
d_a1_fall_p0200                            1.8
q_a0_rise_m0500                    2.70603e-09
q_a0_rise_m0300                    2.70603e-09
q_a0_rise_m0200                    2.70603e-09
q_a0_rise_m0150                    2.70603e-09
q_a0_rise_m0100                    2.70603e-09
q_a0_rise_m0075                    2.70603e-09
q_a0_rise_m0050                    2.70603e-09
q_a0_rise_m0025                    2.70603e-09
q_a0_rise_p0000                    2.70603e-09
q_a0_rise_p0010                    2.70603e-09
q_a0_rise_p0025                    2.70603e-09
q_a0_rise_p0050                    2.70603e-09
q_a0_rise_p0100                    2.70603e-09
q_a0_rise_p0200                    2.70603e-09
q_a0_fall_m0500                    2.70603e-09
q_a0_fall_m0300                    2.70603e-09
q_a0_fall_m0200                    2.70603e-09
q_a0_fall_m0150                    2.70603e-09
q_a0_fall_m0100                    2.70603e-09
q_a0_fall_m0075                    2.70603e-09
q_a0_fall_m0050                    2.70603e-09
q_a0_fall_m0025                    2.70603e-09
q_a0_fall_p0000                    2.70603e-09
q_a0_fall_p0010                    2.70603e-09
q_a0_fall_p0025                    2.70603e-09
q_a0_fall_p0050                    2.70603e-09
q_a0_fall_p0100                    2.70603e-09
q_a0_fall_p0200                    2.70603e-09
q_a1_rise_m0500                    2.70603e-09
q_a1_rise_m0300                    2.70603e-09
q_a1_rise_m0200                    2.70603e-09
q_a1_rise_m0150                    2.70603e-09
q_a1_rise_m0100                    2.70603e-09
q_a1_rise_m0075                    2.70603e-09
q_a1_rise_m0050                    2.70603e-09
q_a1_rise_m0025                    2.70603e-09
q_a1_rise_p0000                    2.70603e-09
q_a1_rise_p0010                    2.70603e-09
q_a1_rise_p0025                    2.70603e-09
q_a1_rise_p0050                    2.70603e-09
q_a1_rise_p0100                    2.70603e-09
q_a1_rise_p0200                    2.70603e-09
q_a1_fall_m0500                    2.70603e-09
q_a1_fall_m0300                    2.70603e-09
q_a1_fall_m0200                    2.70603e-09
q_a1_fall_m0150                    2.70603e-09
q_a1_fall_m0100                    2.70603e-09
q_a1_fall_m0075                    2.70603e-09
q_a1_fall_m0050                    2.70603e-09
q_a1_fall_m0025                    2.70603e-09
q_a1_fall_p0000                    2.70603e-09
q_a1_fall_p0010                    2.70603e-09
q_a1_fall_p0025                    2.70603e-09
q_a1_fall_p0050                    2.70603e-09
q_a1_fall_p0100                    2.70603e-09
q_a1_fall_p0200                    2.70603e-09
va1_fall_p0200#branch                        0
va1_fall_p0100#branch                        0
va1_fall_p0050#branch                        0
va1_fall_p0025#branch                        0
va1_fall_p0010#branch                        0
va1_fall_p0000#branch                        0
va1_fall_m0025#branch                        0
va1_fall_m0050#branch                        0
va1_fall_m0075#branch                        0
va1_fall_m0100#branch                        0
va1_fall_m0150#branch                        0
va1_fall_m0200#branch                        0
va1_fall_m0300#branch                        0
va1_fall_m0500#branch                        0
va1_rise_p0200#branch                        0
va1_rise_p0100#branch                        0
va1_rise_p0050#branch                        0
va1_rise_p0025#branch                        0
va1_rise_p0010#branch                        0
va1_rise_p0000#branch                        0
va1_rise_m0025#branch                        0
va1_rise_m0050#branch                        0
va1_rise_m0075#branch                        0
va1_rise_m0100#branch                        0
va1_rise_m0150#branch                        0
va1_rise_m0200#branch                        0
va1_rise_m0300#branch                        0
va1_rise_m0500#branch                        0
va0_fall_p0200#branch                        0
va0_fall_p0100#branch                        0
va0_fall_p0050#branch                        0
va0_fall_p0025#branch                        0
va0_fall_p0010#branch                        0
va0_fall_p0000#branch                        0
va0_fall_m0025#branch                        0
va0_fall_m0050#branch                        0
va0_fall_m0075#branch                        0
va0_fall_m0100#branch                        0
va0_fall_m0150#branch                        0
va0_fall_m0200#branch                        0
va0_fall_m0300#branch                        0
va0_fall_m0500#branch                        0
va0_rise_p0200#branch                        0
va0_rise_p0100#branch                        0
va0_rise_p0050#branch                        0
va0_rise_p0025#branch                        0
va0_rise_p0010#branch                        0
va0_rise_p0000#branch                        0
va0_rise_m0025#branch                        0
va0_rise_m0050#branch                        0
va0_rise_m0075#branch                        0
va0_rise_m0100#branch                        0
va0_rise_m0150#branch                        0
va0_rise_m0200#branch                        0
va0_rise_m0300#branch                        0
va0_rise_m0500#branch                        0
vclk#branch                                  0
vdd_src#branch                    -1.84771e-09
vss_src#branch                    -1.46109e-12

 Reference value :  0.00000e+00
 Reference value :  6.40000e-13
 Reference value :  1.45600e-11
 Reference value :  2.85600e-11
 Reference value :  4.45600e-11
 Reference value :  6.05600e-11
 Reference value :  7.65600e-11
 Reference value :  9.25600e-11
 Reference value :  1.04560e-10
 Reference value :  1.18560e-10
 Reference value :  1.32560e-10
 Reference value :  1.42560e-10
 Reference value :  1.56560e-10
 Reference value :  1.68560e-10
 Reference value :  1.80560e-10
 Reference value :  1.94560e-10
 Reference value :  2.06560e-10
 Reference value :  2.18560e-10
 Reference value :  2.32560e-10
 Reference value :  2.44560e-10
 Reference value :  2.56560e-10
 Reference value :  2.68560e-10
 Reference value :  2.80560e-10
 Reference value :  2.92560e-10
 Reference value :  3.04560e-10
 Reference value :  3.16560e-10
 Reference value :  3.28560e-10
 Reference value :  3.42560e-10
 Reference value :  3.54560e-10
 Reference value :  3.66560e-10
 Reference value :  3.80560e-10
 Reference value :  3.92560e-10
 Reference value :  4.06560e-10
 Reference value :  4.20560e-10
 Reference value :  4.30560e-10
 Reference value :  4.40560e-10
 Reference value :  4.52560e-10
 Reference value :  4.62560e-10
 Reference value :  4.72560e-10
 Reference value :  4.82560e-10
 Reference value :  4.92560e-10
 Reference value :  5.04560e-10
 Reference value :  5.14560e-10
 Reference value :  5.24560e-10
 Reference value :  5.36560e-10
 Reference value :  5.48560e-10
 Reference value :  5.58560e-10
 Reference value :  5.70560e-10
 Reference value :  5.82560e-10
 Reference value :  5.92560e-10
 Reference value :  6.02560e-10
 Reference value :  6.12560e-10
 Reference value :  6.22560e-10
 Reference value :  6.32560e-10
 Reference value :  6.44560e-10
 Reference value :  6.54560e-10
 Reference value :  6.64560e-10
 Reference value :  6.74560e-10
 Reference value :  6.86560e-10
 Reference value :  6.96560e-10
 Reference value :  7.08560e-10
 Reference value :  7.20560e-10
 Reference value :  7.30560e-10
 Reference value :  7.44560e-10
 Reference value :  7.58560e-10
 Reference value :  7.68560e-10
 Reference value :  7.82560e-10
 Reference value :  7.94560e-10
 Reference value :  8.06560e-10
 Reference value :  8.20560e-10
 Reference value :  8.32560e-10
 Reference value :  8.44560e-10
 Reference value :  8.56560e-10
 Reference value :  8.66560e-10
 Reference value :  8.78560e-10
 Reference value :  8.90560e-10
 Reference value :  9.02560e-10
 Reference value :  9.16560e-10
 Reference value :  9.28560e-10
 Reference value :  9.38560e-10
 Reference value :  9.50560e-10
 Reference value :  9.62560e-10
 Reference value :  9.72560e-10
 Reference value :  9.76400e-10
 Reference value :  9.86000e-10
 Reference value :  9.96000e-10
 Reference value :  1.00400e-09
 Reference value :  1.01400e-09
 Reference value :  1.02200e-09
 Reference value :  1.02640e-09
 Reference value :  1.03600e-09
 Reference value :  1.04400e-09
 Reference value :  1.05400e-09
 Reference value :  1.06400e-09
 Reference value :  1.07200e-09
 Reference value :  1.08200e-09
 Reference value :  1.09000e-09
 Reference value :  1.10000e-09
 Reference value :  1.11000e-09
 Reference value :  1.12000e-09
 Reference value :  1.13400e-09
 Reference value :  1.14400e-09
 Reference value :  1.15400e-09
 Reference value :  1.16400e-09
 Reference value :  1.17200e-09
 Reference value :  1.18200e-09
 Reference value :  1.19200e-09
 Reference value :  1.20000e-09
 Reference value :  1.21000e-09
 Reference value :  1.22000e-09
 Reference value :  1.23000e-09
 Reference value :  1.24200e-09
 Reference value :  1.25600e-09
 Reference value :  1.26800e-09
 Reference value :  1.28200e-09
 Reference value :  1.29600e-09
 Reference value :  1.30800e-09
 Reference value :  1.32200e-09
 Reference value :  1.33400e-09
 Reference value :  1.34600e-09
 Reference value :  1.36000e-09
 Reference value :  1.37200e-09
 Reference value :  1.38600e-09
 Reference value :  1.39600e-09
 Reference value :  1.40800e-09
 Reference value :  1.42000e-09
 Reference value :  1.43000e-09
 Reference value :  1.44200e-09
 Reference value :  1.45400e-09
 Reference value :  1.46800e-09
 Reference value :  1.48000e-09
 Reference value :  1.49200e-09
 Reference value :  1.50400e-09
 Reference value :  1.51800e-09
 Reference value :  1.52800e-09
 Reference value :  1.54000e-09
 Reference value :  1.55200e-09
 Reference value :  1.56400e-09
 Reference value :  1.57600e-09
 Reference value :  1.58800e-09
 Reference value :  1.60200e-09
 Reference value :  1.61400e-09
 Reference value :  1.62600e-09
 Reference value :  1.63600e-09
 Reference value :  1.64800e-09
 Reference value :  1.66200e-09
 Reference value :  1.67600e-09
 Reference value :  1.68800e-09
 Reference value :  1.70000e-09
 Reference value :  1.71200e-09
 Reference value :  1.72400e-09
 Reference value :  1.73600e-09
 Reference value :  1.74600e-09
 Reference value :  1.75800e-09
 Reference value :  1.76800e-09
 Reference value :  1.78000e-09
 Reference value :  1.79200e-09
 Reference value :  1.80400e-09
 Reference value :  1.81400e-09
 Reference value :  1.82600e-09
 Reference value :  1.83800e-09
 Reference value :  1.84800e-09
 Reference value :  1.86000e-09
 Reference value :  1.87200e-09
 Reference value :  1.88400e-09
 Reference value :  1.89600e-09
 Reference value :  1.90800e-09
 Reference value :  1.92000e-09
 Reference value :  1.93000e-09
 Reference value :  1.94200e-09
 Reference value :  1.95200e-09
 Reference value :  1.96400e-09
 Reference value :  1.97500e-09
 Reference value :  1.97800e-09
 Reference value :  1.98600e-09
 Reference value :  1.99800e-09
 Reference value :  2.00800e-09
 Reference value :  2.01600e-09
 Reference value :  2.02500e-09
 Reference value :  2.03000e-09
 Reference value :  2.03800e-09
 Reference value :  2.04800e-09
 Reference value :  2.05600e-09
 Reference value :  2.06600e-09
 Reference value :  2.07400e-09
 Reference value :  2.08400e-09
 Reference value :  2.09400e-09
 Reference value :  2.10200e-09
 Reference value :  2.11200e-09
 Reference value :  2.12200e-09
 Reference value :  2.13400e-09
 Reference value :  2.14600e-09
 Reference value :  2.15600e-09
 Reference value :  2.16800e-09
 Reference value :  2.17800e-09
 Reference value :  2.18800e-09
 Reference value :  2.20200e-09
 Reference value :  2.21400e-09
 Reference value :  2.22600e-09
 Reference value :  2.24000e-09
 Reference value :  2.25200e-09
 Reference value :  2.26600e-09
 Reference value :  2.28000e-09
 Reference value :  2.29200e-09
 Reference value :  2.30600e-09
 Reference value :  2.31800e-09
 Reference value :  2.33200e-09
 Reference value :  2.34400e-09
 Reference value :  2.35600e-09
 Reference value :  2.37000e-09
 Reference value :  2.38400e-09
 Reference value :  2.39800e-09
 Reference value :  2.41200e-09
 Reference value :  2.42600e-09
 Reference value :  2.43800e-09
 Reference value :  2.45200e-09
 Reference value :  2.46600e-09
 Reference value :  2.47520e-09
 Reference value :  2.48200e-09
 Reference value :  2.49200e-09
 Reference value :  2.50200e-09
 Reference value :  2.51200e-09
 Reference value :  2.52000e-09
 Reference value :  2.52560e-09
 Reference value :  2.53400e-09
 Reference value :  2.54400e-09
 Reference value :  2.55400e-09
 Reference value :  2.56400e-09
 Reference value :  2.57400e-09
 Reference value :  2.58400e-09
 Reference value :  2.59200e-09
 Reference value :  2.60000e-09
 Reference value :  2.61000e-09
 Reference value :  2.62000e-09
 Reference value :  2.63000e-09
 Reference value :  2.64000e-09
 Reference value :  2.65000e-09
 Reference value :  2.66000e-09
 Reference value :  2.67200e-09
 Reference value :  2.67560e-09
 Reference value :  2.68200e-09
 Reference value :  2.69200e-09
 Reference value :  2.70200e-09
 Reference value :  2.71200e-09
 Reference value :  2.72000e-09
 Reference value :  2.72520e-09
 Reference value :  2.73000e-09
 Reference value :  2.73800e-09
 Reference value :  2.74800e-09
 Reference value :  2.75800e-09
 Reference value :  2.76600e-09
 Reference value :  2.77400e-09
 Reference value :  2.77640e-09
 Reference value :  2.78400e-09
 Reference value :  2.79200e-09
 Reference value :  2.80200e-09
 Reference value :  2.81200e-09
 Reference value :  2.82200e-09
 Reference value :  2.82560e-09
 Reference value :  2.83400e-09
 Reference value :  2.84200e-09
 Reference value :  2.85000e-09
 Reference value :  2.85800e-09
 Reference value :  2.86600e-09
 Reference value :  2.87400e-09
 Reference value :  2.87640e-09
 Reference value :  2.88400e-09
 Reference value :  2.89200e-09
 Reference value :  2.90000e-09
 Reference value :  2.90140e-09
 Reference value :  2.90900e-09
 Reference value :  2.91900e-09
 Reference value :  2.92500e-09
 Reference value :  2.92800e-09
 Reference value :  2.93600e-09
 Reference value :  2.94400e-09
 Reference value :  2.95020e-09
 Reference value :  2.95500e-09
 Reference value :  2.96300e-09
 Reference value :  2.97100e-09
 Reference value :  2.97560e-09
 Reference value :  2.98000e-09
 Reference value :  2.98520e-09
 Reference value :  2.99200e-09
 Reference value :  3.00000e-09
 Reference value :  3.00300e-09
 Reference value :  3.01100e-09
 Reference value :  3.01900e-09
 Reference value :  3.02520e-09
 Reference value :  3.03200e-09
 Reference value :  3.03560e-09
 Reference value :  3.04200e-09
 Reference value :  3.05020e-09
 Reference value :  3.05500e-09
 Reference value :  3.06500e-09
 Reference value :  3.07300e-09
 Reference value :  3.07800e-09
 Reference value :  3.08600e-09
 Reference value :  3.09200e-09
 Reference value :  3.10000e-09
 Reference value :  3.10800e-09
 Reference value :  3.11600e-09
 Reference value :  3.12400e-09
 Reference value :  3.12800e-09
 Reference value :  3.13800e-09
 Reference value :  3.14600e-09
 Reference value :  3.15400e-09
 Reference value :  3.16200e-09
 Reference value :  3.17000e-09
 Reference value :  3.17520e-09
 Reference value :  3.18200e-09
 Reference value :  3.19200e-09
 Reference value :  3.20000e-09
 Reference value :  3.21000e-09
 Reference value :  3.21800e-09
 Reference value :  3.22500e-09
 Reference value :  3.23000e-09
 Reference value :  3.24000e-09
 Reference value :  3.25000e-09
 Reference value :  3.26000e-09
 Reference value :  3.27400e-09
 Reference value :  3.28800e-09
 Reference value :  3.30200e-09
 Reference value :  3.31400e-09
 Reference value :  3.32600e-09
 Reference value :  3.34000e-09
 Reference value :  3.35200e-09
 Reference value :  3.36400e-09
 Reference value :  3.37600e-09
 Reference value :  3.38800e-09
 Reference value :  3.40000e-09
 Reference value :  3.41400e-09
 Reference value :  3.42800e-09
 Reference value :  3.44200e-09
 Reference value :  3.45600e-09
 Reference value :  3.46800e-09
 Reference value :  3.48200e-09
 Reference value :  3.49600e-09
 Reference value :  3.50800e-09
 Reference value :  3.52200e-09
 Reference value :  3.53400e-09
 Reference value :  3.54600e-09
 Reference value :  3.56000e-09
 Reference value :  3.57200e-09
 Reference value :  3.58400e-09
 Reference value :  3.59800e-09
 Reference value :  3.61000e-09
 Reference value :  3.62400e-09
 Reference value :  3.63600e-09
 Reference value :  3.64800e-09
 Reference value :  3.66200e-09
 Reference value :  3.67400e-09
 Reference value :  3.68800e-09
 Reference value :  3.70000e-09
 Reference value :  3.71200e-09
 Reference value :  3.72400e-09
 Reference value :  3.73600e-09
 Reference value :  3.74800e-09
 Reference value :  3.76000e-09
 Reference value :  3.77200e-09
 Reference value :  3.78200e-09
 Reference value :  3.79200e-09
 Reference value :  3.80600e-09
 Reference value :  3.81800e-09
 Reference value :  3.83000e-09
 Reference value :  3.84400e-09
 Reference value :  3.85600e-09
 Reference value :  3.86800e-09
 Reference value :  3.88200e-09
 Reference value :  3.89400e-09
 Reference value :  3.90400e-09
 Reference value :  3.90800e-09
 Reference value :  3.92000e-09
 Reference value :  3.93200e-09
 Reference value :  3.94200e-09
 Reference value :  3.95400e-09
 Reference value :  3.96600e-09
 Reference value :  3.97500e-09
 Reference value :  3.97800e-09
 Reference value :  3.98600e-09
 Reference value :  3.99600e-09
 Reference value :  4.00600e-09
 Reference value :  4.01200e-09
 Reference value :  4.02000e-09
 Reference value :  4.02520e-09
 Reference value :  4.03000e-09
 Reference value :  4.03800e-09
 Reference value :  4.04600e-09
 Reference value :  4.05400e-09
 Reference value :  4.06200e-09
 Reference value :  4.07000e-09
 Reference value :  4.07800e-09
 Reference value :  4.08600e-09
 Reference value :  4.09400e-09
 Reference value :  4.10200e-09
 Reference value :  4.11000e-09
 Reference value :  4.11800e-09
 Reference value :  4.12600e-09
 Reference value :  4.13600e-09
 Reference value :  4.14400e-09
 Reference value :  4.15400e-09
 Reference value :  4.16400e-09
 Reference value :  4.17200e-09
 Reference value :  4.18200e-09
 Reference value :  4.19000e-09
 Reference value :  4.20200e-09
 Reference value :  4.21600e-09
 Reference value :  4.22800e-09
 Reference value :  4.24000e-09
 Reference value :  4.25400e-09
 Reference value :  4.26600e-09
 Reference value :  4.27800e-09
 Reference value :  4.29000e-09
 Reference value :  4.30200e-09
 Reference value :  4.31400e-09
 Reference value :  4.32800e-09
 Reference value :  4.34000e-09
 Reference value :  4.35200e-09
 Reference value :  4.36600e-09
 Reference value :  4.37800e-09
 Reference value :  4.39000e-09
 Reference value :  4.40200e-09
 Reference value :  4.41400e-09
 Reference value :  4.42800e-09
 Reference value :  4.44000e-09
 Reference value :  4.45200e-09
 Reference value :  4.46600e-09
 Reference value :  4.47800e-09
 Reference value :  4.49200e-09
No. of Data Rows : 2332
binary raw file "/work/sims/row_decoder/results/row_address_setup_hold_tt_ss_ff_20261010/tt/waveform.raw"
ngspice-44.2 done
