
Note: No compatibility mode selected!


Circuit: ** sch_path: /work/sims/row_decoder/tb_row_decoder_sizing.sch

Doing analysis at TEMP = 27.000000 and TNOM = 27.000000

Using SPARSE 1.3 as Direct Linear Solver
Operating point simulation skipped by 'uic',
  now using transient initial conditions.
 Reference value :  5.00000e-14
 Reference value :  8.50629e-10
 Reference value :  1.87063e-09
 Reference value :  2.69563e-09
 Reference value :  3.78563e-09
 Reference value :  4.70063e-09
 Reference value :  5.76750e-09
 Reference value :  6.97250e-09
 Reference value :  8.20250e-09
 Reference value :  9.45250e-09
 Reference value :  1.06175e-08
 Reference value :  1.18275e-08
 Reference value :  1.30075e-08
 Reference value :  1.41625e-08
 Reference value :  1.53075e-08
 Reference value :  1.64575e-08
 Reference value :  1.75575e-08
 Reference value :  1.86225e-08
 Reference value :  1.98325e-08
 Reference value :  2.10225e-08
 Reference value :  2.20975e-08
 Reference value :  2.31625e-08
 Reference value :  2.42575e-08
 Reference value :  2.54025e-08
 Reference value :  2.64375e-08
 Reference value :  2.77025e-08
 Reference value :  2.89225e-08
No. of Data Rows : 6049
binary raw file "waveform.raw"
ngspice-44.2 done
