
Note: No compatibility mode selected!


Circuit: ** sch_path: /work/sims/row_decoder/tb_row_decoder_sizing.sch

Doing analysis at TEMP = 27.000000 and TNOM = 27.000000

Using SPARSE 1.3 as Direct Linear Solver
Operating point simulation skipped by 'uic',
  now using transient initial conditions.
 Reference value :  5.00000e-14
 Reference value :  8.49500e-10
 Reference value :  1.85750e-09
 Reference value :  2.89250e-09
 Reference value :  3.88750e-09
 Reference value :  4.88550e-09
 Reference value :  5.82650e-09
 Reference value :  6.88450e-09
 Reference value :  7.89450e-09
 Reference value :  8.93350e-09
 Reference value :  9.82950e-09
 Reference value :  1.08195e-08
 Reference value :  1.17885e-08
 Reference value :  1.28715e-08
 Reference value :  1.38565e-08
 Reference value :  1.48065e-08
 Reference value :  1.58465e-08
 Reference value :  1.68485e-08
 Reference value :  1.78635e-08
 Reference value :  1.88825e-08
 Reference value :  1.99005e-08
 Reference value :  2.10285e-08
 Reference value :  2.21645e-08
 Reference value :  2.32485e-08
 Reference value :  2.42145e-08
 Reference value :  2.52885e-08
 Reference value :  2.63195e-08
 Reference value :  2.72605e-08
 Reference value :  2.81845e-08
 Reference value :  2.92455e-08
No. of Data Rows : 30041
binary raw file "waveform.raw"
ngspice-44.2 done
