
Note: No compatibility mode selected!


Circuit: ** sch_path: /work/sims/row_decoder/tb_row_decoder_sizing.sch

Doing analysis at TEMP = 27.000000 and TNOM = 27.000000

Using SPARSE 1.3 as Direct Linear Solver
Operating point simulation skipped by 'uic',
  now using transient initial conditions.
 Reference value :  5.00000e-14
 Reference value :  1.19150e-09
 Reference value :  2.46150e-09
 Reference value :  3.55050e-09
 Reference value :  4.76150e-09
 Reference value :  5.90150e-09
 Reference value :  7.01250e-09
 Reference value :  8.16650e-09
 Reference value :  9.24050e-09
 Reference value :  1.04095e-08
 Reference value :  1.14375e-08
 Reference value :  1.23705e-08
 Reference value :  1.35015e-08
 Reference value :  1.46155e-08
 Reference value :  1.55415e-08
 Reference value :  1.65375e-08
 Reference value :  1.76045e-08
 Reference value :  1.85325e-08
 Reference value :  1.94915e-08
 Reference value :  2.04955e-08
 Reference value :  2.15925e-08
 Reference value :  2.26045e-08
 Reference value :  2.37905e-08
 Reference value :  2.48535e-08
 Reference value :  2.58925e-08
 Reference value :  2.70015e-08
 Reference value :  2.80845e-08
 Reference value :  2.92555e-08
No. of Data Rows : 30041
binary raw file "waveform.raw"
ngspice-44.2 done
