
Note: No compatibility mode selected!


Circuit: ** sch_path: /work/sims/row_decoder/tb_row_decoder_sizing.sch

Doing analysis at TEMP = 27.000000 and TNOM = 27.000000

Using SPARSE 1.3 as Direct Linear Solver
Operating point simulation skipped by 'uic',
  now using transient initial conditions.
 Reference value :  5.00000e-14
 Reference value :  6.70500e-10
 Reference value :  1.38250e-09
 Reference value :  2.10750e-09
 Reference value :  2.72850e-09
 Reference value :  3.44450e-09
 Reference value :  4.14450e-09
 Reference value :  4.83450e-09
 Reference value :  5.53450e-09
 Reference value :  6.22750e-09
 Reference value :  6.92650e-09
 Reference value :  7.62650e-09
 Reference value :  8.33050e-09
 Reference value :  8.90450e-09
 Reference value :  9.55350e-09
 Reference value :  1.02445e-08
 Reference value :  1.09475e-08
 Reference value :  1.16245e-08
 Reference value :  1.22655e-08
 Reference value :  1.29495e-08
 Reference value :  1.36885e-08
 Reference value :  1.43385e-08
 Reference value :  1.50445e-08
 Reference value :  1.57175e-08
 Reference value :  1.63205e-08
 Reference value :  1.70045e-08
 Reference value :  1.76065e-08
 Reference value :  1.82275e-08
 Reference value :  1.89165e-08
 Reference value :  1.95445e-08
 Reference value :  2.01625e-08
 Reference value :  2.07915e-08
 Reference value :  2.15145e-08
 Reference value :  2.21715e-08
 Reference value :  2.28295e-08
 Reference value :  2.34875e-08
 Reference value :  2.42175e-08
 Reference value :  2.49005e-08
 Reference value :  2.55795e-08
 Reference value :  2.62425e-08
 Reference value :  2.69365e-08
 Reference value :  2.76155e-08
 Reference value :  2.83345e-08
 Reference value :  2.90025e-08
 Reference value :  2.96915e-08
No. of Data Rows : 30038
binary raw file "waveform.raw"
ngspice-44.2 done
