
Note: No compatibility mode selected!


Circuit: ** sch_path: /work/sims/row_decoder/tb_row_decoder_sizing.sch

Doing analysis at TEMP = -40.000000 and TNOM = 27.000000

Using SPARSE 1.3 as Direct Linear Solver
Operating point simulation skipped by 'uic',
  now using transient initial conditions.
 Reference value :  5.00000e-14
 Reference value :  1.06050e-09
 Reference value :  1.96150e-09
 Reference value :  2.83250e-09
 Reference value :  3.74050e-09
 Reference value :  4.59050e-09
 Reference value :  5.41350e-09
 Reference value :  6.38450e-09
 Reference value :  7.33450e-09
 Reference value :  8.24750e-09
 Reference value :  9.18250e-09
 Reference value :  1.01315e-08
 Reference value :  1.10105e-08
 Reference value :  1.18965e-08
 Reference value :  1.28145e-08
 Reference value :  1.36745e-08
 Reference value :  1.46605e-08
 Reference value :  1.54395e-08
 Reference value :  1.63155e-08
 Reference value :  1.71815e-08
 Reference value :  1.80135e-08
 Reference value :  1.88895e-08
 Reference value :  1.97695e-08
 Reference value :  2.05675e-08
 Reference value :  2.14365e-08
 Reference value :  2.22015e-08
 Reference value :  2.29885e-08
 Reference value :  2.38015e-08
 Reference value :  2.46765e-08
 Reference value :  2.56305e-08
 Reference value :  2.65035e-08
 Reference value :  2.74395e-08
 Reference value :  2.83105e-08
 Reference value :  2.93185e-08
No. of Data Rows : 30041
binary raw file "waveform.raw"
ngspice-44.2 done

Checking parameters for BSIM 4.5 model x5.xmn1:nshort_model.48
Warning: Eta0 = -0.0286127 is negative.

Checking parameters for BSIM 4.5 model x4.xmn1:nshort_model.48
Warning: Eta0 = -0.0286127 is negative.

Checking parameters for BSIM 4.5 model x3.xmn1:nshort_model.48
Warning: Eta0 = -0.0286127 is negative.

Checking parameters for BSIM 4.5 model x2.xmn1:nshort_model.48
Warning: Eta0 = -0.0286127 is negative.
