
Note: No compatibility mode selected!


Circuit: ** sch_path: /work/sims/row_decoder/tb_row_decoder_sizing.sch

Doing analysis at TEMP = 27.000000 and TNOM = 27.000000

Using SPARSE 1.3 as Direct Linear Solver
Operating point simulation skipped by 'uic',
  now using transient initial conditions.
 Reference value :  5.00000e-14
 Reference value :  1.27604e-09
 Reference value :  2.65104e-09
 Reference value :  4.03604e-09
 Reference value :  5.32250e-09
 Reference value :  6.51250e-09
 Reference value :  7.94750e-09
 Reference value :  9.32250e-09
 Reference value :  1.05325e-08
 Reference value :  1.17775e-08
 Reference value :  1.30775e-08
 Reference value :  1.46375e-08
 Reference value :  1.59275e-08
 Reference value :  1.73175e-08
 Reference value :  1.85375e-08
 Reference value :  1.99575e-08
 Reference value :  2.12475e-08
 Reference value :  2.24775e-08
 Reference value :  2.37325e-08
 Reference value :  2.49785e-08
 Reference value :  2.61325e-08
 Reference value :  2.74925e-08
 Reference value :  2.87225e-08
 Reference value :  2.98325e-08
No. of Data Rows : 6048
binary raw file "waveform.raw"
ngspice-44.2 done
