
Note: No compatibility mode selected!


Circuit: ** sch_path: /work/sims/row_decoder/tb_row_decoder_sizing.sch

Doing analysis at TEMP = 27.000000 and TNOM = 27.000000

Using SPARSE 1.3 as Direct Linear Solver
Operating point simulation skipped by 'uic',
  now using transient initial conditions.
 Reference value :  5.00000e-14
 Reference value :  5.97500e-10
 Reference value :  1.25750e-09
 Reference value :  1.96050e-09
 Reference value :  2.62450e-09
 Reference value :  3.36350e-09
 Reference value :  4.04250e-09
 Reference value :  4.64750e-09
 Reference value :  5.32850e-09
 Reference value :  5.98050e-09
 Reference value :  6.67750e-09
 Reference value :  7.36850e-09
 Reference value :  8.09250e-09
 Reference value :  8.80950e-09
 Reference value :  9.51750e-09
 Reference value :  1.01515e-08
 Reference value :  1.08675e-08
 Reference value :  1.15635e-08
 Reference value :  1.22335e-08
 Reference value :  1.29115e-08
 Reference value :  1.36005e-08
 Reference value :  1.43195e-08
 Reference value :  1.49945e-08
 Reference value :  1.57145e-08
 Reference value :  1.64265e-08
 Reference value :  1.70595e-08
 Reference value :  1.77435e-08
 Reference value :  1.84225e-08
 Reference value :  1.90835e-08
 Reference value :  1.97755e-08
 Reference value :  2.04465e-08
 Reference value :  2.10975e-08
 Reference value :  2.18165e-08
 Reference value :  2.25175e-08
 Reference value :  2.32285e-08
 Reference value :  2.38655e-08
 Reference value :  2.45155e-08
 Reference value :  2.51925e-08
 Reference value :  2.58695e-08
 Reference value :  2.65765e-08
 Reference value :  2.72135e-08
 Reference value :  2.79325e-08
 Reference value :  2.86315e-08
 Reference value :  2.92895e-08
 Reference value :  2.99945e-08
No. of Data Rows : 30044
binary raw file "waveform.raw"
ngspice-44.2 done
