
Note: No compatibility mode selected!


Circuit: ** sch_path: /work/sims/row_decoder/tb_row_decoder_sizing.sch

Doing analysis at TEMP = 27.000000 and TNOM = 27.000000

Using SPARSE 1.3 as Direct Linear Solver
Operating point simulation skipped by 'uic',
  now using transient initial conditions.
 Reference value :  5.00000e-14
 Reference value :  2.64550e-09
 Reference value :  5.19050e-09
 Reference value :  7.74350e-09
 Reference value :  1.00355e-08
 Reference value :  1.26965e-08
 Reference value :  1.50255e-08
 Reference value :  1.74845e-08
 Reference value :  2.00805e-08
 Reference value :  2.26925e-08
 Reference value :  2.51715e-08
 Reference value :  2.78675e-08
No. of Data Rows : 30041
binary raw file "waveform.raw"
ngspice-44.2 done
