
Note: No compatibility mode selected!


Circuit: ** sch_path: /work/sims/row_decoder/tb_row_decoder_sizing.sch

Doing analysis at TEMP = 27.000000 and TNOM = 27.000000

Using SPARSE 1.3 as Direct Linear Solver
Operating point simulation skipped by 'uic',
  now using transient initial conditions.
 Reference value :  5.00000e-14
 Reference value :  9.44500e-10
 Reference value :  1.98950e-09
 Reference value :  3.14150e-09
 Reference value :  4.13950e-09
 Reference value :  5.10150e-09
 Reference value :  6.28850e-09
 Reference value :  7.27350e-09
 Reference value :  8.35050e-09
 Reference value :  9.39550e-09
 Reference value :  1.03425e-08
 Reference value :  1.15845e-08
 Reference value :  1.25395e-08
 Reference value :  1.36285e-08
 Reference value :  1.45875e-08
 Reference value :  1.55115e-08
 Reference value :  1.65765e-08
 Reference value :  1.76105e-08
 Reference value :  1.86865e-08
 Reference value :  1.96385e-08
 Reference value :  2.06285e-08
 Reference value :  2.16045e-08
 Reference value :  2.24735e-08
 Reference value :  2.34975e-08
 Reference value :  2.44895e-08
 Reference value :  2.54385e-08
 Reference value :  2.64235e-08
 Reference value :  2.73155e-08
 Reference value :  2.81765e-08
 Reference value :  2.90345e-08
 Reference value :  2.98105e-08
No. of Data Rows : 30041
binary raw file "waveform.raw"
ngspice-44.2 done
