
Note: No compatibility mode selected!


Circuit: ** sch_path: /work/sims/row_decoder/tb_row_decoder_sizing.sch

Doing analysis at TEMP = 27.000000 and TNOM = 27.000000

Using SPARSE 1.3 as Direct Linear Solver
Operating point simulation skipped by 'uic',
  now using transient initial conditions.
 Reference value :  5.00000e-14
 Reference value :  1.67627e-09
 Reference value :  3.47527e-09
 Reference value :  5.23763e-09
 Reference value :  6.99863e-09
 Reference value :  8.80963e-09
 Reference value :  1.05676e-08
 Reference value :  1.23816e-08
 Reference value :  1.41996e-08
 Reference value :  1.60386e-08
 Reference value :  1.78536e-08
 Reference value :  1.96756e-08
 Reference value :  2.14739e-08
 Reference value :  2.32839e-08
 Reference value :  2.50784e-08
 Reference value :  2.68924e-08
 Reference value :  2.87034e-08
No. of Data Rows : 30109
binary raw file "waveform.raw"
ngspice-44.2 done
