
Note: No compatibility mode selected!


Circuit: ** sch_path: /work/sims/row_decoder/tb_row_decoder_sizing.sch

Doing analysis at TEMP = 27.000000 and TNOM = 27.000000

Using SPARSE 1.3 as Direct Linear Solver
Operating point simulation skipped by 'uic',
  now using transient initial conditions.
 Reference value :  5.00000e-14
 Reference value :  2.01500e-10
 Reference value :  4.02500e-10
 Reference value :  6.41500e-10
 Reference value :  8.62500e-10
 Reference value :  1.08350e-09
 Reference value :  1.33650e-09
 Reference value :  1.59550e-09
 Reference value :  1.78750e-09
 Reference value :  2.00950e-09
 Reference value :  2.19750e-09
 Reference value :  2.41650e-09
 Reference value :  2.61950e-09
 Reference value :  2.83750e-09
 Reference value :  3.07750e-09
 Reference value :  3.33850e-09
 Reference value :  3.59750e-09
 Reference value :  3.84450e-09
 Reference value :  4.08550e-09
 Reference value :  4.35650e-09
 Reference value :  4.63650e-09
 Reference value :  4.88050e-09
 Reference value :  5.14450e-09
 Reference value :  5.42050e-09
 Reference value :  5.68550e-09
 Reference value :  5.93550e-09
 Reference value :  6.17250e-09
 Reference value :  6.43950e-09
 Reference value :  6.68050e-09
 Reference value :  6.96450e-09
 Reference value :  7.20150e-09
 Reference value :  7.43650e-09
 Reference value :  7.70250e-09
 Reference value :  7.92750e-09
 Reference value :  8.16350e-09
 Reference value :  8.40450e-09
 Reference value :  8.64150e-09
 Reference value :  8.90450e-09
 Reference value :  9.15650e-09
 Reference value :  9.40350e-09
 Reference value :  9.72450e-09
 Reference value :  1.00475e-08
 Reference value :  1.03345e-08
 Reference value :  1.06425e-08
 Reference value :  1.09695e-08
 Reference value :  1.13085e-08
 Reference value :  1.16005e-08
 Reference value :  1.19685e-08
 Reference value :  1.22635e-08
 Reference value :  1.25785e-08
 Reference value :  1.29045e-08
 Reference value :  1.32515e-08
 Reference value :  1.35705e-08
 Reference value :  1.38745e-08
 Reference value :  1.42325e-08
 Reference value :  1.45655e-08
 Reference value :  1.48875e-08
 Reference value :  1.52045e-08
 Reference value :  1.54725e-08
 Reference value :  1.57895e-08
 Reference value :  1.60755e-08
 Reference value :  1.63595e-08
 Reference value :  1.66715e-08
 Reference value :  1.69545e-08
 Reference value :  1.72965e-08
 Reference value :  1.75975e-08
 Reference value :  1.79275e-08
 Reference value :  1.82175e-08
 Reference value :  1.84995e-08
 Reference value :  1.88215e-08
 Reference value :  1.91245e-08
 Reference value :  1.94935e-08
 Reference value :  1.98035e-08
 Reference value :  2.01495e-08
 Reference value :  2.04245e-08
 Reference value :  2.07165e-08
 Reference value :  2.09995e-08
 Reference value :  2.13095e-08
 Reference value :  2.16435e-08
 Reference value :  2.19755e-08
 Reference value :  2.22965e-08
 Reference value :  2.25915e-08
 Reference value :  2.28735e-08
 Reference value :  2.31975e-08
 Reference value :  2.35455e-08
 Reference value :  2.38595e-08
 Reference value :  2.41875e-08
 Reference value :  2.45115e-08
 Reference value :  2.48485e-08
 Reference value :  2.51095e-08
 Reference value :  2.54375e-08
 Reference value :  2.56965e-08
 Reference value :  2.59505e-08
 Reference value :  2.62025e-08
 Reference value :  2.65055e-08
 Reference value :  2.67825e-08
 Reference value :  2.70755e-08
 Reference value :  2.74025e-08
 Reference value :  2.76855e-08
 Reference value :  2.79875e-08
 Reference value :  2.82945e-08
 Reference value :  2.85645e-08
 Reference value :  2.88225e-08
 Reference value :  2.90815e-08
 Reference value :  2.94145e-08
 Reference value :  2.97005e-08
No. of Data Rows : 30044
binary raw file "waveform.raw"
ngspice-44.2 done
