
Note: No compatibility mode selected!


Circuit: ** sch_path: /work/sims/row_decoder/tb_row_decoder_sizing.sch

Doing analysis at TEMP = 27.000000 and TNOM = 27.000000

Using SPARSE 1.3 as Direct Linear Solver
Operating point simulation skipped by 'uic',
  now using transient initial conditions.
 Reference value :  5.00000e-14
 Reference value :  2.55500e-10
 Reference value :  5.48500e-10
 Reference value :  8.57500e-10
 Reference value :  1.15650e-09
 Reference value :  1.48450e-09
 Reference value :  1.79550e-09
 Reference value :  2.06850e-09
 Reference value :  2.32150e-09
 Reference value :  2.63050e-09
 Reference value :  2.91050e-09
 Reference value :  3.19350e-09
 Reference value :  3.48650e-09
 Reference value :  3.76050e-09
 Reference value :  4.05450e-09
 Reference value :  4.31150e-09
 Reference value :  4.61950e-09
 Reference value :  4.89150e-09
 Reference value :  5.14650e-09
 Reference value :  5.45550e-09
 Reference value :  5.73250e-09
 Reference value :  5.99750e-09
 Reference value :  6.25750e-09
 Reference value :  6.52850e-09
 Reference value :  6.81550e-09
 Reference value :  7.13150e-09
 Reference value :  7.36950e-09
 Reference value :  7.65750e-09
 Reference value :  7.92650e-09
 Reference value :  8.20750e-09
 Reference value :  8.56750e-09
 Reference value :  8.89650e-09
 Reference value :  9.27850e-09
 Reference value :  9.64150e-09
 Reference value :  9.98050e-09
 Reference value :  1.02895e-08
 Reference value :  1.06515e-08
 Reference value :  1.09935e-08
 Reference value :  1.13335e-08
 Reference value :  1.17035e-08
 Reference value :  1.20635e-08
 Reference value :  1.23905e-08
 Reference value :  1.27245e-08
 Reference value :  1.30795e-08
 Reference value :  1.34155e-08
 Reference value :  1.37785e-08
 Reference value :  1.41385e-08
 Reference value :  1.45115e-08
 Reference value :  1.48595e-08
 Reference value :  1.51975e-08
 Reference value :  1.55495e-08
 Reference value :  1.58995e-08
 Reference value :  1.62825e-08
 Reference value :  1.66535e-08
 Reference value :  1.70125e-08
 Reference value :  1.73085e-08
 Reference value :  1.76485e-08
 Reference value :  1.79895e-08
 Reference value :  1.83595e-08
 Reference value :  1.86905e-08
 Reference value :  1.90185e-08
 Reference value :  1.93705e-08
 Reference value :  1.97385e-08
 Reference value :  2.00775e-08
 Reference value :  2.04585e-08
 Reference value :  2.07545e-08
 Reference value :  2.10755e-08
 Reference value :  2.14265e-08
 Reference value :  2.17915e-08
 Reference value :  2.21575e-08
 Reference value :  2.24565e-08
 Reference value :  2.28035e-08
 Reference value :  2.31695e-08
 Reference value :  2.35255e-08
 Reference value :  2.38935e-08
 Reference value :  2.42485e-08
 Reference value :  2.45805e-08
 Reference value :  2.49365e-08
 Reference value :  2.53075e-08
 Reference value :  2.56605e-08
 Reference value :  2.60255e-08
 Reference value :  2.63835e-08
 Reference value :  2.66955e-08
 Reference value :  2.69755e-08
 Reference value :  2.72535e-08
 Reference value :  2.75135e-08
 Reference value :  2.78055e-08
 Reference value :  2.81095e-08
 Reference value :  2.84315e-08
 Reference value :  2.87915e-08
 Reference value :  2.91065e-08
 Reference value :  2.94425e-08
 Reference value :  2.97735e-08
No. of Data Rows : 30045
binary raw file "waveform.raw"
ngspice-44.2 done
