
Note: No compatibility mode selected!


Circuit: ** sch_path: /work/sims/row_decoder/tb_row_decoder_sizing.sch

Doing analysis at TEMP = 27.000000 and TNOM = 27.000000

Using SPARSE 1.3 as Direct Linear Solver
Operating point simulation skipped by 'uic',
  now using transient initial conditions.
 Reference value :  5.00000e-14
 Reference value :  1.12150e-09
 Reference value :  2.21250e-09
 Reference value :  3.17050e-09
 Reference value :  4.08950e-09
 Reference value :  4.99650e-09
 Reference value :  6.16550e-09
 Reference value :  7.21650e-09
 Reference value :  8.17550e-09
 Reference value :  9.13550e-09
 Reference value :  1.00345e-08
 Reference value :  1.11805e-08
 Reference value :  1.22235e-08
 Reference value :  1.33185e-08
 Reference value :  1.42505e-08
 Reference value :  1.54075e-08
 Reference value :  1.64855e-08
 Reference value :  1.75235e-08
 Reference value :  1.86215e-08
 Reference value :  1.97725e-08
 Reference value :  2.07285e-08
 Reference value :  2.15555e-08
 Reference value :  2.25275e-08
 Reference value :  2.35475e-08
 Reference value :  2.44315e-08
 Reference value :  2.53755e-08
 Reference value :  2.61695e-08
 Reference value :  2.69785e-08
 Reference value :  2.79465e-08
 Reference value :  2.86945e-08
 Reference value :  2.96735e-08
No. of Data Rows : 30041
binary raw file "waveform.raw"
ngspice-44.2 done
