
Note: No compatibility mode selected!


Circuit: ** sch_path: /work/sims/row_decoder/tb_row_decoder_sizing.sch

Doing analysis at TEMP = 27.000000 and TNOM = 27.000000

Using SPARSE 1.3 as Direct Linear Solver
Operating point simulation skipped by 'uic',
  now using transient initial conditions.
 Reference value :  5.00000e-14
 Reference value :  6.94031e-10
 Reference value :  1.38003e-09
 Reference value :  2.10803e-09
 Reference value :  2.74403e-09
 Reference value :  3.38003e-09
 Reference value :  3.98603e-09
 Reference value :  4.61103e-09
 Reference value :  5.26750e-09
 Reference value :  5.87950e-09
 Reference value :  6.55050e-09
 Reference value :  7.18950e-09
 Reference value :  7.86950e-09
 Reference value :  8.55150e-09
 Reference value :  9.24550e-09
 Reference value :  9.94950e-09
 Reference value :  1.06085e-08
 Reference value :  1.12255e-08
 Reference value :  1.18955e-08
 Reference value :  1.26125e-08
 Reference value :  1.32885e-08
 Reference value :  1.39995e-08
 Reference value :  1.46135e-08
 Reference value :  1.53175e-08
 Reference value :  1.60155e-08
 Reference value :  1.66025e-08
 Reference value :  1.73065e-08
 Reference value :  1.79875e-08
 Reference value :  1.86895e-08
 Reference value :  1.93365e-08
 Reference value :  2.00055e-08
 Reference value :  2.07425e-08
 Reference value :  2.14395e-08
 Reference value :  2.20795e-08
 Reference value :  2.28145e-08
 Reference value :  2.35185e-08
 Reference value :  2.41965e-08
 Reference value :  2.48735e-08
 Reference value :  2.55335e-08
 Reference value :  2.62325e-08
 Reference value :  2.69565e-08
 Reference value :  2.76095e-08
 Reference value :  2.83235e-08
 Reference value :  2.89585e-08
 Reference value :  2.95225e-08
No. of Data Rows : 30038
binary raw file "waveform.raw"
ngspice-44.2 done
