
Note: No compatibility mode selected!


Circuit: ** sch_path: /work/sims/row_decoder/tb_row_decoder_sizing.sch

Doing analysis at TEMP = 27.000000 and TNOM = 27.000000

Using SPARSE 1.3 as Direct Linear Solver
Operating point simulation skipped by 'uic',
  now using transient initial conditions.
 Reference value :  5.00000e-14
 Reference value :  2.57450e-09
 Reference value :  5.18550e-09
 Reference value :  7.86450e-09
 Reference value :  1.05365e-08
 Reference value :  1.31475e-08
 Reference value :  1.57725e-08
 Reference value :  1.85345e-08
 Reference value :  2.10415e-08
 Reference value :  2.37475e-08
 Reference value :  2.64625e-08
 Reference value :  2.91805e-08
No. of Data Rows : 30041
binary raw file "waveform.raw"
ngspice-44.2 done
