
Note: No compatibility mode selected!


Circuit: ** sch_path: /work/sims/row_decoder/tb_row_decoder_sizing.sch

Doing analysis at TEMP = 27.000000 and TNOM = 27.000000

Using SPARSE 1.3 as Direct Linear Solver
Operating point simulation skipped by 'uic',
  now using transient initial conditions.
 Reference value :  5.00000e-14
 Reference value :  1.11050e-09
 Reference value :  2.20950e-09
 Reference value :  3.16050e-09
 Reference value :  4.06650e-09
 Reference value :  5.12650e-09
 Reference value :  6.08550e-09
 Reference value :  7.19450e-09
 Reference value :  8.16550e-09
 Reference value :  9.17450e-09
 Reference value :  1.00575e-08
 Reference value :  1.09365e-08
 Reference value :  1.19665e-08
 Reference value :  1.30355e-08
 Reference value :  1.40725e-08
 Reference value :  1.52645e-08
 Reference value :  1.63595e-08
 Reference value :  1.73165e-08
 Reference value :  1.84505e-08
 Reference value :  1.94665e-08
 Reference value :  2.04595e-08
 Reference value :  2.14355e-08
 Reference value :  2.25145e-08
 Reference value :  2.36135e-08
 Reference value :  2.46275e-08
 Reference value :  2.56095e-08
 Reference value :  2.65745e-08
 Reference value :  2.76605e-08
 Reference value :  2.87955e-08
No. of Data Rows : 30041
binary raw file "waveform.raw"
ngspice-44.2 done
