
Note: No compatibility mode selected!


Circuit: ** sch_path: /work/sims/row_decoder/tb_row_decoder_sizing.sch

Doing analysis at TEMP = 27.000000 and TNOM = 27.000000

Using SPARSE 1.3 as Direct Linear Solver
Operating point simulation skipped by 'uic',
  now using transient initial conditions.
 Reference value :  5.00000e-14
 Reference value :  2.36050e-09
 Reference value :  5.09450e-09
 Reference value :  7.77250e-09
 Reference value :  1.03375e-08
 Reference value :  1.31105e-08
 Reference value :  1.55705e-08
 Reference value :  1.80255e-08
 Reference value :  2.05095e-08
 Reference value :  2.32675e-08
 Reference value :  2.58895e-08
 Reference value :  2.86245e-08
No. of Data Rows : 30035
binary raw file "waveform.raw"
ngspice-44.2 done
