
Note: No compatibility mode selected!


Circuit: ** sch_path: /work/sims/row_decoder/tb_row_decoder_sizing.sch

Doing analysis at TEMP = 27.000000 and TNOM = 27.000000

Using SPARSE 1.3 as Direct Linear Solver
Operating point simulation skipped by 'uic',
  now using transient initial conditions.
 Reference value :  5.00000e-14
 Reference value :  1.06071e-09
 Reference value :  2.33071e-09
 Reference value :  3.58071e-09
 Reference value :  4.84571e-09
 Reference value :  5.86750e-09
 Reference value :  7.03250e-09
 Reference value :  8.06750e-09
 Reference value :  9.04250e-09
 Reference value :  1.01375e-08
 Reference value :  1.11725e-08
 Reference value :  1.22525e-08
 Reference value :  1.34975e-08
 Reference value :  1.45475e-08
 Reference value :  1.56075e-08
 Reference value :  1.69125e-08
 Reference value :  1.80225e-08
 Reference value :  1.91625e-08
 Reference value :  2.02325e-08
 Reference value :  2.15175e-08
 Reference value :  2.26025e-08
 Reference value :  2.37475e-08
 Reference value :  2.48275e-08
 Reference value :  2.60125e-08
 Reference value :  2.71675e-08
 Reference value :  2.82075e-08
 Reference value :  2.92975e-08
No. of Data Rows : 6049
binary raw file "waveform.raw"
ngspice-44.2 done
