
Note: No compatibility mode selected!


Circuit: ** sch_path: /work/sims/row_decoder/tb_row_decoder_sizing.sch

Doing analysis at TEMP = 27.000000 and TNOM = 27.000000

Using SPARSE 1.3 as Direct Linear Solver
Operating point simulation skipped by 'uic',
  now using transient initial conditions.
 Reference value :  5.00000e-14
 Reference value :  6.74031e-10
 Reference value :  1.35203e-09
 Reference value :  2.04903e-09
 Reference value :  2.66903e-09
 Reference value :  3.27703e-09
 Reference value :  3.86403e-09
 Reference value :  4.45903e-09
 Reference value :  5.10050e-09
 Reference value :  5.69450e-09
 Reference value :  6.35550e-09
 Reference value :  6.97650e-09
 Reference value :  7.62650e-09
 Reference value :  8.26950e-09
 Reference value :  8.94150e-09
 Reference value :  9.63150e-09
 Reference value :  1.02795e-08
 Reference value :  1.08895e-08
 Reference value :  1.15485e-08
 Reference value :  1.22545e-08
 Reference value :  1.29135e-08
 Reference value :  1.36235e-08
 Reference value :  1.42265e-08
 Reference value :  1.49345e-08
 Reference value :  1.56335e-08
 Reference value :  1.62065e-08
 Reference value :  1.68825e-08
 Reference value :  1.75725e-08
 Reference value :  1.82525e-08
 Reference value :  1.88945e-08
 Reference value :  1.95615e-08
 Reference value :  2.02855e-08
 Reference value :  2.09755e-08
 Reference value :  2.15995e-08
 Reference value :  2.23255e-08
 Reference value :  2.30295e-08
 Reference value :  2.36865e-08
 Reference value :  2.43535e-08
 Reference value :  2.49905e-08
 Reference value :  2.56755e-08
 Reference value :  2.63895e-08
 Reference value :  2.70375e-08
 Reference value :  2.77285e-08
 Reference value :  2.83455e-08
 Reference value :  2.89115e-08
 Reference value :  2.95855e-08
No. of Data Rows : 30044
binary raw file "waveform.raw"
ngspice-44.2 done
