
Note: No compatibility mode selected!


Circuit: ** sch_path: /work/sims/row_decoder/tb_row_decoder_sizing.sch

Doing analysis at TEMP = 27.000000 and TNOM = 27.000000

Using SPARSE 1.3 as Direct Linear Solver
Operating point simulation skipped by 'uic',
  now using transient initial conditions.
 Reference value :  5.00000e-14
 Reference value :  5.02744e-11
 Reference value :  2.08274e-10
 Reference value :  3.57807e-10
 Reference value :  5.10807e-10
 Reference value :  6.61589e-10
 Reference value :  8.11465e-10
 Reference value :  9.63906e-10
 Reference value :  1.11005e-09
 Reference value :  1.25998e-09
 Reference value :  1.40794e-09
 Reference value :  1.56785e-09
 Reference value :  1.72185e-09
 Reference value :  1.86968e-09
 Reference value :  2.02668e-09
 Reference value :  2.18568e-09
 Reference value :  2.34268e-09
 Reference value :  2.50068e-09
 Reference value :  2.66268e-09
 Reference value :  2.82768e-09
 Reference value :  2.99168e-09
 Reference value :  3.15568e-09
 Reference value :  3.31968e-09
 Reference value :  3.47668e-09
 Reference value :  3.61568e-09
 Reference value :  3.77468e-09
 Reference value :  3.93668e-09
 Reference value :  4.10268e-09
 Reference value :  4.25168e-09
 Reference value :  4.41468e-09
 Reference value :  4.57268e-09
 Reference value :  4.72568e-09
 Reference value :  4.88168e-09
 Reference value :  5.02500e-09
 Reference value :  5.16782e-09
 Reference value :  5.33182e-09
 Reference value :  5.49373e-09
 Reference value :  5.64973e-09
 Reference value :  5.80350e-09
 Reference value :  5.95750e-09
 Reference value :  6.11741e-09
 Reference value :  6.28241e-09
 Reference value :  6.44541e-09
 Reference value :  6.59941e-09
 Reference value :  6.75766e-09
 Reference value :  6.91766e-09
 Reference value :  7.07258e-09
 Reference value :  7.21758e-09
 Reference value :  7.37258e-09
 Reference value :  7.52858e-09
 Reference value :  7.69258e-09
 Reference value :  7.84458e-09
 Reference value :  8.01058e-09
 Reference value :  8.17458e-09
 Reference value :  8.33858e-09
 Reference value :  8.50258e-09
 Reference value :  8.66858e-09
 Reference value :  8.83658e-09
 Reference value :  9.00458e-09
 Reference value :  9.17258e-09
 Reference value :  9.33958e-09
 Reference value :  9.50558e-09
 Reference value :  9.66758e-09
 Reference value :  9.82658e-09
 Reference value :  9.97800e-09
 Reference value :  1.01204e-08
 Reference value :  1.02853e-08
 Reference value :  1.04513e-08
 Reference value :  1.06113e-08
 Reference value :  1.07763e-08
 Reference value :  1.09403e-08
 Reference value :  1.11003e-08
 Reference value :  1.12623e-08
 Reference value :  1.14263e-08
 Reference value :  1.15812e-08
 Reference value :  1.17422e-08
 Reference value :  1.19072e-08
 Reference value :  1.20682e-08
 Reference value :  1.22121e-08
 Reference value :  1.23500e-08
 Reference value :  1.25090e-08
 Reference value :  1.26680e-08
 Reference value :  1.28330e-08
 Reference value :  1.30010e-08
 Reference value :  1.31680e-08
 Reference value :  1.33310e-08
 Reference value :  1.34940e-08
 Reference value :  1.36570e-08
 Reference value :  1.38180e-08
 Reference value :  1.39840e-08
 Reference value :  1.41500e-08
 Reference value :  1.43160e-08
 Reference value :  1.44820e-08
 Reference value :  1.46460e-08
 Reference value :  1.48090e-08
 Reference value :  1.49662e-08
 Reference value :  1.50928e-08
 Reference value :  1.52508e-08
 Reference value :  1.53858e-08
 Reference value :  1.55502e-08
 Reference value :  1.57080e-08
 Reference value :  1.58645e-08
 Reference value :  1.60185e-08
 Reference value :  1.61674e-08
 Reference value :  1.63274e-08
 Reference value :  1.64914e-08
 Reference value :  1.66386e-08
 Reference value :  1.68036e-08
 Reference value :  1.69686e-08
 Reference value :  1.71292e-08
 Reference value :  1.72862e-08
 Reference value :  1.74482e-08
 Reference value :  1.76062e-08
 Reference value :  1.77552e-08
 Reference value :  1.79182e-08
 Reference value :  1.80842e-08
 Reference value :  1.82512e-08
 Reference value :  1.84142e-08
 Reference value :  1.85802e-08
 Reference value :  1.87452e-08
 Reference value :  1.89092e-08
 Reference value :  1.90772e-08
 Reference value :  1.92452e-08
 Reference value :  1.94132e-08
 Reference value :  1.95812e-08
 Reference value :  1.97462e-08
 Reference value :  1.99042e-08
 Reference value :  2.00622e-08
 Reference value :  2.02142e-08
 Reference value :  2.03712e-08
 Reference value :  2.05352e-08
 Reference value :  2.06870e-08
 Reference value :  2.08286e-08
 Reference value :  2.09896e-08
 Reference value :  2.11474e-08
 Reference value :  2.13054e-08
 Reference value :  2.14663e-08
 Reference value :  2.16323e-08
 Reference value :  2.17983e-08
 Reference value :  2.19623e-08
 Reference value :  2.21273e-08
 Reference value :  2.22782e-08
 Reference value :  2.24182e-08
 Reference value :  2.25752e-08
 Reference value :  2.27322e-08
 Reference value :  2.28782e-08
 Reference value :  2.30311e-08
 Reference value :  2.31981e-08
 Reference value :  2.33651e-08
 Reference value :  2.35311e-08
 Reference value :  2.36901e-08
 Reference value :  2.38511e-08
 Reference value :  2.40161e-08
 Reference value :  2.41791e-08
 Reference value :  2.43451e-08
 Reference value :  2.45111e-08
 Reference value :  2.46761e-08
 Reference value :  2.48381e-08
 Reference value :  2.49891e-08
 Reference value :  2.51471e-08
 Reference value :  2.53051e-08
 Reference value :  2.54641e-08
 Reference value :  2.56291e-08
No. of Data Rows : 25879
binary raw file "waveform.raw"
ngspice-44.2 done
