
Note: No compatibility mode selected!


Circuit: ** sch_path: /work/sims/row_decoder/tb_row_decoder_sizing.sch

Doing analysis at TEMP = 27.000000 and TNOM = 27.000000

Using SPARSE 1.3 as Direct Linear Solver
Operating point simulation skipped by 'uic',
  now using transient initial conditions.
 Reference value :  5.00000e-14
 Reference value :  1.05104e-09
 Reference value :  2.30604e-09
 Reference value :  3.65104e-09
 Reference value :  4.71604e-09
 Reference value :  5.74250e-09
 Reference value :  6.82750e-09
 Reference value :  7.84750e-09
 Reference value :  9.07250e-09
 Reference value :  1.01325e-08
 Reference value :  1.11975e-08
 Reference value :  1.24075e-08
 Reference value :  1.34125e-08
 Reference value :  1.44875e-08
 Reference value :  1.56875e-08
 Reference value :  1.69375e-08
 Reference value :  1.81225e-08
 Reference value :  1.92875e-08
 Reference value :  2.03375e-08
 Reference value :  2.15725e-08
 Reference value :  2.26825e-08
 Reference value :  2.37125e-08
 Reference value :  2.48075e-08
 Reference value :  2.58175e-08
 Reference value :  2.68425e-08
 Reference value :  2.78725e-08
 Reference value :  2.88725e-08
 Reference value :  2.98525e-08
No. of Data Rows : 6048
binary raw file "waveform.raw"
ngspice-44.2 done
