
Note: No compatibility mode selected!


Circuit: ** sch_path: /work/sims/row_decoder/tb_row_decoder_sizing.sch

Doing analysis at TEMP = -40.000000 and TNOM = 27.000000

Using SPARSE 1.3 as Direct Linear Solver
Operating point simulation skipped by 'uic',
  now using transient initial conditions.
 Reference value :  2.50000e-14
 Reference value :  2.12125e-10
 Reference value :  4.23125e-10
 Reference value :  6.44375e-10
 Reference value :  8.74875e-10
 Reference value :  1.11238e-09
 Reference value :  1.32738e-09
 Reference value :  1.54938e-09
 Reference value :  1.76013e-09
 Reference value :  1.96763e-09
 Reference value :  2.17638e-09
 Reference value :  2.39537e-09
 Reference value :  2.60362e-09
 Reference value :  2.81462e-09
 Reference value :  3.04162e-09
 Reference value :  3.23162e-09
 Reference value :  3.44262e-09
 Reference value :  3.65812e-09
 Reference value :  3.86737e-09
 Reference value :  4.06437e-09
 Reference value :  4.27887e-09
 Reference value :  4.49213e-09
 Reference value :  4.71363e-09
 Reference value :  4.93388e-09
 Reference value :  5.14088e-09
 Reference value :  5.35488e-09
 Reference value :  5.56588e-09
 Reference value :  5.76588e-09
 Reference value :  5.97088e-09
 Reference value :  6.18938e-09
 Reference value :  6.42463e-09
 Reference value :  6.65463e-09
 Reference value :  6.87188e-09
 Reference value :  7.09863e-09
 Reference value :  7.31163e-09
 Reference value :  7.53438e-09
 Reference value :  7.74113e-09
 Reference value :  7.97263e-09
 Reference value :  8.22563e-09
 Reference value :  8.48738e-09
 Reference value :  8.71563e-09
 Reference value :  8.94413e-09
 Reference value :  9.19913e-09
 Reference value :  9.41638e-09
 Reference value :  9.62538e-09
 Reference value :  9.87888e-09
 Reference value :  1.01039e-08
 Reference value :  1.03354e-08
 Reference value :  1.05929e-08
 Reference value :  1.07861e-08
 Reference value :  1.10376e-08
 Reference value :  1.12359e-08
 Reference value :  1.14494e-08
 Reference value :  1.16581e-08
 Reference value :  1.18756e-08
 Reference value :  1.20876e-08
 Reference value :  1.23014e-08
 Reference value :  1.24989e-08
 Reference value :  1.26924e-08
 Reference value :  1.28794e-08
 Reference value :  1.30736e-08
 Reference value :  1.32891e-08
 Reference value :  1.35316e-08
 Reference value :  1.37691e-08
 Reference value :  1.39856e-08
 Reference value :  1.42099e-08
 Reference value :  1.44321e-08
 Reference value :  1.46669e-08
 Reference value :  1.48619e-08
 Reference value :  1.50561e-08
 Reference value :  1.52624e-08
 Reference value :  1.54809e-08
 Reference value :  1.56924e-08
 Reference value :  1.59041e-08
 Reference value :  1.61021e-08
 Reference value :  1.63001e-08
 Reference value :  1.65081e-08
 Reference value :  1.67531e-08
 Reference value :  1.70216e-08
 Reference value :  1.72604e-08
 Reference value :  1.75019e-08
 Reference value :  1.77366e-08
 Reference value :  1.79584e-08
 Reference value :  1.82279e-08
 Reference value :  1.84649e-08
 Reference value :  1.86911e-08
 Reference value :  1.89644e-08
 Reference value :  1.91969e-08
 Reference value :  1.94399e-08
 Reference value :  1.96604e-08
 Reference value :  1.99089e-08
 Reference value :  2.01506e-08
 Reference value :  2.03699e-08
 Reference value :  2.05936e-08
 Reference value :  2.08284e-08
 Reference value :  2.10651e-08
 Reference value :  2.13249e-08
 Reference value :  2.15406e-08
 Reference value :  2.17739e-08
 Reference value :  2.20234e-08
 Reference value :  2.22516e-08
 Reference value :  2.24779e-08
 Reference value :  2.27464e-08
 Reference value :  2.30016e-08
 Reference value :  2.32629e-08
 Reference value :  2.35114e-08
 Reference value :  2.37926e-08
 Reference value :  2.40481e-08
 Reference value :  2.43184e-08
 Reference value :  2.45684e-08
 Reference value :  2.47876e-08
 Reference value :  2.50444e-08
 Reference value :  2.52841e-08
 Reference value :  2.55199e-08
 Reference value :  2.57666e-08
 Reference value :  2.60021e-08
 Reference value :  2.62491e-08
 Reference value :  2.64974e-08
 Reference value :  2.67221e-08
 Reference value :  2.69441e-08
 Reference value :  2.71724e-08
 Reference value :  2.73864e-08
 Reference value :  2.76034e-08
 Reference value :  2.78189e-08
 Reference value :  2.80344e-08
 Reference value :  2.82396e-08
 Reference value :  2.84534e-08
 Reference value :  2.86794e-08
 Reference value :  2.88931e-08
 Reference value :  2.91076e-08
 Reference value :  2.93261e-08
 Reference value :  2.95346e-08
 Reference value :  2.97306e-08
 Reference value :  2.99386e-08
No. of Data Rows : 120039
binary raw file "waveform.raw"
ngspice-44.2 done

Checking parameters for BSIM 4.5 model x5.xmn1:nshort_model.48
Warning: Eta0 = -0.0286127 is negative.

Checking parameters for BSIM 4.5 model x4.xmn1:nshort_model.48
Warning: Eta0 = -0.0286127 is negative.

Checking parameters for BSIM 4.5 model x3.xmn1:nshort_model.48
Warning: Eta0 = -0.0286127 is negative.

Checking parameters for BSIM 4.5 model x2.xmn1:nshort_model.48
Warning: Eta0 = -0.0286127 is negative.
