
Note: No compatibility mode selected!


Circuit: ** sch_path: /work/sims/row_decoder/tb_row_decoder_sizing.sch

Doing analysis at TEMP = 27.000000 and TNOM = 27.000000

Using SPARSE 1.3 as Direct Linear Solver
Operating point simulation skipped by 'uic',
  now using transient initial conditions.
 Reference value :  5.00000e-14
 Reference value :  6.82500e-10
 Reference value :  1.37550e-09
 Reference value :  2.08250e-09
 Reference value :  2.75750e-09
 Reference value :  3.46650e-09
 Reference value :  4.18350e-09
 Reference value :  4.84150e-09
 Reference value :  5.48550e-09
 Reference value :  6.12150e-09
 Reference value :  6.83550e-09
 Reference value :  7.51350e-09
 Reference value :  8.22050e-09
 Reference value :  8.88750e-09
 Reference value :  9.55350e-09
 Reference value :  1.02435e-08
 Reference value :  1.09785e-08
 Reference value :  1.16285e-08
 Reference value :  1.22835e-08
 Reference value :  1.29235e-08
 Reference value :  1.36475e-08
 Reference value :  1.43305e-08
 Reference value :  1.50575e-08
 Reference value :  1.57465e-08
 Reference value :  1.64355e-08
 Reference value :  1.71435e-08
 Reference value :  1.78195e-08
 Reference value :  1.85255e-08
 Reference value :  1.92325e-08
 Reference value :  1.99365e-08
 Reference value :  2.05375e-08
 Reference value :  2.12305e-08
 Reference value :  2.18765e-08
 Reference value :  2.25415e-08
 Reference value :  2.32065e-08
 Reference value :  2.38325e-08
 Reference value :  2.45395e-08
 Reference value :  2.52375e-08
 Reference value :  2.59355e-08
 Reference value :  2.66565e-08
 Reference value :  2.73625e-08
 Reference value :  2.80425e-08
 Reference value :  2.87385e-08
 Reference value :  2.94425e-08
No. of Data Rows : 30044
binary raw file "waveform.raw"
ngspice-44.2 done
