
Note: No compatibility mode selected!


Circuit: ** sch_path: /work/sims/row_decoder/tb_row_decoder_sizing.sch

Doing analysis at TEMP = -40.000000 and TNOM = 27.000000

Using SPARSE 1.3 as Direct Linear Solver
Operating point simulation skipped by 'uic',
  now using transient initial conditions.
 Reference value :  5.00000e-14
 Reference value :  3.18411e-10
 Reference value :  6.69411e-10
 Reference value :  1.02041e-09
 Reference value :  1.38641e-09
 Reference value :  1.74341e-09
 Reference value :  2.08641e-09
 Reference value :  2.43641e-09
 Reference value :  2.76341e-09
 Reference value :  3.09141e-09
 Reference value :  3.43641e-09
 Reference value :  3.72441e-09
 Reference value :  3.98641e-09
 Reference value :  4.32541e-09
 Reference value :  4.60741e-09
 Reference value :  4.91641e-09
 Reference value :  5.21750e-09
 Reference value :  5.57550e-09
 Reference value :  5.94250e-09
 Reference value :  6.32250e-09
 Reference value :  6.67050e-09
 Reference value :  7.09550e-09
 Reference value :  7.53650e-09
 Reference value :  7.97750e-09
 Reference value :  8.37650e-09
 Reference value :  8.82950e-09
 Reference value :  9.24650e-09
 Reference value :  9.62450e-09
 Reference value :  9.97150e-09
 Reference value :  1.02685e-08
 Reference value :  1.06115e-08
 Reference value :  1.09755e-08
 Reference value :  1.14025e-08
 Reference value :  1.18335e-08
 Reference value :  1.22885e-08
 Reference value :  1.27485e-08
 Reference value :  1.31865e-08
 Reference value :  1.36525e-08
 Reference value :  1.40865e-08
 Reference value :  1.45075e-08
 Reference value :  1.49635e-08
 Reference value :  1.54115e-08
 Reference value :  1.58295e-08
 Reference value :  1.62485e-08
 Reference value :  1.66635e-08
 Reference value :  1.70785e-08
 Reference value :  1.75105e-08
 Reference value :  1.79545e-08
 Reference value :  1.83575e-08
 Reference value :  1.87905e-08
 Reference value :  1.92235e-08
 Reference value :  1.96585e-08
 Reference value :  2.00775e-08
 Reference value :  2.05125e-08
 Reference value :  2.09745e-08
 Reference value :  2.14245e-08
 Reference value :  2.18925e-08
 Reference value :  2.23355e-08
 Reference value :  2.27745e-08
 Reference value :  2.32305e-08
 Reference value :  2.35655e-08
 Reference value :  2.39315e-08
 Reference value :  2.43555e-08
 Reference value :  2.47715e-08
 Reference value :  2.51935e-08
 Reference value :  2.56305e-08
 Reference value :  2.60565e-08
 Reference value :  2.65025e-08
 Reference value :  2.69645e-08
 Reference value :  2.74265e-08
 Reference value :  2.78925e-08
 Reference value :  2.83465e-08
 Reference value :  2.88165e-08
 Reference value :  2.92315e-08
 Reference value :  2.96665e-08
No. of Data Rows : 30044
binary raw file "waveform.raw"
ngspice-44.2 done

Checking parameters for BSIM 4.5 model x5.xmn1:nshort_model.48
Warning: Eta0 = -0.0286127 is negative.

Checking parameters for BSIM 4.5 model x4.xmn1:nshort_model.48
Warning: Eta0 = -0.0286127 is negative.

Checking parameters for BSIM 4.5 model x3.xmn1:nshort_model.48
Warning: Eta0 = -0.0286127 is negative.

Checking parameters for BSIM 4.5 model x2.xmn1:nshort_model.48
Warning: Eta0 = -0.0286127 is negative.
