
Note: No compatibility mode selected!


Circuit: ** sch_path: /work/sims/row_decoder/tb_row_decoder_sizing.sch

Doing analysis at TEMP = -40.000000 and TNOM = 27.000000

Using SPARSE 1.3 as Direct Linear Solver
Operating point simulation skipped by 'uic',
  now using transient initial conditions.
 Reference value :  5.00000e-14
 Reference value :  9.24500e-10
 Reference value :  1.97350e-09
 Reference value :  3.02250e-09
 Reference value :  4.06750e-09
 Reference value :  5.05150e-09
 Reference value :  5.97950e-09
 Reference value :  7.01350e-09
 Reference value :  8.05650e-09
 Reference value :  8.98650e-09
 Reference value :  1.00805e-08
 Reference value :  1.10815e-08
 Reference value :  1.19995e-08
 Reference value :  1.29005e-08
 Reference value :  1.38175e-08
 Reference value :  1.48555e-08
 Reference value :  1.58145e-08
 Reference value :  1.66705e-08
 Reference value :  1.75575e-08
 Reference value :  1.84845e-08
 Reference value :  1.93845e-08
 Reference value :  2.02805e-08
 Reference value :  2.11695e-08
 Reference value :  2.22915e-08
 Reference value :  2.33425e-08
 Reference value :  2.43185e-08
 Reference value :  2.52305e-08
 Reference value :  2.61775e-08
 Reference value :  2.71945e-08
 Reference value :  2.80865e-08
 Reference value :  2.92245e-08
No. of Data Rows : 30041
binary raw file "waveform.raw"
ngspice-44.2 done

Checking parameters for BSIM 4.5 model x5.xmn1:nshort_model.48
Warning: Eta0 = -0.0286127 is negative.

Checking parameters for BSIM 4.5 model x4.xmn1:nshort_model.48
Warning: Eta0 = -0.0286127 is negative.

Checking parameters for BSIM 4.5 model x3.xmn1:nshort_model.48
Warning: Eta0 = -0.0286127 is negative.

Checking parameters for BSIM 4.5 model x2.xmn1:nshort_model.48
Warning: Eta0 = -0.0286127 is negative.
