
Note: No compatibility mode selected!


Circuit: ** sch_path: /work/sims/row_decoder/tb_row_decoder_sizing.sch

Doing analysis at TEMP = -40.000000 and TNOM = 27.000000

Using SPARSE 1.3 as Direct Linear Solver
Operating point simulation skipped by 'uic',
  now using transient initial conditions.
 Reference value :  5.00000e-14
 Reference value :  1.14150e-09
 Reference value :  2.35650e-09
 Reference value :  3.56650e-09
 Reference value :  4.77650e-09
 Reference value :  5.88250e-09
 Reference value :  6.99250e-09
 Reference value :  8.07750e-09
 Reference value :  9.23250e-09
 Reference value :  1.02125e-08
 Reference value :  1.13125e-08
 Reference value :  1.25075e-08
 Reference value :  1.35125e-08
 Reference value :  1.45575e-08
 Reference value :  1.57125e-08
 Reference value :  1.69325e-08
 Reference value :  1.80015e-08
 Reference value :  1.91125e-08
 Reference value :  2.01875e-08
 Reference value :  2.12175e-08
 Reference value :  2.23675e-08
 Reference value :  2.34975e-08
 Reference value :  2.48325e-08
 Reference value :  2.59925e-08
 Reference value :  2.70075e-08
 Reference value :  2.81425e-08
 Reference value :  2.91275e-08
No. of Data Rows : 6048
binary raw file "waveform.raw"
ngspice-44.2 done

Checking parameters for BSIM 4.5 model x5.xmn1:nshort_model.48
Warning: Eta0 = -0.0286127 is negative.

Checking parameters for BSIM 4.5 model x4.xmn1:nshort_model.48
Warning: Eta0 = -0.0286127 is negative.

Checking parameters for BSIM 4.5 model x3.xmn1:nshort_model.48
Warning: Eta0 = -0.0286127 is negative.

Checking parameters for BSIM 4.5 model x2.xmn1:nshort_model.48
Warning: Eta0 = -0.0286127 is negative.
