
Note: No compatibility mode selected!


Circuit: ** sch_path: /work/sims/row_decoder/tb_row_decoder_sizing.sch

Doing analysis at TEMP = 27.000000 and TNOM = 27.000000

Using SPARSE 1.3 as Direct Linear Solver
Operating point simulation skipped by 'uic',
  now using transient initial conditions.
 Reference value :  5.00000e-14
 Reference value :  1.37150e-09
 Reference value :  2.75850e-09
 Reference value :  3.73750e-09
 Reference value :  4.83150e-09
 Reference value :  5.97250e-09
 Reference value :  7.22550e-09
 Reference value :  8.45450e-09
 Reference value :  9.62350e-09
 Reference value :  1.09365e-08
 Reference value :  1.21225e-08
 Reference value :  1.34475e-08
 Reference value :  1.47205e-08
 Reference value :  1.60025e-08
 Reference value :  1.72965e-08
 Reference value :  1.85565e-08
 Reference value :  1.98235e-08
 Reference value :  2.10625e-08
 Reference value :  2.22875e-08
 Reference value :  2.34265e-08
 Reference value :  2.45275e-08
 Reference value :  2.55315e-08
 Reference value :  2.65975e-08
 Reference value :  2.76355e-08
 Reference value :  2.86595e-08
 Reference value :  2.96935e-08
No. of Data Rows : 30035
binary raw file "waveform.raw"
ngspice-44.2 done
