
Note: No compatibility mode selected!


Circuit: ** sch_path: /work/sims/row_decoder/tb_row_decoder_sizing.sch

Doing analysis at TEMP = 27.000000 and TNOM = 27.000000

Using SPARSE 1.3 as Direct Linear Solver
Operating point simulation skipped by 'uic',
  now using transient initial conditions.
 Reference value :  5.00000e-14
 Reference value :  1.20150e-09
 Reference value :  2.57450e-09
 Reference value :  3.76550e-09
 Reference value :  4.76450e-09
 Reference value :  5.82950e-09
 Reference value :  6.86950e-09
 Reference value :  7.97350e-09
 Reference value :  9.08150e-09
 Reference value :  1.01425e-08
 Reference value :  1.10545e-08
 Reference value :  1.21645e-08
 Reference value :  1.32245e-08
 Reference value :  1.43845e-08
 Reference value :  1.55985e-08
 Reference value :  1.68095e-08
 Reference value :  1.78605e-08
 Reference value :  1.89685e-08
 Reference value :  2.02395e-08
 Reference value :  2.13155e-08
 Reference value :  2.26465e-08
 Reference value :  2.38145e-08
 Reference value :  2.48445e-08
 Reference value :  2.60335e-08
 Reference value :  2.69785e-08
 Reference value :  2.81115e-08
 Reference value :  2.92125e-08
No. of Data Rows : 30041
binary raw file "waveform.raw"
ngspice-44.2 done
