
Note: No compatibility mode selected!


Circuit: ** sch_path: /work/sims/row_decoder/tb_row_decoder_sizing.sch

Doing analysis at TEMP = 27.000000 and TNOM = 27.000000

Using SPARSE 1.3 as Direct Linear Solver
Operating point simulation skipped by 'uic',
  now using transient initial conditions.
 Reference value :  5.00000e-14
 Reference value :  2.78569e-11
 Reference value :  1.50857e-10
 Reference value :  2.71719e-10
 Reference value :  3.93719e-10
 Reference value :  5.09632e-10
 Reference value :  6.23632e-10
 Reference value :  7.43619e-10
 Reference value :  8.62465e-10
 Reference value :  9.72168e-10
 Reference value :  1.09311e-09
 Reference value :  1.20911e-09
 Reference value :  1.32911e-09
 Reference value :  1.43778e-09
 Reference value :  1.55578e-09
 Reference value :  1.67378e-09
 Reference value :  1.78678e-09
 Reference value :  1.90170e-09
 Reference value :  2.02170e-09
 Reference value :  2.14670e-09
 Reference value :  2.26670e-09
 Reference value :  2.38370e-09
 Reference value :  2.49070e-09
 Reference value :  2.60770e-09
 Reference value :  2.72670e-09
 Reference value :  2.85070e-09
 Reference value :  2.97670e-09
 Reference value :  3.10270e-09
 Reference value :  3.22770e-09
 Reference value :  3.35370e-09
 Reference value :  3.47970e-09
 Reference value :  3.60570e-09
 Reference value :  3.73170e-09
 Reference value :  3.85870e-09
 Reference value :  3.98670e-09
 Reference value :  4.11470e-09
 Reference value :  4.24170e-09
 Reference value :  4.36570e-09
 Reference value :  4.48870e-09
 Reference value :  4.60970e-09
 Reference value :  4.73170e-09
 Reference value :  4.85870e-09
 Reference value :  4.97529e-09
 Reference value :  5.08301e-09
 Reference value :  5.19401e-09
 Reference value :  5.31801e-09
 Reference value :  5.44157e-09
 Reference value :  5.56457e-09
 Reference value :  5.68157e-09
 Reference value :  5.78429e-09
 Reference value :  5.89113e-09
 Reference value :  6.00509e-09
 Reference value :  6.12909e-09
 Reference value :  6.24909e-09
 Reference value :  6.36509e-09
 Reference value :  6.48309e-09
 Reference value :  6.60202e-09
 Reference value :  6.71602e-09
 Reference value :  6.83602e-09
 Reference value :  6.95802e-09
 Reference value :  7.08302e-09
 Reference value :  7.20202e-09
 Reference value :  7.32802e-09
 Reference value :  7.45102e-09
 Reference value :  7.57502e-09
 Reference value :  7.70202e-09
 Reference value :  7.82902e-09
 Reference value :  7.95602e-09
 Reference value :  8.08302e-09
 Reference value :  8.20602e-09
 Reference value :  8.32802e-09
 Reference value :  8.44802e-09
 Reference value :  8.56802e-09
 Reference value :  8.69502e-09
 Reference value :  8.82202e-09
 Reference value :  8.94002e-09
 Reference value :  9.06602e-09
 Reference value :  9.19202e-09
 Reference value :  9.31802e-09
 Reference value :  9.44302e-09
 Reference value :  9.56602e-09
 Reference value :  9.69202e-09
 Reference value :  9.81902e-09
 Reference value :  9.94602e-09
 Reference value :  1.00520e-08
 Reference value :  1.01548e-08
 Reference value :  1.02758e-08
 Reference value :  1.03938e-08
 Reference value :  1.05138e-08
 Reference value :  1.06297e-08
 Reference value :  1.07557e-08
 Reference value :  1.08807e-08
 Reference value :  1.10056e-08
 Reference value :  1.11296e-08
 Reference value :  1.12526e-08
 Reference value :  1.13756e-08
 Reference value :  1.14946e-08
 Reference value :  1.16106e-08
 Reference value :  1.17316e-08
 Reference value :  1.18556e-08
 Reference value :  1.19816e-08
 Reference value :  1.21015e-08
 Reference value :  1.22035e-08
 Reference value :  1.22857e-08
 Reference value :  1.23777e-08
 Reference value :  1.24737e-08
 Reference value :  1.25817e-08
 Reference value :  1.26957e-08
 Reference value :  1.27907e-08
 Reference value :  1.28827e-08
 Reference value :  1.29747e-08
 Reference value :  1.30727e-08
 Reference value :  1.31817e-08
 Reference value :  1.33017e-08
 Reference value :  1.34247e-08
 Reference value :  1.35507e-08
 Reference value :  1.36747e-08
 Reference value :  1.37797e-08
 Reference value :  1.38737e-08
 Reference value :  1.39637e-08
 Reference value :  1.40537e-08
 Reference value :  1.41587e-08
 Reference value :  1.42747e-08
 Reference value :  1.43767e-08
 Reference value :  1.44846e-08
 Reference value :  1.45890e-08
 Reference value :  1.47040e-08
 Reference value :  1.48240e-08
 Reference value :  1.49460e-08
 Reference value :  1.50364e-08
 Reference value :  1.51417e-08
 Reference value :  1.52575e-08
 Reference value :  1.53800e-08
 Reference value :  1.54999e-08
 Reference value :  1.56159e-08
 Reference value :  1.57319e-08
 Reference value :  1.58253e-08
 Reference value :  1.59321e-08
 Reference value :  1.60511e-08
 Reference value :  1.61701e-08
 Reference value :  1.62921e-08
 Reference value :  1.64131e-08
 Reference value :  1.65261e-08
 Reference value :  1.66321e-08
 Reference value :  1.67481e-08
 Reference value :  1.68631e-08
 Reference value :  1.69816e-08
 Reference value :  1.70999e-08
 Reference value :  1.72189e-08
 Reference value :  1.73419e-08
 Reference value :  1.74659e-08
 Reference value :  1.75879e-08
 Reference value :  1.77109e-08
 Reference value :  1.78359e-08
 Reference value :  1.79499e-08
 Reference value :  1.80759e-08
 Reference value :  1.82009e-08
 Reference value :  1.83249e-08
 Reference value :  1.84449e-08
 Reference value :  1.85639e-08
 Reference value :  1.86839e-08
 Reference value :  1.88039e-08
 Reference value :  1.89299e-08
 Reference value :  1.90559e-08
 Reference value :  1.91809e-08
 Reference value :  1.93049e-08
 Reference value :  1.94299e-08
 Reference value :  1.95539e-08
 Reference value :  1.96789e-08
 Reference value :  1.98029e-08
 Reference value :  1.99289e-08
 Reference value :  2.00539e-08
 Reference value :  2.01799e-08
 Reference value :  2.03039e-08
 Reference value :  2.04249e-08
 Reference value :  2.05459e-08
 Reference value :  2.06632e-08
 Reference value :  2.07557e-08
 Reference value :  2.08561e-08
 Reference value :  2.09781e-08
 Reference value :  2.11021e-08
 Reference value :  2.12241e-08
 Reference value :  2.13391e-08
 Reference value :  2.14610e-08
 Reference value :  2.15840e-08
 Reference value :  2.17080e-08
 Reference value :  2.18330e-08
 Reference value :  2.19559e-08
 Reference value :  2.20799e-08
 Reference value :  2.22019e-08
 Reference value :  2.23129e-08
 Reference value :  2.24309e-08
 Reference value :  2.25489e-08
 Reference value :  2.26699e-08
 Reference value :  2.27939e-08
 Reference value :  2.29099e-08
 Reference value :  2.30293e-08
 Reference value :  2.31553e-08
 Reference value :  2.32793e-08
 Reference value :  2.34033e-08
 Reference value :  2.35293e-08
 Reference value :  2.36573e-08
 Reference value :  2.37843e-08
 Reference value :  2.39103e-08
 Reference value :  2.40263e-08
 Reference value :  2.41403e-08
 Reference value :  2.42503e-08
 Reference value :  2.43683e-08
 Reference value :  2.44863e-08
 Reference value :  2.46063e-08
 Reference value :  2.47323e-08
 Reference value :  2.48573e-08
 Reference value :  2.49813e-08
 Reference value :  2.51053e-08
 Reference value :  2.52293e-08
 Reference value :  2.53523e-08
 Reference value :  2.54773e-08
 Reference value :  2.56053e-08
No. of Data Rows : 25887
binary raw file "waveform.raw"
ngspice-44.2 done
