
Note: No compatibility mode selected!


Circuit: * row_address_capture setup/hold screen: ff

Doing analysis at TEMP = 125.000000 and TNOM = 27.000000

Using SPARSE 1.3 as Direct Linear Solver

Initial Transient Solution
--------------------------

Node                                   Voltage
----                                   -------
vss                                          0
vdd                                        1.8
clk                                          0
d_a0_rise_m0500                              0
d_a0_rise_m0300                              0
d_a0_rise_m0200                              0
d_a0_rise_m0150                              0
d_a0_rise_m0100                              0
d_a0_rise_m0075                              0
d_a0_rise_m0050                              0
d_a0_rise_m0025                              0
d_a0_rise_p0000                              0
d_a0_rise_p0010                              0
d_a0_rise_p0025                              0
d_a0_rise_p0050                              0
d_a0_rise_p0100                              0
d_a0_rise_p0200                              0
d_a0_fall_m0500                            1.8
d_a0_fall_m0300                            1.8
d_a0_fall_m0200                            1.8
d_a0_fall_m0150                            1.8
d_a0_fall_m0100                            1.8
d_a0_fall_m0075                            1.8
d_a0_fall_m0050                            1.8
d_a0_fall_m0025                            1.8
d_a0_fall_p0000                            1.8
d_a0_fall_p0010                            1.8
d_a0_fall_p0025                            1.8
d_a0_fall_p0050                            1.8
d_a0_fall_p0100                            1.8
d_a0_fall_p0200                            1.8
d_a1_rise_m0500                              0
d_a1_rise_m0300                              0
d_a1_rise_m0200                              0
d_a1_rise_m0150                              0
d_a1_rise_m0100                              0
d_a1_rise_m0075                              0
d_a1_rise_m0050                              0
d_a1_rise_m0025                              0
d_a1_rise_p0000                              0
d_a1_rise_p0010                              0
d_a1_rise_p0025                              0
d_a1_rise_p0050                              0
d_a1_rise_p0100                              0
d_a1_rise_p0200                              0
d_a1_fall_m0500                            1.8
d_a1_fall_m0300                            1.8
d_a1_fall_m0200                            1.8
d_a1_fall_m0150                            1.8
d_a1_fall_m0100                            1.8
d_a1_fall_m0075                            1.8
d_a1_fall_m0050                            1.8
d_a1_fall_m0025                            1.8
d_a1_fall_p0000                            1.8
d_a1_fall_p0010                            1.8
d_a1_fall_p0025                            1.8
d_a1_fall_p0050                            1.8
d_a1_fall_p0100                            1.8
d_a1_fall_p0200                            1.8
q_a0_rise_m0500                            1.8
q_a0_rise_m0300                            1.8
q_a0_rise_m0200                            1.8
q_a0_rise_m0150                            1.8
q_a0_rise_m0100                            1.8
q_a0_rise_m0075                            1.8
q_a0_rise_m0050                            1.8
q_a0_rise_m0025                            1.8
q_a0_rise_p0000                            1.8
q_a0_rise_p0010                            1.8
q_a0_rise_p0025                            1.8
q_a0_rise_p0050                            1.8
q_a0_rise_p0100                            1.8
q_a0_rise_p0200                            1.8
q_a0_fall_m0500                            1.8
q_a0_fall_m0300                            1.8
q_a0_fall_m0200                            1.8
q_a0_fall_m0150                            1.8
q_a0_fall_m0100                            1.8
q_a0_fall_m0075                            1.8
q_a0_fall_m0050                            1.8
q_a0_fall_m0025                            1.8
q_a0_fall_p0000                            1.8
q_a0_fall_p0010                            1.8
q_a0_fall_p0025                            1.8
q_a0_fall_p0050                            1.8
q_a0_fall_p0100                            1.8
q_a0_fall_p0200                            1.8
q_a1_rise_m0500                            1.8
q_a1_rise_m0300                            1.8
q_a1_rise_m0200                            1.8
q_a1_rise_m0150                            1.8
q_a1_rise_m0100                            1.8
q_a1_rise_m0075                            1.8
q_a1_rise_m0050                            1.8
q_a1_rise_m0025                            1.8
q_a1_rise_p0000                            1.8
q_a1_rise_p0010                            1.8
q_a1_rise_p0025                            1.8
q_a1_rise_p0050                            1.8
q_a1_rise_p0100                            1.8
q_a1_rise_p0200                            1.8
q_a1_fall_m0500                            1.8
q_a1_fall_m0300                            1.8
q_a1_fall_m0200                            1.8
q_a1_fall_m0150                            1.8
q_a1_fall_m0100                            1.8
q_a1_fall_m0075                            1.8
q_a1_fall_m0050                            1.8
q_a1_fall_m0025                            1.8
q_a1_fall_p0000                            1.8
q_a1_fall_p0010                            1.8
q_a1_fall_p0025                            1.8
q_a1_fall_p0050                            1.8
q_a1_fall_p0100                            1.8
q_a1_fall_p0200                            1.8
va1_fall_p0200#branch                        0
va1_fall_p0100#branch                        0
va1_fall_p0050#branch                        0
va1_fall_p0025#branch                        0
va1_fall_p0010#branch                        0
va1_fall_p0000#branch                        0
va1_fall_m0025#branch                        0
va1_fall_m0050#branch                        0
va1_fall_m0075#branch                        0
va1_fall_m0100#branch                        0
va1_fall_m0150#branch                        0
va1_fall_m0200#branch                        0
va1_fall_m0300#branch                        0
va1_fall_m0500#branch                        0
va1_rise_p0200#branch                        0
va1_rise_p0100#branch                        0
va1_rise_p0050#branch                        0
va1_rise_p0025#branch                        0
va1_rise_p0010#branch                        0
va1_rise_p0000#branch                        0
va1_rise_m0025#branch                        0
va1_rise_m0050#branch                        0
va1_rise_m0075#branch                        0
va1_rise_m0100#branch                        0
va1_rise_m0150#branch                        0
va1_rise_m0200#branch                        0
va1_rise_m0300#branch                        0
va1_rise_m0500#branch                        0
va0_fall_p0200#branch                        0
va0_fall_p0100#branch                        0
va0_fall_p0050#branch                        0
va0_fall_p0025#branch                        0
va0_fall_p0010#branch                        0
va0_fall_p0000#branch                        0
va0_fall_m0025#branch                        0
va0_fall_m0050#branch                        0
va0_fall_m0075#branch                        0
va0_fall_m0100#branch                        0
va0_fall_m0150#branch                        0
va0_fall_m0200#branch                        0
va0_fall_m0300#branch                        0
va0_fall_m0500#branch                        0
va0_rise_p0200#branch                        0
va0_rise_p0100#branch                        0
va0_rise_p0050#branch                        0
va0_rise_p0025#branch                        0
va0_rise_p0010#branch                        0
va0_rise_p0000#branch                        0
va0_rise_m0025#branch                        0
va0_rise_m0050#branch                        0
va0_rise_m0075#branch                        0
va0_rise_m0100#branch                        0
va0_rise_m0150#branch                        0
va0_rise_m0200#branch                        0
va0_rise_m0300#branch                        0
va0_rise_m0500#branch                        0
vclk#branch                                  0
vdd_src#branch                    -4.95196e-07
vss_src#branch                    -6.73422e-13

 Reference value :  0.00000e+00
 Reference value :  1.28000e-12
 Reference value :  1.45600e-11
 Reference value :  2.25600e-11
 Reference value :  3.65600e-11
 Reference value :  5.05600e-11
 Reference value :  6.25600e-11
 Reference value :  7.65600e-11
 Reference value :  8.85600e-11
 Reference value :  1.02560e-10
 Reference value :  1.14560e-10
 Reference value :  1.26560e-10
 Reference value :  1.38560e-10
 Reference value :  1.48560e-10
 Reference value :  1.58560e-10
 Reference value :  1.70560e-10
 Reference value :  1.82560e-10
 Reference value :  1.90560e-10
 Reference value :  2.02560e-10
 Reference value :  2.16560e-10
 Reference value :  2.28560e-10
 Reference value :  2.40560e-10
 Reference value :  2.54560e-10
 Reference value :  2.68560e-10
 Reference value :  2.80560e-10
 Reference value :  2.94560e-10
 Reference value :  3.06560e-10
 Reference value :  3.18560e-10
 Reference value :  3.30560e-10
 Reference value :  3.44560e-10
 Reference value :  3.56560e-10
 Reference value :  3.68560e-10
 Reference value :  3.82560e-10
 Reference value :  3.96560e-10
 Reference value :  4.08560e-10
 Reference value :  4.22560e-10
 Reference value :  4.36560e-10
 Reference value :  4.48560e-10
 Reference value :  4.62560e-10
 Reference value :  4.76560e-10
 Reference value :  4.88560e-10
 Reference value :  5.02560e-10
 Reference value :  5.16560e-10
 Reference value :  5.30560e-10
 Reference value :  5.44560e-10
 Reference value :  5.56560e-10
 Reference value :  5.70560e-10
 Reference value :  5.84560e-10
 Reference value :  5.96560e-10
 Reference value :  6.10560e-10
 Reference value :  6.24560e-10
 Reference value :  6.36560e-10
 Reference value :  6.50560e-10
 Reference value :  6.64560e-10
 Reference value :  6.76560e-10
 Reference value :  6.88560e-10
 Reference value :  7.02560e-10
 Reference value :  7.14560e-10
 Reference value :  7.28560e-10
 Reference value :  7.42560e-10
 Reference value :  7.54560e-10
 Reference value :  7.68560e-10
 Reference value :  7.80560e-10
 Reference value :  7.92560e-10
 Reference value :  8.06560e-10
 Reference value :  8.18560e-10
 Reference value :  8.32560e-10
 Reference value :  8.46560e-10
 Reference value :  8.56560e-10
 Reference value :  8.70560e-10
 Reference value :  8.82560e-10
 Reference value :  8.94560e-10
 Reference value :  9.08560e-10
 Reference value :  9.20560e-10
 Reference value :  9.32560e-10
 Reference value :  9.46560e-10
 Reference value :  9.58560e-10
 Reference value :  9.70560e-10
 Reference value :  9.75600e-10
 Reference value :  9.82000e-10
 Reference value :  9.92000e-10
 Reference value :  1.00000e-09
 Reference value :  1.00800e-09
 Reference value :  1.01600e-09
 Reference value :  1.02500e-09
 Reference value :  1.03000e-09
 Reference value :  1.03800e-09
 Reference value :  1.04600e-09
 Reference value :  1.05600e-09
 Reference value :  1.06600e-09
 Reference value :  1.07600e-09
 Reference value :  1.08600e-09
 Reference value :  1.09600e-09
 Reference value :  1.10600e-09
 Reference value :  1.11400e-09
 Reference value :  1.12400e-09
 Reference value :  1.13400e-09
 Reference value :  1.14400e-09
 Reference value :  1.15400e-09
 Reference value :  1.16600e-09
 Reference value :  1.18000e-09
 Reference value :  1.19400e-09
 Reference value :  1.20600e-09
 Reference value :  1.21800e-09
 Reference value :  1.23000e-09
 Reference value :  1.24200e-09
 Reference value :  1.25400e-09
 Reference value :  1.26600e-09
 Reference value :  1.27600e-09
 Reference value :  1.28800e-09
 Reference value :  1.30000e-09
 Reference value :  1.31400e-09
 Reference value :  1.32400e-09
 Reference value :  1.33600e-09
 Reference value :  1.34600e-09
 Reference value :  1.35800e-09
 Reference value :  1.36800e-09
 Reference value :  1.37800e-09
 Reference value :  1.39000e-09
 Reference value :  1.40200e-09
 Reference value :  1.41400e-09
 Reference value :  1.42600e-09
 Reference value :  1.43800e-09
 Reference value :  1.45000e-09
 Reference value :  1.46200e-09
 Reference value :  1.47000e-09
 Reference value :  1.48200e-09
 Reference value :  1.49400e-09
 Reference value :  1.50600e-09
 Reference value :  1.51800e-09
 Reference value :  1.52800e-09
 Reference value :  1.54200e-09
 Reference value :  1.55400e-09
 Reference value :  1.56600e-09
 Reference value :  1.57800e-09
 Reference value :  1.59200e-09
 Reference value :  1.60400e-09
 Reference value :  1.61600e-09
 Reference value :  1.63000e-09
 Reference value :  1.64000e-09
 Reference value :  1.65200e-09
 Reference value :  1.66600e-09
 Reference value :  1.67800e-09
 Reference value :  1.68800e-09
 Reference value :  1.70200e-09
 Reference value :  1.71400e-09
 Reference value :  1.72800e-09
 Reference value :  1.74200e-09
 Reference value :  1.75600e-09
 Reference value :  1.77000e-09
 Reference value :  1.77800e-09
 Reference value :  1.79200e-09
 Reference value :  1.80200e-09
 Reference value :  1.81400e-09
 Reference value :  1.82400e-09
 Reference value :  1.83800e-09
 Reference value :  1.85200e-09
 Reference value :  1.86600e-09
 Reference value :  1.88000e-09
 Reference value :  1.89200e-09
 Reference value :  1.90400e-09
 Reference value :  1.91600e-09
 Reference value :  1.93000e-09
 Reference value :  1.94400e-09
 Reference value :  1.95600e-09
 Reference value :  1.97000e-09
 Reference value :  1.97640e-09
 Reference value :  1.98400e-09
 Reference value :  1.99400e-09
 Reference value :  2.00400e-09
 Reference value :  2.01400e-09
 Reference value :  2.02400e-09
 Reference value :  2.02800e-09
 Reference value :  2.03800e-09
 Reference value :  2.04800e-09
 Reference value :  2.05600e-09
 Reference value :  2.06600e-09
 Reference value :  2.07600e-09
 Reference value :  2.08600e-09
 Reference value :  2.09600e-09
 Reference value :  2.11000e-09
 Reference value :  2.12000e-09
 Reference value :  2.13200e-09
 Reference value :  2.14400e-09
 Reference value :  2.15600e-09
 Reference value :  2.17000e-09
 Reference value :  2.18200e-09
 Reference value :  2.19600e-09
 Reference value :  2.20800e-09
 Reference value :  2.22000e-09
 Reference value :  2.23200e-09
 Reference value :  2.24400e-09
 Reference value :  2.25600e-09
 Reference value :  2.26800e-09
 Reference value :  2.28000e-09
 Reference value :  2.29200e-09
 Reference value :  2.30200e-09
 Reference value :  2.31600e-09
 Reference value :  2.32800e-09
 Reference value :  2.34000e-09
 Reference value :  2.35400e-09
 Reference value :  2.36600e-09
 Reference value :  2.38000e-09
 Reference value :  2.39400e-09
 Reference value :  2.40600e-09
 Reference value :  2.41400e-09
 Reference value :  2.42800e-09
 Reference value :  2.44200e-09
 Reference value :  2.45600e-09
 Reference value :  2.47000e-09
 Reference value :  2.47640e-09
 Reference value :  2.48600e-09
 Reference value :  2.49600e-09
 Reference value :  2.50600e-09
 Reference value :  2.51600e-09
 Reference value :  2.52500e-09
 Reference value :  2.53000e-09
 Reference value :  2.54000e-09
 Reference value :  2.54800e-09
 Reference value :  2.55600e-09
 Reference value :  2.56600e-09
 Reference value :  2.57400e-09
 Reference value :  2.58200e-09
 Reference value :  2.59000e-09
 Reference value :  2.59800e-09
 Reference value :  2.60600e-09
 Reference value :  2.61400e-09
 Reference value :  2.62400e-09
 Reference value :  2.63600e-09
 Reference value :  2.64800e-09
 Reference value :  2.66000e-09
 Reference value :  2.67200e-09
 Reference value :  2.67560e-09
 Reference value :  2.68200e-09
 Reference value :  2.69200e-09
 Reference value :  2.69800e-09
 Reference value :  2.70600e-09
 Reference value :  2.71400e-09
 Reference value :  2.72000e-09
 Reference value :  2.72520e-09
 Reference value :  2.73000e-09
 Reference value :  2.73800e-09
 Reference value :  2.74600e-09
 Reference value :  2.75400e-09
 Reference value :  2.76200e-09
 Reference value :  2.77000e-09
 Reference value :  2.77520e-09
 Reference value :  2.78200e-09
 Reference value :  2.79000e-09
 Reference value :  2.80000e-09
 Reference value :  2.80800e-09
 Reference value :  2.81600e-09
 Reference value :  2.82500e-09
 Reference value :  2.82800e-09
 Reference value :  2.83600e-09
 Reference value :  2.84600e-09
 Reference value :  2.85400e-09
 Reference value :  2.86400e-09
 Reference value :  2.87200e-09
 Reference value :  2.87560e-09
 Reference value :  2.88400e-09
 Reference value :  2.89200e-09
 Reference value :  2.90000e-09
 Reference value :  2.90500e-09
 Reference value :  2.91500e-09
 Reference value :  2.92300e-09
 Reference value :  2.92800e-09
 Reference value :  2.93800e-09
 Reference value :  2.94800e-09
 Reference value :  2.95140e-09
 Reference value :  2.96100e-09
 Reference value :  2.97100e-09
 Reference value :  2.97560e-09
 Reference value :  2.98400e-09
 Reference value :  2.98800e-09
 Reference value :  2.99600e-09
 Reference value :  3.00140e-09
 Reference value :  3.01100e-09
 Reference value :  3.01900e-09
 Reference value :  3.02520e-09
 Reference value :  3.03200e-09
 Reference value :  3.03560e-09
 Reference value :  3.04400e-09
 Reference value :  3.05020e-09
 Reference value :  3.05700e-09
 Reference value :  3.06700e-09
 Reference value :  3.07500e-09
 Reference value :  3.08000e-09
 Reference value :  3.09000e-09
 Reference value :  3.09800e-09
 Reference value :  3.10600e-09
 Reference value :  3.11400e-09
 Reference value :  3.12200e-09
 Reference value :  3.12640e-09
 Reference value :  3.13200e-09
 Reference value :  3.14000e-09
 Reference value :  3.15000e-09
 Reference value :  3.15800e-09
 Reference value :  3.16800e-09
 Reference value :  3.17500e-09
 Reference value :  3.18000e-09
 Reference value :  3.19200e-09
 Reference value :  3.20200e-09
 Reference value :  3.21000e-09
 Reference value :  3.21800e-09
 Reference value :  3.22520e-09
 Reference value :  3.23000e-09
 Reference value :  3.23800e-09
 Reference value :  3.24800e-09
 Reference value :  3.26000e-09
 Reference value :  3.27200e-09
 Reference value :  3.28400e-09
 Reference value :  3.29600e-09
 Reference value :  3.31000e-09
 Reference value :  3.32200e-09
 Reference value :  3.33600e-09
 Reference value :  3.35000e-09
 Reference value :  3.36200e-09
 Reference value :  3.37600e-09
 Reference value :  3.39000e-09
 Reference value :  3.40200e-09
 Reference value :  3.41600e-09
 Reference value :  3.43000e-09
 Reference value :  3.44200e-09
 Reference value :  3.45600e-09
 Reference value :  3.47000e-09
 Reference value :  3.48400e-09
 Reference value :  3.49400e-09
 Reference value :  3.50800e-09
 Reference value :  3.52000e-09
 Reference value :  3.53200e-09
 Reference value :  3.54200e-09
 Reference value :  3.55400e-09
 Reference value :  3.56600e-09
 Reference value :  3.57800e-09
 Reference value :  3.58800e-09
 Reference value :  3.59800e-09
 Reference value :  3.60800e-09
 Reference value :  3.61600e-09
 Reference value :  3.62800e-09
 Reference value :  3.63800e-09
 Reference value :  3.64800e-09
 Reference value :  3.66000e-09
 Reference value :  3.67000e-09
 Reference value :  3.68000e-09
 Reference value :  3.69200e-09
 Reference value :  3.70400e-09
 Reference value :  3.71400e-09
 Reference value :  3.72400e-09
 Reference value :  3.73400e-09
 Reference value :  3.74400e-09
 Reference value :  3.75400e-09
 Reference value :  3.76400e-09
 Reference value :  3.77400e-09
 Reference value :  3.78600e-09
 Reference value :  3.79800e-09
 Reference value :  3.81000e-09
 Reference value :  3.82200e-09
 Reference value :  3.83600e-09
 Reference value :  3.84800e-09
 Reference value :  3.86000e-09
 Reference value :  3.87200e-09
 Reference value :  3.88400e-09
 Reference value :  3.89600e-09
 Reference value :  3.90800e-09
 Reference value :  3.92000e-09
 Reference value :  3.93000e-09
 Reference value :  3.94200e-09
 Reference value :  3.95400e-09
 Reference value :  3.96600e-09
 Reference value :  3.97520e-09
 Reference value :  3.98200e-09
 Reference value :  3.99200e-09
 Reference value :  4.00200e-09
 Reference value :  4.01200e-09
 Reference value :  4.02200e-09
 Reference value :  4.02640e-09
 Reference value :  4.03600e-09
 Reference value :  4.04600e-09
 Reference value :  4.05600e-09
 Reference value :  4.06600e-09
 Reference value :  4.07600e-09
 Reference value :  4.08400e-09
 Reference value :  4.09400e-09
 Reference value :  4.10400e-09
 Reference value :  4.11400e-09
 Reference value :  4.12400e-09
 Reference value :  4.13400e-09
 Reference value :  4.14400e-09
 Reference value :  4.15600e-09
 Reference value :  4.16800e-09
 Reference value :  4.18000e-09
 Reference value :  4.19400e-09
 Reference value :  4.20600e-09
 Reference value :  4.21800e-09
 Reference value :  4.23200e-09
 Reference value :  4.24600e-09
 Reference value :  4.26000e-09
 Reference value :  4.27200e-09
 Reference value :  4.28400e-09
 Reference value :  4.29600e-09
 Reference value :  4.30800e-09
 Reference value :  4.32000e-09
 Reference value :  4.33200e-09
 Reference value :  4.34400e-09
 Reference value :  4.35600e-09
 Reference value :  4.36800e-09
 Reference value :  4.38000e-09
 Reference value :  4.39200e-09
 Reference value :  4.40400e-09
 Reference value :  4.41600e-09
 Reference value :  4.42800e-09
 Reference value :  4.44200e-09
 Reference value :  4.45200e-09
 Reference value :  4.45800e-09
 Reference value :  4.47200e-09
 Reference value :  4.48400e-09
 Reference value :  4.49400e-09
No. of Data Rows : 2332
binary raw file "/work/sims/row_decoder/results/row_address_setup_hold_tt_ss_ff_20261010/ff/waveform.raw"
ngspice-44.2 done
