
Note: No compatibility mode selected!


Circuit: ** sch_path: /work/sims/row_decoder/tb_row_decoder_sizing.sch

Doing analysis at TEMP = 27.000000 and TNOM = 27.000000

Using SPARSE 1.3 as Direct Linear Solver
Operating point simulation skipped by 'uic',
  now using transient initial conditions.
 Reference value :  5.00000e-14
 Reference value :  1.07104e-09
 Reference value :  2.36104e-09
 Reference value :  3.70604e-09
 Reference value :  5.02250e-09
 Reference value :  6.26750e-09
 Reference value :  7.59750e-09
 Reference value :  8.94250e-09
 Reference value :  1.01825e-08
 Reference value :  1.16125e-08
 Reference value :  1.29275e-08
 Reference value :  1.44025e-08
 Reference value :  1.59525e-08
 Reference value :  1.73175e-08
 Reference value :  1.86975e-08
 Reference value :  1.99875e-08
 Reference value :  2.12525e-08
 Reference value :  2.25325e-08
 Reference value :  2.36875e-08
 Reference value :  2.48725e-08
 Reference value :  2.60775e-08
 Reference value :  2.75125e-08
 Reference value :  2.87425e-08
 Reference value :  2.98825e-08
No. of Data Rows : 6042
binary raw file "waveform.raw"
ngspice-44.2 done
