
Note: No compatibility mode selected!


Circuit: ** sch_path: /work/sims/row_decoder/tb_row_decoder_sizing.sch

Doing analysis at TEMP = 27.000000 and TNOM = 27.000000

Using SPARSE 1.3 as Direct Linear Solver
Operating point simulation skipped by 'uic',
  now using transient initial conditions.
 Reference value :  5.00000e-14
 Reference value :  2.50450e-09
 Reference value :  5.05850e-09
 Reference value :  7.70650e-09
 Reference value :  1.03065e-08
 Reference value :  1.28705e-08
 Reference value :  1.54295e-08
 Reference value :  1.80785e-08
 Reference value :  2.05725e-08
 Reference value :  2.31905e-08
 Reference value :  2.58315e-08
 Reference value :  2.84695e-08
No. of Data Rows : 30035
binary raw file "waveform.raw"
ngspice-44.2 done
