
Note: No compatibility mode selected!


Circuit: ** sch_path: /work/sims/row_decoder/tb_row_decoder_sizing.sch

Doing analysis at TEMP = 27.000000 and TNOM = 27.000000

Using SPARSE 1.3 as Direct Linear Solver
Operating point simulation skipped by 'uic',
  now using transient initial conditions.
 Reference value :  5.00000e-14
 Reference value :  3.52744e-11
 Reference value :  1.52274e-10
 Reference value :  2.67239e-10
 Reference value :  3.98807e-10
 Reference value :  5.29589e-10
 Reference value :  6.52589e-10
 Reference value :  7.85465e-10
 Reference value :  9.27906e-10
 Reference value :  1.07105e-09
 Reference value :  1.21598e-09
 Reference value :  1.35498e-09
 Reference value :  1.51185e-09
 Reference value :  1.67585e-09
 Reference value :  1.82268e-09
 Reference value :  1.98368e-09
 Reference value :  2.13668e-09
 Reference value :  2.29368e-09
 Reference value :  2.45068e-09
 Reference value :  2.61368e-09
 Reference value :  2.75068e-09
 Reference value :  2.89868e-09
 Reference value :  3.05068e-09
 Reference value :  3.20568e-09
 Reference value :  3.36068e-09
 Reference value :  3.51668e-09
 Reference value :  3.67468e-09
 Reference value :  3.83868e-09
 Reference value :  4.00168e-09
 Reference value :  4.16568e-09
 Reference value :  4.33168e-09
 Reference value :  4.49568e-09
 Reference value :  4.65968e-09
 Reference value :  4.82268e-09
 Reference value :  4.97548e-09
 Reference value :  5.12082e-09
 Reference value :  5.28282e-09
 Reference value :  5.43973e-09
 Reference value :  5.58273e-09
 Reference value :  5.72973e-09
 Reference value :  5.87550e-09
 Reference value :  6.02850e-09
 Reference value :  6.18841e-09
 Reference value :  6.35041e-09
 Reference value :  6.50841e-09
 Reference value :  6.66266e-09
 Reference value :  6.82466e-09
 Reference value :  6.98658e-09
 Reference value :  7.13958e-09
 Reference value :  7.29858e-09
 Reference value :  7.46158e-09
 Reference value :  7.62658e-09
 Reference value :  7.77858e-09
 Reference value :  7.93258e-09
 Reference value :  8.08758e-09
 Reference value :  8.24358e-09
 Reference value :  8.39958e-09
 Reference value :  8.55858e-09
 Reference value :  8.72158e-09
 Reference value :  8.88358e-09
 Reference value :  9.04758e-09
 Reference value :  9.21158e-09
 Reference value :  9.37558e-09
 Reference value :  9.52358e-09
 Reference value :  9.68158e-09
 Reference value :  9.83858e-09
 Reference value :  9.99000e-09
 Reference value :  1.01384e-08
 Reference value :  1.03003e-08
 Reference value :  1.04583e-08
 Reference value :  1.06063e-08
 Reference value :  1.07633e-08
 Reference value :  1.09203e-08
 Reference value :  1.10773e-08
 Reference value :  1.12373e-08
 Reference value :  1.14003e-08
 Reference value :  1.15542e-08
 Reference value :  1.17112e-08
 Reference value :  1.18742e-08
 Reference value :  1.20312e-08
 Reference value :  1.21792e-08
 Reference value :  1.23250e-08
 Reference value :  1.24880e-08
 Reference value :  1.26530e-08
 Reference value :  1.28180e-08
 Reference value :  1.29760e-08
 Reference value :  1.31310e-08
 Reference value :  1.32740e-08
 Reference value :  1.34290e-08
 Reference value :  1.35870e-08
 Reference value :  1.37490e-08
 Reference value :  1.39140e-08
 Reference value :  1.40780e-08
 Reference value :  1.42420e-08
 Reference value :  1.44070e-08
 Reference value :  1.45670e-08
 Reference value :  1.47230e-08
 Reference value :  1.48810e-08
 Reference value :  1.50251e-08
 Reference value :  1.51698e-08
 Reference value :  1.53189e-08
 Reference value :  1.54555e-08
 Reference value :  1.56055e-08
 Reference value :  1.57555e-08
 Reference value :  1.58935e-08
 Reference value :  1.60475e-08
 Reference value :  1.62054e-08
 Reference value :  1.63684e-08
 Reference value :  1.65294e-08
 Reference value :  1.66767e-08
 Reference value :  1.68407e-08
 Reference value :  1.69974e-08
 Reference value :  1.71534e-08
 Reference value :  1.73134e-08
 Reference value :  1.74614e-08
 Reference value :  1.76224e-08
 Reference value :  1.77874e-08
 Reference value :  1.79454e-08
 Reference value :  1.81014e-08
 Reference value :  1.82574e-08
 Reference value :  1.84154e-08
 Reference value :  1.85764e-08
 Reference value :  1.87404e-08
 Reference value :  1.89054e-08
 Reference value :  1.90704e-08
 Reference value :  1.92354e-08
 Reference value :  1.94014e-08
 Reference value :  1.95644e-08
 Reference value :  1.97254e-08
 Reference value :  1.98874e-08
 Reference value :  2.00504e-08
 Reference value :  2.02054e-08
 Reference value :  2.03684e-08
 Reference value :  2.05254e-08
 Reference value :  2.06824e-08
 Reference value :  2.08424e-08
 Reference value :  2.09974e-08
 Reference value :  2.11584e-08
 Reference value :  2.13224e-08
 Reference value :  2.14814e-08
 Reference value :  2.16464e-08
 Reference value :  2.18114e-08
 Reference value :  2.19732e-08
 Reference value :  2.21066e-08
 Reference value :  2.22656e-08
 Reference value :  2.24215e-08
 Reference value :  2.25775e-08
 Reference value :  2.27385e-08
 Reference value :  2.29005e-08
 Reference value :  2.30445e-08
 Reference value :  2.31945e-08
 Reference value :  2.33465e-08
 Reference value :  2.34985e-08
 Reference value :  2.36414e-08
 Reference value :  2.37854e-08
 Reference value :  2.39453e-08
 Reference value :  2.41093e-08
 Reference value :  2.42500e-08
 Reference value :  2.44150e-08
 Reference value :  2.45760e-08
 Reference value :  2.47380e-08
 Reference value :  2.48990e-08
 Reference value :  2.50610e-08
 Reference value :  2.52260e-08
 Reference value :  2.53890e-08
 Reference value :  2.55450e-08
 Reference value :  2.57010e-08
 Reference value :  2.58590e-08
 Reference value :  2.60160e-08
 Reference value :  2.61780e-08
 Reference value :  2.63410e-08
 Reference value :  2.65050e-08
 Reference value :  2.66690e-08
 Reference value :  2.68330e-08
 Reference value :  2.69970e-08
No. of Data Rows : 27181
binary raw file "waveform.raw"
ngspice-44.2 done
