
Note: No compatibility mode selected!


Circuit: ** sch_path: /work/sims/row_decoder/tb_row_decoder_sizing.sch

Doing analysis at TEMP = 27.000000 and TNOM = 27.000000

Using SPARSE 1.3 as Direct Linear Solver
Operating point simulation skipped by 'uic',
  now using transient initial conditions.
 Reference value :  5.00000e-14
 Reference value :  2.39050e-09
 Reference value :  5.12950e-09
 Reference value :  7.82650e-09
 Reference value :  1.03945e-08
 Reference value :  1.30885e-08
 Reference value :  1.55575e-08
 Reference value :  1.79785e-08
 Reference value :  2.06255e-08
 Reference value :  2.32125e-08
 Reference value :  2.58085e-08
 Reference value :  2.85605e-08
No. of Data Rows : 30041
binary raw file "waveform.raw"
ngspice-44.2 done
