
Note: No compatibility mode selected!


Circuit: ** sch_path: /work/sims/row_decoder/tb_row_decoder_sizing.sch

Doing analysis at TEMP = -40.000000 and TNOM = 27.000000

Using SPARSE 1.3 as Direct Linear Solver
Operating point simulation skipped by 'uic',
  now using transient initial conditions.
 Reference value :  5.00000e-14
 Reference value :  8.89500e-10
 Reference value :  1.83350e-09
 Reference value :  2.72950e-09
 Reference value :  3.63550e-09
 Reference value :  4.54150e-09
 Reference value :  5.38050e-09
 Reference value :  6.28550e-09
 Reference value :  7.20250e-09
 Reference value :  7.99650e-09
 Reference value :  8.86550e-09
 Reference value :  9.82750e-09
 Reference value :  1.07835e-08
 Reference value :  1.18235e-08
 Reference value :  1.27365e-08
 Reference value :  1.37285e-08
 Reference value :  1.46985e-08
 Reference value :  1.56405e-08
 Reference value :  1.65445e-08
 Reference value :  1.74365e-08
 Reference value :  1.83565e-08
 Reference value :  1.92745e-08
 Reference value :  2.01335e-08
 Reference value :  2.09285e-08
 Reference value :  2.18515e-08
 Reference value :  2.27665e-08
 Reference value :  2.36905e-08
 Reference value :  2.45485e-08
 Reference value :  2.53735e-08
 Reference value :  2.62985e-08
 Reference value :  2.72615e-08
 Reference value :  2.81755e-08
 Reference value :  2.90705e-08
 Reference value :  2.98765e-08
No. of Data Rows : 30041
binary raw file "waveform.raw"
ngspice-44.2 done

Checking parameters for BSIM 4.5 model x5.xmn1:nshort_model.48
Warning: Eta0 = -0.0286127 is negative.

Checking parameters for BSIM 4.5 model x4.xmn1:nshort_model.48
Warning: Eta0 = -0.0286127 is negative.

Checking parameters for BSIM 4.5 model x3.xmn1:nshort_model.48
Warning: Eta0 = -0.0286127 is negative.

Checking parameters for BSIM 4.5 model x2.xmn1:nshort_model.48
Warning: Eta0 = -0.0286127 is negative.
