
Note: No compatibility mode selected!


Circuit: ** sch_path: /work/sims/row_decoder/tb_row_decoder_sizing.sch

Doing analysis at TEMP = 27.000000 and TNOM = 27.000000

Using SPARSE 1.3 as Direct Linear Solver
Operating point simulation skipped by 'uic',
  now using transient initial conditions.
 Reference value :  5.00000e-14
 Reference value :  6.69500e-10
 Reference value :  1.37350e-09
 Reference value :  2.07750e-09
 Reference value :  2.69550e-09
 Reference value :  3.37150e-09
 Reference value :  4.09350e-09
 Reference value :  4.76350e-09
 Reference value :  5.44250e-09
 Reference value :  6.09350e-09
 Reference value :  6.74850e-09
 Reference value :  7.46550e-09
 Reference value :  8.11450e-09
 Reference value :  8.77950e-09
 Reference value :  9.44450e-09
 Reference value :  1.01335e-08
 Reference value :  1.07565e-08
 Reference value :  1.14625e-08
 Reference value :  1.21275e-08
 Reference value :  1.28095e-08
 Reference value :  1.35145e-08
 Reference value :  1.41295e-08
 Reference value :  1.47855e-08
 Reference value :  1.54585e-08
 Reference value :  1.61355e-08
 Reference value :  1.68525e-08
 Reference value :  1.75115e-08
 Reference value :  1.82035e-08
 Reference value :  1.88965e-08
 Reference value :  1.95475e-08
 Reference value :  2.01295e-08
 Reference value :  2.08225e-08
 Reference value :  2.15255e-08
 Reference value :  2.22205e-08
 Reference value :  2.29405e-08
 Reference value :  2.35995e-08
 Reference value :  2.42405e-08
 Reference value :  2.48975e-08
 Reference value :  2.55165e-08
 Reference value :  2.62325e-08
 Reference value :  2.69055e-08
 Reference value :  2.76425e-08
 Reference value :  2.83355e-08
 Reference value :  2.90285e-08
 Reference value :  2.97115e-08
No. of Data Rows : 30044
binary raw file "waveform.raw"
ngspice-44.2 done
