
Note: No compatibility mode selected!


Circuit: ** sch_path: /work/sims/row_decoder/tb_row_decoder_sizing.sch

Doing analysis at TEMP = 27.000000 and TNOM = 27.000000

Using SPARSE 1.3 as Direct Linear Solver
Operating point simulation skipped by 'uic',
  now using transient initial conditions.
 Reference value :  5.00000e-14
 Reference value :  3.25500e-10
 Reference value :  6.11500e-10
 Reference value :  9.16500e-10
 Reference value :  1.29250e-09
 Reference value :  1.66150e-09
 Reference value :  1.96650e-09
 Reference value :  2.26550e-09
 Reference value :  2.55450e-09
 Reference value :  2.87050e-09
 Reference value :  3.23350e-09
 Reference value :  3.59650e-09
 Reference value :  3.99150e-09
 Reference value :  4.33350e-09
 Reference value :  4.66150e-09
 Reference value :  4.97570e-09
 Reference value :  5.32450e-09
 Reference value :  5.67850e-09
 Reference value :  6.01550e-09
 Reference value :  6.36350e-09
 Reference value :  6.72850e-09
 Reference value :  7.02850e-09
 Reference value :  7.38250e-09
 Reference value :  7.71550e-09
 Reference value :  8.01050e-09
 Reference value :  8.31650e-09
 Reference value :  8.68450e-09
 Reference value :  9.01850e-09
 Reference value :  9.32850e-09
 Reference value :  9.63750e-09
 Reference value :  9.98650e-09
 Reference value :  1.03295e-08
 Reference value :  1.06845e-08
 Reference value :  1.10505e-08
 Reference value :  1.14125e-08
 Reference value :  1.18025e-08
 Reference value :  1.21275e-08
 Reference value :  1.24815e-08
 Reference value :  1.28205e-08
 Reference value :  1.31665e-08
 Reference value :  1.34575e-08
 Reference value :  1.38005e-08
 Reference value :  1.41375e-08
 Reference value :  1.44905e-08
 Reference value :  1.48385e-08
 Reference value :  1.51815e-08
 Reference value :  1.55405e-08
 Reference value :  1.58615e-08
 Reference value :  1.62315e-08
 Reference value :  1.65955e-08
 Reference value :  1.69435e-08
 Reference value :  1.73155e-08
 Reference value :  1.76815e-08
 Reference value :  1.80165e-08
 Reference value :  1.83725e-08
 Reference value :  1.87235e-08
 Reference value :  1.90405e-08
 Reference value :  1.93785e-08
 Reference value :  1.97425e-08
 Reference value :  2.00905e-08
 Reference value :  2.04565e-08
 Reference value :  2.07815e-08
 Reference value :  2.11195e-08
 Reference value :  2.14575e-08
 Reference value :  2.17765e-08
 Reference value :  2.20925e-08
 Reference value :  2.24485e-08
 Reference value :  2.27925e-08
 Reference value :  2.31535e-08
 Reference value :  2.34995e-08
 Reference value :  2.38245e-08
 Reference value :  2.41795e-08
 Reference value :  2.45015e-08
 Reference value :  2.48515e-08
 Reference value :  2.51815e-08
 Reference value :  2.55575e-08
 Reference value :  2.59015e-08
 Reference value :  2.62495e-08
 Reference value :  2.66015e-08
 Reference value :  2.69465e-08
 Reference value :  2.72935e-08
 Reference value :  2.76375e-08
 Reference value :  2.79815e-08
 Reference value :  2.83365e-08
 Reference value :  2.86905e-08
 Reference value :  2.90565e-08
 Reference value :  2.93935e-08
 Reference value :  2.97475e-08
No. of Data Rows : 30045
binary raw file "waveform.raw"
ngspice-44.2 done
