
Note: No compatibility mode selected!


Circuit: ** sch_path: /work/sims/row_decoder/tb_row_decoder_sizing.sch

Doing analysis at TEMP = 27.000000 and TNOM = 27.000000

Using SPARSE 1.3 as Direct Linear Solver
Operating point simulation skipped by 'uic',
  now using transient initial conditions.
 Reference value :  5.00000e-14
 Reference value :  6.49500e-10
 Reference value :  1.28850e-09
 Reference value :  1.97050e-09
 Reference value :  2.63750e-09
 Reference value :  3.30550e-09
 Reference value :  4.02550e-09
 Reference value :  4.68450e-09
 Reference value :  5.29350e-09
 Reference value :  5.95850e-09
 Reference value :  6.61150e-09
 Reference value :  7.29150e-09
 Reference value :  7.97650e-09
 Reference value :  8.70750e-09
 Reference value :  9.41550e-09
 Reference value :  1.01065e-08
 Reference value :  1.07295e-08
 Reference value :  1.14305e-08
 Reference value :  1.20915e-08
 Reference value :  1.27945e-08
 Reference value :  1.34415e-08
 Reference value :  1.41235e-08
 Reference value :  1.47805e-08
 Reference value :  1.54665e-08
 Reference value :  1.61795e-08
 Reference value :  1.69005e-08
 Reference value :  1.74945e-08
 Reference value :  1.81955e-08
 Reference value :  1.88815e-08
 Reference value :  1.95105e-08
 Reference value :  2.01875e-08
 Reference value :  2.09045e-08
 Reference value :  2.15425e-08
 Reference value :  2.22505e-08
 Reference value :  2.29425e-08
 Reference value :  2.36105e-08
 Reference value :  2.42785e-08
 Reference value :  2.49325e-08
 Reference value :  2.56095e-08
 Reference value :  2.62865e-08
 Reference value :  2.69735e-08
 Reference value :  2.76165e-08
 Reference value :  2.83235e-08
 Reference value :  2.89695e-08
 Reference value :  2.96685e-08
No. of Data Rows : 30044
binary raw file "waveform.raw"
ngspice-44.2 done
